# ==========================================================================
# RECONSTRUCTED training log  --  Attention_UNet  --  Dataset_large_tumor
# Source: logs/metrics.csv (+ run_config.json, run_summary.json)
# The original console log was not persisted for this architecture.
# Per-epoch values below are EXACT (from metrics.csv).
# Per-epoch wall-clock timestamps were not recorded and are omitted.
# Line format matches UNet_BCE train.log for cross-model comparison.
# ==========================================================================
[INFO] Model: AttentionUNet3D | params=35.575M
[INFO] System: NVIDIA GeForce RTX 4070 Ti SUPER | torch=2.5.1+cu124 | cuda=12.4
[INFO] Config: epochs=500, batch_size=1, lr=0.001, loss=dice_ce, scheduler=poly, seed=42, amp=True
[INFO] Loaded 65 train / 16 val studies
Epoch 001/500 | train_loss=0.8175 | val_dice=0.0027 | val_iou=0.0014 | val_f1=0.0027 | val_acc=0.9883 | lr=0.000200
Epoch 002/500 | train_loss=0.7998 | val_dice=0.0000 | val_iou=0.0000 | val_f1=0.0000 | val_acc=0.9904 | lr=0.000400
Epoch 003/500 | train_loss=0.7803 | val_dice=0.0000 | val_iou=0.0000 | val_f1=0.0000 | val_acc=0.9910 | lr=0.000600
Epoch 004/500 | train_loss=0.7533 | val_dice=0.0000 | val_iou=0.0000 | val_f1=0.0000 | val_acc=0.9913 | lr=0.000800
Epoch 005/500 | train_loss=0.7172 | val_dice=0.0000 | val_iou=0.0000 | val_f1=0.0000 | val_acc=0.9914 | lr=0.001000
Epoch 006/500 | train_loss=0.6763 | val_dice=0.0000 | val_iou=0.0000 | val_f1=0.0000 | val_acc=0.9913 | lr=0.000991
Epoch 007/500 | train_loss=0.6375 | val_dice=0.0000 | val_iou=0.0000 | val_f1=0.0000 | val_acc=0.9918 | lr=0.000989
Epoch 008/500 | train_loss=0.5974 | val_dice=0.0000 | val_iou=0.0000 | val_f1=0.0000 | val_acc=0.9918 | lr=0.000987
Epoch 009/500 | train_loss=0.5356 | val_dice=0.4300 | val_iou=0.2926 | val_f1=0.4300 | val_acc=0.9918 | lr=0.000986
Epoch 010/500 | train_loss=0.4654 | val_dice=0.4491 | val_iou=0.3046 | val_f1=0.4491 | val_acc=0.9907 | lr=0.000984
Epoch 011/500 | train_loss=0.4215 | val_dice=0.3773 | val_iou=0.2448 | val_f1=0.3773 | val_acc=0.9820 | lr=0.000982
Epoch 012/500 | train_loss=0.3764 | val_dice=0.4055 | val_iou=0.2692 | val_f1=0.4055 | val_acc=0.9872 | lr=0.000980
Epoch 013/500 | train_loss=0.3640 | val_dice=0.4264 | val_iou=0.2867 | val_f1=0.4264 | val_acc=0.9866 | lr=0.000978
Epoch 014/500 | train_loss=0.3499 | val_dice=0.4446 | val_iou=0.3033 | val_f1=0.4446 | val_acc=0.9890 | lr=0.000977
Epoch 015/500 | train_loss=0.3494 | val_dice=0.4003 | val_iou=0.2631 | val_f1=0.4003 | val_acc=0.9856 | lr=0.000975
Epoch 016/500 | train_loss=0.3453 | val_dice=0.4414 | val_iou=0.2983 | val_f1=0.4414 | val_acc=0.9892 | lr=0.000973
Epoch 017/500 | train_loss=0.3427 | val_dice=0.4431 | val_iou=0.2989 | val_f1=0.4431 | val_acc=0.9874 | lr=0.000971
Epoch 018/500 | train_loss=0.3402 | val_dice=0.4928 | val_iou=0.3468 | val_f1=0.4928 | val_acc=0.9915 | lr=0.000969
Epoch 019/500 | train_loss=0.3300 | val_dice=0.4852 | val_iou=0.3376 | val_f1=0.4852 | val_acc=0.9910 | lr=0.000968
Epoch 020/500 | train_loss=0.3396 | val_dice=0.4713 | val_iou=0.3261 | val_f1=0.4713 | val_acc=0.9904 | lr=0.000966
Epoch 021/500 | train_loss=0.3317 | val_dice=0.5095 | val_iou=0.3586 | val_f1=0.5095 | val_acc=0.9910 | lr=0.000964
Epoch 022/500 | train_loss=0.3245 | val_dice=0.4495 | val_iou=0.3043 | val_f1=0.4495 | val_acc=0.9864 | lr=0.000962
Epoch 023/500 | train_loss=0.3297 | val_dice=0.4812 | val_iou=0.3315 | val_f1=0.4812 | val_acc=0.9891 | lr=0.000960
Epoch 024/500 | train_loss=0.3193 | val_dice=0.4568 | val_iou=0.3132 | val_f1=0.4568 | val_acc=0.9905 | lr=0.000959
Epoch 025/500 | train_loss=0.3252 | val_dice=0.5053 | val_iou=0.3559 | val_f1=0.5053 | val_acc=0.9914 | lr=0.000957
Epoch 026/500 | train_loss=0.3109 | val_dice=0.5045 | val_iou=0.3543 | val_f1=0.5045 | val_acc=0.9910 | lr=0.000955
Epoch 027/500 | train_loss=0.3163 | val_dice=0.5047 | val_iou=0.3597 | val_f1=0.5047 | val_acc=0.9922 | lr=0.000953
Epoch 028/500 | train_loss=0.3078 | val_dice=0.5239 | val_iou=0.3728 | val_f1=0.5239 | val_acc=0.9915 | lr=0.000951
Epoch 029/500 | train_loss=0.3096 | val_dice=0.4937 | val_iou=0.3505 | val_f1=0.4937 | val_acc=0.9914 | lr=0.000949
Epoch 030/500 | train_loss=0.3031 | val_dice=0.5167 | val_iou=0.3699 | val_f1=0.5167 | val_acc=0.9922 | lr=0.000948
Epoch 031/500 | train_loss=0.3080 | val_dice=0.4786 | val_iou=0.3299 | val_f1=0.4786 | val_acc=0.9900 | lr=0.000946
Epoch 032/500 | train_loss=0.3041 | val_dice=0.5072 | val_iou=0.3547 | val_f1=0.5072 | val_acc=0.9909 | lr=0.000944
Epoch 033/500 | train_loss=0.3048 | val_dice=0.5259 | val_iou=0.3777 | val_f1=0.5259 | val_acc=0.9915 | lr=0.000942
Epoch 034/500 | train_loss=0.3209 | val_dice=0.4927 | val_iou=0.3458 | val_f1=0.4927 | val_acc=0.9903 | lr=0.000940
Epoch 035/500 | train_loss=0.3017 | val_dice=0.4959 | val_iou=0.3463 | val_f1=0.4959 | val_acc=0.9902 | lr=0.000939
Epoch 036/500 | train_loss=0.2895 | val_dice=0.4837 | val_iou=0.3387 | val_f1=0.4837 | val_acc=0.9910 | lr=0.000937
Epoch 037/500 | train_loss=0.2883 | val_dice=0.5038 | val_iou=0.3561 | val_f1=0.5038 | val_acc=0.9907 | lr=0.000935
Epoch 038/500 | train_loss=0.2955 | val_dice=0.5313 | val_iou=0.3796 | val_f1=0.5313 | val_acc=0.9924 | lr=0.000933
Epoch 039/500 | train_loss=0.2886 | val_dice=0.5387 | val_iou=0.3881 | val_f1=0.5387 | val_acc=0.9919 | lr=0.000931
Epoch 040/500 | train_loss=0.2979 | val_dice=0.5047 | val_iou=0.3541 | val_f1=0.5047 | val_acc=0.9899 | lr=0.000930
Epoch 041/500 | train_loss=0.2987 | val_dice=0.5515 | val_iou=0.3990 | val_f1=0.5515 | val_acc=0.9923 | lr=0.000928
Epoch 042/500 | train_loss=0.2929 | val_dice=0.5688 | val_iou=0.4151 | val_f1=0.5688 | val_acc=0.9926 | lr=0.000926
Epoch 043/500 | train_loss=0.2777 | val_dice=0.5186 | val_iou=0.3639 | val_f1=0.5186 | val_acc=0.9902 | lr=0.000924
Epoch 044/500 | train_loss=0.2816 | val_dice=0.5149 | val_iou=0.3634 | val_f1=0.5149 | val_acc=0.9911 | lr=0.000922
Epoch 045/500 | train_loss=0.2842 | val_dice=0.5164 | val_iou=0.3611 | val_f1=0.5164 | val_acc=0.9895 | lr=0.000920
Epoch 046/500 | train_loss=0.2861 | val_dice=0.5290 | val_iou=0.3748 | val_f1=0.5290 | val_acc=0.9908 | lr=0.000919
Epoch 047/500 | train_loss=0.2940 | val_dice=0.5222 | val_iou=0.3672 | val_f1=0.5222 | val_acc=0.9906 | lr=0.000917
Epoch 048/500 | train_loss=0.2737 | val_dice=0.5619 | val_iou=0.4079 | val_f1=0.5619 | val_acc=0.9920 | lr=0.000915
Epoch 049/500 | train_loss=0.2791 | val_dice=0.5425 | val_iou=0.3914 | val_f1=0.5425 | val_acc=0.9920 | lr=0.000913
Epoch 050/500 | train_loss=0.2670 | val_dice=0.5352 | val_iou=0.3850 | val_f1=0.5352 | val_acc=0.9917 | lr=0.000911
Epoch 051/500 | train_loss=0.2718 | val_dice=0.5348 | val_iou=0.3831 | val_f1=0.5348 | val_acc=0.9913 | lr=0.000910
Epoch 052/500 | train_loss=0.2779 | val_dice=0.5686 | val_iou=0.4148 | val_f1=0.5686 | val_acc=0.9916 | lr=0.000908
Epoch 053/500 | train_loss=0.2697 | val_dice=0.5852 | val_iou=0.4330 | val_f1=0.5852 | val_acc=0.9931 | lr=0.000906
Epoch 054/500 | train_loss=0.2678 | val_dice=0.5550 | val_iou=0.4001 | val_f1=0.5550 | val_acc=0.9912 | lr=0.000904
Epoch 055/500 | train_loss=0.2822 | val_dice=0.5560 | val_iou=0.4014 | val_f1=0.5560 | val_acc=0.9917 | lr=0.000902
Epoch 056/500 | train_loss=0.2731 | val_dice=0.5671 | val_iou=0.4148 | val_f1=0.5671 | val_acc=0.9923 | lr=0.000900
Epoch 057/500 | train_loss=0.2710 | val_dice=0.5515 | val_iou=0.4020 | val_f1=0.5515 | val_acc=0.9931 | lr=0.000899
Epoch 058/500 | train_loss=0.2741 | val_dice=0.5362 | val_iou=0.3789 | val_f1=0.5362 | val_acc=0.9906 | lr=0.000897
Epoch 059/500 | train_loss=0.2686 | val_dice=0.5555 | val_iou=0.4060 | val_f1=0.5555 | val_acc=0.9929 | lr=0.000895
Epoch 060/500 | train_loss=0.2628 | val_dice=0.5473 | val_iou=0.3931 | val_f1=0.5473 | val_acc=0.9910 | lr=0.000893
Epoch 061/500 | train_loss=0.2698 | val_dice=0.5646 | val_iou=0.4121 | val_f1=0.5646 | val_acc=0.9918 | lr=0.000891
Epoch 062/500 | train_loss=0.2555 | val_dice=0.5451 | val_iou=0.3942 | val_f1=0.5451 | val_acc=0.9917 | lr=0.000889
Epoch 063/500 | train_loss=0.2583 | val_dice=0.5421 | val_iou=0.3946 | val_f1=0.5421 | val_acc=0.9925 | lr=0.000888
Epoch 064/500 | train_loss=0.2671 | val_dice=0.5522 | val_iou=0.4022 | val_f1=0.5522 | val_acc=0.9912 | lr=0.000886
Epoch 065/500 | train_loss=0.2746 | val_dice=0.5548 | val_iou=0.4092 | val_f1=0.5548 | val_acc=0.9924 | lr=0.000884
Epoch 066/500 | train_loss=0.2685 | val_dice=0.5553 | val_iou=0.4015 | val_f1=0.5553 | val_acc=0.9912 | lr=0.000882
Epoch 067/500 | train_loss=0.2720 | val_dice=0.5546 | val_iou=0.4080 | val_f1=0.5546 | val_acc=0.9923 | lr=0.000880
Epoch 068/500 | train_loss=0.2629 | val_dice=0.5661 | val_iou=0.4180 | val_f1=0.5661 | val_acc=0.9922 | lr=0.000879
Epoch 069/500 | train_loss=0.2536 | val_dice=0.5334 | val_iou=0.3809 | val_f1=0.5334 | val_acc=0.9905 | lr=0.000877
Epoch 070/500 | train_loss=0.2657 | val_dice=0.5616 | val_iou=0.4111 | val_f1=0.5616 | val_acc=0.9919 | lr=0.000875
Epoch 071/500 | train_loss=0.2461 | val_dice=0.5586 | val_iou=0.4133 | val_f1=0.5586 | val_acc=0.9924 | lr=0.000873
Epoch 072/500 | train_loss=0.2462 | val_dice=0.5754 | val_iou=0.4270 | val_f1=0.5754 | val_acc=0.9923 | lr=0.000871
Epoch 073/500 | train_loss=0.2472 | val_dice=0.5566 | val_iou=0.4144 | val_f1=0.5566 | val_acc=0.9930 | lr=0.000869
Epoch 074/500 | train_loss=0.2538 | val_dice=0.5743 | val_iou=0.4281 | val_f1=0.5743 | val_acc=0.9928 | lr=0.000868
Epoch 075/500 | train_loss=0.2496 | val_dice=0.5625 | val_iou=0.4116 | val_f1=0.5625 | val_acc=0.9916 | lr=0.000866
Epoch 076/500 | train_loss=0.2461 | val_dice=0.5672 | val_iou=0.4152 | val_f1=0.5672 | val_acc=0.9916 | lr=0.000864
Epoch 077/500 | train_loss=0.2610 | val_dice=0.5551 | val_iou=0.4086 | val_f1=0.5551 | val_acc=0.9916 | lr=0.000862
Epoch 078/500 | train_loss=0.2446 | val_dice=0.5478 | val_iou=0.4040 | val_f1=0.5478 | val_acc=0.9923 | lr=0.000860
Epoch 079/500 | train_loss=0.2525 | val_dice=0.4962 | val_iou=0.3495 | val_f1=0.4962 | val_acc=0.9894 | lr=0.000858
Epoch 080/500 | train_loss=0.2525 | val_dice=0.5391 | val_iou=0.3896 | val_f1=0.5391 | val_acc=0.9914 | lr=0.000857
Epoch 081/500 | train_loss=0.2570 | val_dice=0.5312 | val_iou=0.3883 | val_f1=0.5312 | val_acc=0.9920 | lr=0.000855
Epoch 082/500 | train_loss=0.2508 | val_dice=0.5538 | val_iou=0.4061 | val_f1=0.5538 | val_acc=0.9918 | lr=0.000853
Epoch 083/500 | train_loss=0.2517 | val_dice=0.5436 | val_iou=0.3984 | val_f1=0.5436 | val_acc=0.9911 | lr=0.000851
Epoch 084/500 | train_loss=0.2474 | val_dice=0.5561 | val_iou=0.4138 | val_f1=0.5561 | val_acc=0.9927 | lr=0.000849
Epoch 085/500 | train_loss=0.2543 | val_dice=0.5858 | val_iou=0.4378 | val_f1=0.5858 | val_acc=0.9929 | lr=0.000847
Epoch 086/500 | train_loss=0.2573 | val_dice=0.5429 | val_iou=0.3971 | val_f1=0.5429 | val_acc=0.9916 | lr=0.000846
Epoch 087/500 | train_loss=0.2491 | val_dice=0.5553 | val_iou=0.4120 | val_f1=0.5553 | val_acc=0.9923 | lr=0.000844
Epoch 088/500 | train_loss=0.2425 | val_dice=0.5492 | val_iou=0.4067 | val_f1=0.5492 | val_acc=0.9920 | lr=0.000842
Epoch 089/500 | train_loss=0.2328 | val_dice=0.5800 | val_iou=0.4360 | val_f1=0.5800 | val_acc=0.9928 | lr=0.000840
Epoch 090/500 | train_loss=0.2293 | val_dice=0.5838 | val_iou=0.4340 | val_f1=0.5838 | val_acc=0.9923 | lr=0.000838
Epoch 091/500 | train_loss=0.2407 | val_dice=0.5501 | val_iou=0.4035 | val_f1=0.5501 | val_acc=0.9917 | lr=0.000836
Epoch 092/500 | train_loss=0.2462 | val_dice=0.5791 | val_iou=0.4352 | val_f1=0.5791 | val_acc=0.9926 | lr=0.000835
Epoch 093/500 | train_loss=0.2532 | val_dice=0.5542 | val_iou=0.4045 | val_f1=0.5542 | val_acc=0.9915 | lr=0.000833
Epoch 094/500 | train_loss=0.2369 | val_dice=0.5471 | val_iou=0.3914 | val_f1=0.5471 | val_acc=0.9907 | lr=0.000831
Epoch 095/500 | train_loss=0.2452 | val_dice=0.5726 | val_iou=0.4271 | val_f1=0.5726 | val_acc=0.9924 | lr=0.000829
Epoch 096/500 | train_loss=0.2347 | val_dice=0.5752 | val_iou=0.4313 | val_f1=0.5752 | val_acc=0.9926 | lr=0.000827
Epoch 097/500 | train_loss=0.2346 | val_dice=0.5788 | val_iou=0.4292 | val_f1=0.5788 | val_acc=0.9926 | lr=0.000825
Epoch 098/500 | train_loss=0.2381 | val_dice=0.5601 | val_iou=0.4126 | val_f1=0.5601 | val_acc=0.9916 | lr=0.000824
Epoch 099/500 | train_loss=0.2257 | val_dice=0.5778 | val_iou=0.4314 | val_f1=0.5778 | val_acc=0.9926 | lr=0.000822
Epoch 100/500 | train_loss=0.2299 | val_dice=0.5528 | val_iou=0.4076 | val_f1=0.5528 | val_acc=0.9917 | lr=0.000820
Epoch 101/500 | train_loss=0.2334 | val_dice=0.5810 | val_iou=0.4276 | val_f1=0.5810 | val_acc=0.9921 | lr=0.000818
Epoch 102/500 | train_loss=0.2324 | val_dice=0.5910 | val_iou=0.4401 | val_f1=0.5910 | val_acc=0.9921 | lr=0.000816
Epoch 103/500 | train_loss=0.2295 | val_dice=0.5609 | val_iou=0.4175 | val_f1=0.5609 | val_acc=0.9924 | lr=0.000814
Epoch 104/500 | train_loss=0.2267 | val_dice=0.5640 | val_iou=0.4234 | val_f1=0.5640 | val_acc=0.9922 | lr=0.000813
Epoch 105/500 | train_loss=0.2365 | val_dice=0.5578 | val_iou=0.4110 | val_f1=0.5578 | val_acc=0.9914 | lr=0.000811
Epoch 106/500 | train_loss=0.2180 | val_dice=0.5700 | val_iou=0.4249 | val_f1=0.5700 | val_acc=0.9922 | lr=0.000809
Epoch 107/500 | train_loss=0.2204 | val_dice=0.5901 | val_iou=0.4424 | val_f1=0.5901 | val_acc=0.9923 | lr=0.000807
Epoch 108/500 | train_loss=0.2344 | val_dice=0.5613 | val_iou=0.4150 | val_f1=0.5613 | val_acc=0.9918 | lr=0.000805
Epoch 109/500 | train_loss=0.2288 | val_dice=0.5648 | val_iou=0.4194 | val_f1=0.5648 | val_acc=0.9917 | lr=0.000803
Epoch 110/500 | train_loss=0.2162 | val_dice=0.5895 | val_iou=0.4422 | val_f1=0.5895 | val_acc=0.9924 | lr=0.000801
Epoch 111/500 | train_loss=0.2289 | val_dice=0.5702 | val_iou=0.4258 | val_f1=0.5702 | val_acc=0.9921 | lr=0.000800
Epoch 112/500 | train_loss=0.2290 | val_dice=0.5676 | val_iou=0.4256 | val_f1=0.5676 | val_acc=0.9927 | lr=0.000798
Epoch 113/500 | train_loss=0.2160 | val_dice=0.5944 | val_iou=0.4457 | val_f1=0.5944 | val_acc=0.9932 | lr=0.000796
Epoch 114/500 | train_loss=0.2263 | val_dice=0.5726 | val_iou=0.4229 | val_f1=0.5726 | val_acc=0.9918 | lr=0.000794
Epoch 115/500 | train_loss=0.2217 | val_dice=0.5723 | val_iou=0.4242 | val_f1=0.5723 | val_acc=0.9916 | lr=0.000792
Epoch 116/500 | train_loss=0.2174 | val_dice=0.5863 | val_iou=0.4356 | val_f1=0.5863 | val_acc=0.9927 | lr=0.000790
Epoch 117/500 | train_loss=0.2223 | val_dice=0.5914 | val_iou=0.4398 | val_f1=0.5914 | val_acc=0.9926 | lr=0.000789
Epoch 118/500 | train_loss=0.2165 | val_dice=0.5894 | val_iou=0.4426 | val_f1=0.5894 | val_acc=0.9927 | lr=0.000787
Epoch 119/500 | train_loss=0.2234 | val_dice=0.6075 | val_iou=0.4537 | val_f1=0.6075 | val_acc=0.9930 | lr=0.000785
Epoch 120/500 | train_loss=0.2236 | val_dice=0.5866 | val_iou=0.4345 | val_f1=0.5866 | val_acc=0.9925 | lr=0.000783
Epoch 121/500 | train_loss=0.2175 | val_dice=0.5901 | val_iou=0.4435 | val_f1=0.5901 | val_acc=0.9921 | lr=0.000781
Epoch 122/500 | train_loss=0.2209 | val_dice=0.5853 | val_iou=0.4397 | val_f1=0.5853 | val_acc=0.9929 | lr=0.000779
Epoch 123/500 | train_loss=0.2057 | val_dice=0.5550 | val_iou=0.4139 | val_f1=0.5550 | val_acc=0.9928 | lr=0.000777
Epoch 124/500 | train_loss=0.2287 | val_dice=0.5785 | val_iou=0.4369 | val_f1=0.5785 | val_acc=0.9929 | lr=0.000776
Epoch 125/500 | train_loss=0.2146 | val_dice=0.5697 | val_iou=0.4161 | val_f1=0.5697 | val_acc=0.9910 | lr=0.000774
Epoch 126/500 | train_loss=0.2197 | val_dice=0.5528 | val_iou=0.4020 | val_f1=0.5528 | val_acc=0.9908 | lr=0.000772
Epoch 127/500 | train_loss=0.2203 | val_dice=0.5823 | val_iou=0.4362 | val_f1=0.5823 | val_acc=0.9925 | lr=0.000770
Epoch 128/500 | train_loss=0.2197 | val_dice=0.5639 | val_iou=0.4170 | val_f1=0.5639 | val_acc=0.9917 | lr=0.000768
Epoch 129/500 | train_loss=0.2127 | val_dice=0.5796 | val_iou=0.4271 | val_f1=0.5796 | val_acc=0.9919 | lr=0.000766
Epoch 130/500 | train_loss=0.2146 | val_dice=0.5632 | val_iou=0.4105 | val_f1=0.5632 | val_acc=0.9908 | lr=0.000764
Epoch 131/500 | train_loss=0.2149 | val_dice=0.5995 | val_iou=0.4496 | val_f1=0.5995 | val_acc=0.9925 | lr=0.000763
Epoch 132/500 | train_loss=0.2058 | val_dice=0.5462 | val_iou=0.3987 | val_f1=0.5462 | val_acc=0.9909 | lr=0.000761
Epoch 133/500 | train_loss=0.2191 | val_dice=0.5784 | val_iou=0.4338 | val_f1=0.5784 | val_acc=0.9925 | lr=0.000759
Epoch 134/500 | train_loss=0.2128 | val_dice=0.5836 | val_iou=0.4348 | val_f1=0.5836 | val_acc=0.9927 | lr=0.000757
Epoch 135/500 | train_loss=0.2096 | val_dice=0.5621 | val_iou=0.4121 | val_f1=0.5621 | val_acc=0.9918 | lr=0.000755
Epoch 136/500 | train_loss=0.2166 | val_dice=0.5733 | val_iou=0.4264 | val_f1=0.5733 | val_acc=0.9922 | lr=0.000753
Epoch 137/500 | train_loss=0.2097 | val_dice=0.5507 | val_iou=0.3998 | val_f1=0.5507 | val_acc=0.9901 | lr=0.000751
Epoch 138/500 | train_loss=0.2152 | val_dice=0.5915 | val_iou=0.4376 | val_f1=0.5915 | val_acc=0.9926 | lr=0.000750
Epoch 139/500 | train_loss=0.2062 | val_dice=0.5752 | val_iou=0.4304 | val_f1=0.5752 | val_acc=0.9920 | lr=0.000748
Epoch 140/500 | train_loss=0.2064 | val_dice=0.5673 | val_iou=0.4200 | val_f1=0.5673 | val_acc=0.9915 | lr=0.000746
Epoch 141/500 | train_loss=0.2036 | val_dice=0.5579 | val_iou=0.4089 | val_f1=0.5579 | val_acc=0.9913 | lr=0.000744
Epoch 142/500 | train_loss=0.2025 | val_dice=0.5850 | val_iou=0.4374 | val_f1=0.5850 | val_acc=0.9927 | lr=0.000742
Epoch 143/500 | train_loss=0.2024 | val_dice=0.5755 | val_iou=0.4274 | val_f1=0.5755 | val_acc=0.9925 | lr=0.000740
Epoch 144/500 | train_loss=0.2000 | val_dice=0.5863 | val_iou=0.4390 | val_f1=0.5863 | val_acc=0.9924 | lr=0.000738
Epoch 145/500 | train_loss=0.2123 | val_dice=0.5652 | val_iou=0.4122 | val_f1=0.5652 | val_acc=0.9913 | lr=0.000737
Epoch 146/500 | train_loss=0.1959 | val_dice=0.5869 | val_iou=0.4420 | val_f1=0.5869 | val_acc=0.9921 | lr=0.000735
Epoch 147/500 | train_loss=0.2139 | val_dice=0.5848 | val_iou=0.4363 | val_f1=0.5848 | val_acc=0.9925 | lr=0.000733
Epoch 148/500 | train_loss=0.2019 | val_dice=0.5816 | val_iou=0.4386 | val_f1=0.5816 | val_acc=0.9925 | lr=0.000731
Epoch 149/500 | train_loss=0.2095 | val_dice=0.5904 | val_iou=0.4441 | val_f1=0.5904 | val_acc=0.9918 | lr=0.000729
Epoch 150/500 | train_loss=0.2044 | val_dice=0.5564 | val_iou=0.4085 | val_f1=0.5564 | val_acc=0.9912 | lr=0.000727
Epoch 151/500 | train_loss=0.2098 | val_dice=0.5735 | val_iou=0.4251 | val_f1=0.5735 | val_acc=0.9914 | lr=0.000725
Epoch 152/500 | train_loss=0.2174 | val_dice=0.5835 | val_iou=0.4297 | val_f1=0.5835 | val_acc=0.9912 | lr=0.000724
Epoch 153/500 | train_loss=0.1997 | val_dice=0.6012 | val_iou=0.4486 | val_f1=0.6012 | val_acc=0.9917 | lr=0.000722
Epoch 154/500 | train_loss=0.1989 | val_dice=0.5684 | val_iou=0.4246 | val_f1=0.5684 | val_acc=0.9920 | lr=0.000720
Epoch 155/500 | train_loss=0.2121 | val_dice=0.5915 | val_iou=0.4493 | val_f1=0.5915 | val_acc=0.9922 | lr=0.000718
Epoch 156/500 | train_loss=0.1941 | val_dice=0.5582 | val_iou=0.4121 | val_f1=0.5582 | val_acc=0.9914 | lr=0.000716
Epoch 157/500 | train_loss=0.1983 | val_dice=0.5775 | val_iou=0.4301 | val_f1=0.5775 | val_acc=0.9917 | lr=0.000714
Epoch 158/500 | train_loss=0.2028 | val_dice=0.6021 | val_iou=0.4498 | val_f1=0.6021 | val_acc=0.9924 | lr=0.000712
Epoch 159/500 | train_loss=0.2056 | val_dice=0.5798 | val_iou=0.4382 | val_f1=0.5798 | val_acc=0.9922 | lr=0.000710
Epoch 160/500 | train_loss=0.2042 | val_dice=0.5886 | val_iou=0.4439 | val_f1=0.5886 | val_acc=0.9930 | lr=0.000709
Epoch 161/500 | train_loss=0.2016 | val_dice=0.5803 | val_iou=0.4329 | val_f1=0.5803 | val_acc=0.9919 | lr=0.000707
Epoch 162/500 | train_loss=0.2010 | val_dice=0.5734 | val_iou=0.4288 | val_f1=0.5734 | val_acc=0.9917 | lr=0.000705
Epoch 163/500 | train_loss=0.1938 | val_dice=0.5946 | val_iou=0.4473 | val_f1=0.5946 | val_acc=0.9924 | lr=0.000703
Epoch 164/500 | train_loss=0.1962 | val_dice=0.5815 | val_iou=0.4340 | val_f1=0.5815 | val_acc=0.9917 | lr=0.000701
Epoch 165/500 | train_loss=0.1975 | val_dice=0.5749 | val_iou=0.4281 | val_f1=0.5749 | val_acc=0.9916 | lr=0.000699
Epoch 166/500 | train_loss=0.1910 | val_dice=0.5763 | val_iou=0.4242 | val_f1=0.5763 | val_acc=0.9914 | lr=0.000697
Epoch 167/500 | train_loss=0.1903 | val_dice=0.5863 | val_iou=0.4390 | val_f1=0.5863 | val_acc=0.9927 | lr=0.000696
Epoch 168/500 | train_loss=0.1976 | val_dice=0.5926 | val_iou=0.4424 | val_f1=0.5926 | val_acc=0.9921 | lr=0.000694
Epoch 169/500 | train_loss=0.1902 | val_dice=0.5851 | val_iou=0.4357 | val_f1=0.5851 | val_acc=0.9918 | lr=0.000692
Epoch 170/500 | train_loss=0.1976 | val_dice=0.5929 | val_iou=0.4501 | val_f1=0.5929 | val_acc=0.9928 | lr=0.000690
Epoch 171/500 | train_loss=0.1982 | val_dice=0.5828 | val_iou=0.4386 | val_f1=0.5828 | val_acc=0.9924 | lr=0.000688
Epoch 172/500 | train_loss=0.1884 | val_dice=0.5617 | val_iou=0.4117 | val_f1=0.5617 | val_acc=0.9907 | lr=0.000686
Epoch 173/500 | train_loss=0.1893 | val_dice=0.5958 | val_iou=0.4490 | val_f1=0.5958 | val_acc=0.9925 | lr=0.000684
Epoch 174/500 | train_loss=0.1856 | val_dice=0.5985 | val_iou=0.4502 | val_f1=0.5985 | val_acc=0.9925 | lr=0.000682
Epoch 175/500 | train_loss=0.2054 | val_dice=0.6093 | val_iou=0.4638 | val_f1=0.6093 | val_acc=0.9928 | lr=0.000680
Epoch 176/500 | train_loss=0.1971 | val_dice=0.5943 | val_iou=0.4512 | val_f1=0.5943 | val_acc=0.9929 | lr=0.000679
Epoch 177/500 | train_loss=0.1910 | val_dice=0.5833 | val_iou=0.4388 | val_f1=0.5833 | val_acc=0.9920 | lr=0.000677
Epoch 178/500 | train_loss=0.2012 | val_dice=0.5939 | val_iou=0.4525 | val_f1=0.5939 | val_acc=0.9931 | lr=0.000675
Epoch 179/500 | train_loss=0.1812 | val_dice=0.6019 | val_iou=0.4571 | val_f1=0.6019 | val_acc=0.9929 | lr=0.000673
Epoch 180/500 | train_loss=0.1874 | val_dice=0.5765 | val_iou=0.4297 | val_f1=0.5765 | val_acc=0.9917 | lr=0.000671
Epoch 181/500 | train_loss=0.1835 | val_dice=0.5642 | val_iou=0.4139 | val_f1=0.5642 | val_acc=0.9909 | lr=0.000669
Epoch 182/500 | train_loss=0.2009 | val_dice=0.5769 | val_iou=0.4256 | val_f1=0.5769 | val_acc=0.9916 | lr=0.000667
Epoch 183/500 | train_loss=0.2039 | val_dice=0.5856 | val_iou=0.4417 | val_f1=0.5856 | val_acc=0.9931 | lr=0.000665
Epoch 184/500 | train_loss=0.1831 | val_dice=0.5927 | val_iou=0.4471 | val_f1=0.5927 | val_acc=0.9924 | lr=0.000664
Epoch 185/500 | train_loss=0.1854 | val_dice=0.5771 | val_iou=0.4305 | val_f1=0.5771 | val_acc=0.9917 | lr=0.000662
Epoch 186/500 | train_loss=0.2031 | val_dice=0.5737 | val_iou=0.4257 | val_f1=0.5737 | val_acc=0.9913 | lr=0.000660
Epoch 187/500 | train_loss=0.1771 | val_dice=0.6227 | val_iou=0.4766 | val_f1=0.6227 | val_acc=0.9932 | lr=0.000658
Epoch 188/500 | train_loss=0.1831 | val_dice=0.6158 | val_iou=0.4694 | val_f1=0.6158 | val_acc=0.9933 | lr=0.000656
Epoch 189/500 | train_loss=0.2003 | val_dice=0.5981 | val_iou=0.4510 | val_f1=0.5981 | val_acc=0.9929 | lr=0.000654
Epoch 190/500 | train_loss=0.1959 | val_dice=0.5858 | val_iou=0.4395 | val_f1=0.5858 | val_acc=0.9919 | lr=0.000652
Epoch 191/500 | train_loss=0.1876 | val_dice=0.5847 | val_iou=0.4380 | val_f1=0.5847 | val_acc=0.9919 | lr=0.000650
Epoch 192/500 | train_loss=0.1837 | val_dice=0.5874 | val_iou=0.4359 | val_f1=0.5874 | val_acc=0.9918 | lr=0.000648
Epoch 193/500 | train_loss=0.1876 | val_dice=0.6133 | val_iou=0.4611 | val_f1=0.6133 | val_acc=0.9931 | lr=0.000647
Epoch 194/500 | train_loss=0.1944 | val_dice=0.6061 | val_iou=0.4573 | val_f1=0.6061 | val_acc=0.9929 | lr=0.000645
Epoch 195/500 | train_loss=0.1873 | val_dice=0.5922 | val_iou=0.4423 | val_f1=0.5922 | val_acc=0.9920 | lr=0.000643
Epoch 196/500 | train_loss=0.1895 | val_dice=0.5615 | val_iou=0.4104 | val_f1=0.5615 | val_acc=0.9906 | lr=0.000641
Epoch 197/500 | train_loss=0.1924 | val_dice=0.5791 | val_iou=0.4327 | val_f1=0.5791 | val_acc=0.9919 | lr=0.000639
Epoch 198/500 | train_loss=0.1958 | val_dice=0.5672 | val_iou=0.4220 | val_f1=0.5672 | val_acc=0.9930 | lr=0.000637
Epoch 199/500 | train_loss=0.1837 | val_dice=0.5727 | val_iou=0.4238 | val_f1=0.5727 | val_acc=0.9919 | lr=0.000635
Epoch 200/500 | train_loss=0.1829 | val_dice=0.5966 | val_iou=0.4478 | val_f1=0.5966 | val_acc=0.9928 | lr=0.000633
Epoch 201/500 | train_loss=0.1743 | val_dice=0.5959 | val_iou=0.4455 | val_f1=0.5959 | val_acc=0.9925 | lr=0.000631
Epoch 202/500 | train_loss=0.1843 | val_dice=0.6066 | val_iou=0.4583 | val_f1=0.6066 | val_acc=0.9924 | lr=0.000630
Epoch 203/500 | train_loss=0.1752 | val_dice=0.6047 | val_iou=0.4546 | val_f1=0.6047 | val_acc=0.9931 | lr=0.000628
Epoch 204/500 | train_loss=0.1764 | val_dice=0.6221 | val_iou=0.4746 | val_f1=0.6221 | val_acc=0.9928 | lr=0.000626
Epoch 205/500 | train_loss=0.1816 | val_dice=0.6023 | val_iou=0.4527 | val_f1=0.6023 | val_acc=0.9926 | lr=0.000624
Epoch 206/500 | train_loss=0.1810 | val_dice=0.6144 | val_iou=0.4622 | val_f1=0.6144 | val_acc=0.9926 | lr=0.000622
Epoch 207/500 | train_loss=0.1736 | val_dice=0.6010 | val_iou=0.4519 | val_f1=0.6010 | val_acc=0.9923 | lr=0.000620
Epoch 208/500 | train_loss=0.1718 | val_dice=0.5757 | val_iou=0.4323 | val_f1=0.5757 | val_acc=0.9922 | lr=0.000618
Epoch 209/500 | train_loss=0.1806 | val_dice=0.5868 | val_iou=0.4395 | val_f1=0.5868 | val_acc=0.9922 | lr=0.000616
Epoch 210/500 | train_loss=0.1758 | val_dice=0.5746 | val_iou=0.4268 | val_f1=0.5746 | val_acc=0.9910 | lr=0.000614
Epoch 211/500 | train_loss=0.1770 | val_dice=0.5648 | val_iou=0.4185 | val_f1=0.5648 | val_acc=0.9918 | lr=0.000612
Epoch 212/500 | train_loss=0.1761 | val_dice=0.5881 | val_iou=0.4368 | val_f1=0.5881 | val_acc=0.9916 | lr=0.000611
Epoch 213/500 | train_loss=0.1745 | val_dice=0.6261 | val_iou=0.4770 | val_f1=0.6261 | val_acc=0.9929 | lr=0.000609
Epoch 214/500 | train_loss=0.1706 | val_dice=0.5863 | val_iou=0.4380 | val_f1=0.5863 | val_acc=0.9929 | lr=0.000607
Epoch 215/500 | train_loss=0.1750 | val_dice=0.6034 | val_iou=0.4525 | val_f1=0.6034 | val_acc=0.9924 | lr=0.000605
Epoch 216/500 | train_loss=0.1663 | val_dice=0.5732 | val_iou=0.4201 | val_f1=0.5732 | val_acc=0.9910 | lr=0.000603
Epoch 217/500 | train_loss=0.1820 | val_dice=0.6225 | val_iou=0.4711 | val_f1=0.6225 | val_acc=0.9927 | lr=0.000601
Epoch 218/500 | train_loss=0.1748 | val_dice=0.5900 | val_iou=0.4417 | val_f1=0.5900 | val_acc=0.9918 | lr=0.000599
Epoch 219/500 | train_loss=0.1787 | val_dice=0.6032 | val_iou=0.4527 | val_f1=0.6032 | val_acc=0.9926 | lr=0.000597
Epoch 220/500 | train_loss=0.1742 | val_dice=0.6269 | val_iou=0.4755 | val_f1=0.6269 | val_acc=0.9927 | lr=0.000595
Epoch 221/500 | train_loss=0.1660 | val_dice=0.6059 | val_iou=0.4561 | val_f1=0.6059 | val_acc=0.9924 | lr=0.000593
Epoch 222/500 | train_loss=0.1761 | val_dice=0.5803 | val_iou=0.4301 | val_f1=0.5803 | val_acc=0.9913 | lr=0.000592
Epoch 223/500 | train_loss=0.1689 | val_dice=0.5831 | val_iou=0.4393 | val_f1=0.5831 | val_acc=0.9921 | lr=0.000590
Epoch 224/500 | train_loss=0.1701 | val_dice=0.5702 | val_iou=0.4243 | val_f1=0.5702 | val_acc=0.9924 | lr=0.000588
Epoch 225/500 | train_loss=0.1729 | val_dice=0.5769 | val_iou=0.4305 | val_f1=0.5769 | val_acc=0.9919 | lr=0.000586
Epoch 226/500 | train_loss=0.1731 | val_dice=0.5708 | val_iou=0.4235 | val_f1=0.5708 | val_acc=0.9919 | lr=0.000584
Epoch 227/500 | train_loss=0.1744 | val_dice=0.5838 | val_iou=0.4379 | val_f1=0.5838 | val_acc=0.9930 | lr=0.000582
Epoch 228/500 | train_loss=0.1678 | val_dice=0.5778 | val_iou=0.4327 | val_f1=0.5778 | val_acc=0.9918 | lr=0.000580
Epoch 229/500 | train_loss=0.1655 | val_dice=0.6014 | val_iou=0.4506 | val_f1=0.6014 | val_acc=0.9921 | lr=0.000578
Epoch 230/500 | train_loss=0.1804 | val_dice=0.5959 | val_iou=0.4478 | val_f1=0.5959 | val_acc=0.9920 | lr=0.000576
Epoch 231/500 | train_loss=0.1736 | val_dice=0.6153 | val_iou=0.4653 | val_f1=0.6153 | val_acc=0.9925 | lr=0.000574
Epoch 232/500 | train_loss=0.1672 | val_dice=0.6062 | val_iou=0.4623 | val_f1=0.6062 | val_acc=0.9928 | lr=0.000572
Epoch 233/500 | train_loss=0.1706 | val_dice=0.5858 | val_iou=0.4391 | val_f1=0.5858 | val_acc=0.9919 | lr=0.000570
Epoch 234/500 | train_loss=0.1798 | val_dice=0.5978 | val_iou=0.4536 | val_f1=0.5978 | val_acc=0.9929 | lr=0.000569
Epoch 235/500 | train_loss=0.1784 | val_dice=0.5795 | val_iou=0.4318 | val_f1=0.5795 | val_acc=0.9913 | lr=0.000567
Epoch 236/500 | train_loss=0.1711 | val_dice=0.6166 | val_iou=0.4716 | val_f1=0.6166 | val_acc=0.9931 | lr=0.000565
Epoch 237/500 | train_loss=0.1739 | val_dice=0.6078 | val_iou=0.4579 | val_f1=0.6078 | val_acc=0.9926 | lr=0.000563
Epoch 238/500 | train_loss=0.1620 | val_dice=0.6046 | val_iou=0.4562 | val_f1=0.6046 | val_acc=0.9925 | lr=0.000561
Epoch 239/500 | train_loss=0.1725 | val_dice=0.6183 | val_iou=0.4671 | val_f1=0.6183 | val_acc=0.9928 | lr=0.000559
Epoch 240/500 | train_loss=0.1563 | val_dice=0.6052 | val_iou=0.4539 | val_f1=0.6052 | val_acc=0.9921 | lr=0.000557
Epoch 241/500 | train_loss=0.1713 | val_dice=0.5983 | val_iou=0.4484 | val_f1=0.5983 | val_acc=0.9918 | lr=0.000555
Epoch 242/500 | train_loss=0.1700 | val_dice=0.6077 | val_iou=0.4556 | val_f1=0.6077 | val_acc=0.9928 | lr=0.000553
Epoch 243/500 | train_loss=0.1630 | val_dice=0.5757 | val_iou=0.4290 | val_f1=0.5757 | val_acc=0.9919 | lr=0.000551
Epoch 244/500 | train_loss=0.1692 | val_dice=0.5978 | val_iou=0.4523 | val_f1=0.5978 | val_acc=0.9920 | lr=0.000549
Epoch 245/500 | train_loss=0.1663 | val_dice=0.6053 | val_iou=0.4550 | val_f1=0.6053 | val_acc=0.9922 | lr=0.000547
Epoch 246/500 | train_loss=0.1637 | val_dice=0.5739 | val_iou=0.4237 | val_f1=0.5739 | val_acc=0.9910 | lr=0.000546
Epoch 247/500 | train_loss=0.1568 | val_dice=0.6109 | val_iou=0.4631 | val_f1=0.6109 | val_acc=0.9926 | lr=0.000544
Epoch 248/500 | train_loss=0.1697 | val_dice=0.5914 | val_iou=0.4413 | val_f1=0.5914 | val_acc=0.9916 | lr=0.000542
Epoch 249/500 | train_loss=0.1648 | val_dice=0.5961 | val_iou=0.4441 | val_f1=0.5961 | val_acc=0.9923 | lr=0.000540
Epoch 250/500 | train_loss=0.1606 | val_dice=0.6139 | val_iou=0.4682 | val_f1=0.6139 | val_acc=0.9925 | lr=0.000538
Epoch 251/500 | train_loss=0.1548 | val_dice=0.5970 | val_iou=0.4529 | val_f1=0.5970 | val_acc=0.9924 | lr=0.000536
Epoch 252/500 | train_loss=0.1694 | val_dice=0.5986 | val_iou=0.4503 | val_f1=0.5986 | val_acc=0.9919 | lr=0.000534
Epoch 253/500 | train_loss=0.1724 | val_dice=0.6153 | val_iou=0.4692 | val_f1=0.6153 | val_acc=0.9929 | lr=0.000532
Epoch 254/500 | train_loss=0.1635 | val_dice=0.6152 | val_iou=0.4749 | val_f1=0.6152 | val_acc=0.9931 | lr=0.000530
Epoch 255/500 | train_loss=0.1702 | val_dice=0.6053 | val_iou=0.4549 | val_f1=0.6053 | val_acc=0.9919 | lr=0.000528
Epoch 256/500 | train_loss=0.1742 | val_dice=0.6092 | val_iou=0.4630 | val_f1=0.6092 | val_acc=0.9926 | lr=0.000526
Epoch 257/500 | train_loss=0.1666 | val_dice=0.6128 | val_iou=0.4711 | val_f1=0.6128 | val_acc=0.9929 | lr=0.000524
Epoch 258/500 | train_loss=0.1500 | val_dice=0.5794 | val_iou=0.4309 | val_f1=0.5794 | val_acc=0.9910 | lr=0.000522
Epoch 259/500 | train_loss=0.1645 | val_dice=0.6120 | val_iou=0.4689 | val_f1=0.6120 | val_acc=0.9928 | lr=0.000520
Epoch 260/500 | train_loss=0.1592 | val_dice=0.6213 | val_iou=0.4738 | val_f1=0.6213 | val_acc=0.9925 | lr=0.000518
Epoch 261/500 | train_loss=0.1607 | val_dice=0.6126 | val_iou=0.4630 | val_f1=0.6126 | val_acc=0.9921 | lr=0.000517
Epoch 262/500 | train_loss=0.1631 | val_dice=0.6147 | val_iou=0.4638 | val_f1=0.6147 | val_acc=0.9918 | lr=0.000515
Epoch 263/500 | train_loss=0.1621 | val_dice=0.6024 | val_iou=0.4524 | val_f1=0.6024 | val_acc=0.9918 | lr=0.000513
Epoch 264/500 | train_loss=0.1616 | val_dice=0.6140 | val_iou=0.4598 | val_f1=0.6140 | val_acc=0.9919 | lr=0.000511
Epoch 265/500 | train_loss=0.1563 | val_dice=0.5975 | val_iou=0.4481 | val_f1=0.5975 | val_acc=0.9919 | lr=0.000509
Epoch 266/500 | train_loss=0.1653 | val_dice=0.5957 | val_iou=0.4435 | val_f1=0.5957 | val_acc=0.9917 | lr=0.000507
Epoch 267/500 | train_loss=0.1674 | val_dice=0.6270 | val_iou=0.4754 | val_f1=0.6270 | val_acc=0.9926 | lr=0.000505
Epoch 268/500 | train_loss=0.1634 | val_dice=0.6149 | val_iou=0.4682 | val_f1=0.6149 | val_acc=0.9926 | lr=0.000503
Epoch 269/500 | train_loss=0.1612 | val_dice=0.6217 | val_iou=0.4731 | val_f1=0.6217 | val_acc=0.9925 | lr=0.000501
Epoch 270/500 | train_loss=0.1652 | val_dice=0.6027 | val_iou=0.4541 | val_f1=0.6027 | val_acc=0.9918 | lr=0.000499
Epoch 271/500 | train_loss=0.1511 | val_dice=0.6092 | val_iou=0.4615 | val_f1=0.6092 | val_acc=0.9922 | lr=0.000497
Epoch 272/500 | train_loss=0.1687 | val_dice=0.5840 | val_iou=0.4365 | val_f1=0.5840 | val_acc=0.9910 | lr=0.000495
Epoch 273/500 | train_loss=0.1623 | val_dice=0.5963 | val_iou=0.4490 | val_f1=0.5963 | val_acc=0.9922 | lr=0.000493
Epoch 274/500 | train_loss=0.1588 | val_dice=0.6057 | val_iou=0.4568 | val_f1=0.6057 | val_acc=0.9918 | lr=0.000491
Epoch 275/500 | train_loss=0.1562 | val_dice=0.6085 | val_iou=0.4618 | val_f1=0.6085 | val_acc=0.9925 | lr=0.000489
Epoch 276/500 | train_loss=0.1724 | val_dice=0.5943 | val_iou=0.4473 | val_f1=0.5943 | val_acc=0.9917 | lr=0.000487
Epoch 277/500 | train_loss=0.1574 | val_dice=0.6243 | val_iou=0.4788 | val_f1=0.6243 | val_acc=0.9928 | lr=0.000485
Epoch 278/500 | train_loss=0.1624 | val_dice=0.6053 | val_iou=0.4594 | val_f1=0.6053 | val_acc=0.9925 | lr=0.000484
Epoch 279/500 | train_loss=0.1499 | val_dice=0.6111 | val_iou=0.4662 | val_f1=0.6111 | val_acc=0.9928 | lr=0.000482
Epoch 280/500 | train_loss=0.1581 | val_dice=0.6054 | val_iou=0.4578 | val_f1=0.6054 | val_acc=0.9924 | lr=0.000480
Epoch 281/500 | train_loss=0.1554 | val_dice=0.6010 | val_iou=0.4522 | val_f1=0.6010 | val_acc=0.9919 | lr=0.000478
Epoch 282/500 | train_loss=0.1493 | val_dice=0.5962 | val_iou=0.4497 | val_f1=0.5962 | val_acc=0.9920 | lr=0.000476
Epoch 283/500 | train_loss=0.1538 | val_dice=0.5909 | val_iou=0.4441 | val_f1=0.5909 | val_acc=0.9916 | lr=0.000474
Epoch 284/500 | train_loss=0.1504 | val_dice=0.6182 | val_iou=0.4715 | val_f1=0.6182 | val_acc=0.9928 | lr=0.000472
Epoch 285/500 | train_loss=0.1539 | val_dice=0.5958 | val_iou=0.4468 | val_f1=0.5958 | val_acc=0.9917 | lr=0.000470
Epoch 286/500 | train_loss=0.1552 | val_dice=0.6112 | val_iou=0.4665 | val_f1=0.6112 | val_acc=0.9928 | lr=0.000468
Epoch 287/500 | train_loss=0.1662 | val_dice=0.5783 | val_iou=0.4287 | val_f1=0.5783 | val_acc=0.9907 | lr=0.000466
Epoch 288/500 | train_loss=0.1467 | val_dice=0.6336 | val_iou=0.4856 | val_f1=0.6336 | val_acc=0.9928 | lr=0.000464
Epoch 289/500 | train_loss=0.1548 | val_dice=0.5914 | val_iou=0.4415 | val_f1=0.5914 | val_acc=0.9916 | lr=0.000462
Epoch 290/500 | train_loss=0.1490 | val_dice=0.5962 | val_iou=0.4459 | val_f1=0.5962 | val_acc=0.9915 | lr=0.000460
Epoch 291/500 | train_loss=0.1611 | val_dice=0.6225 | val_iou=0.4733 | val_f1=0.6225 | val_acc=0.9925 | lr=0.000458
Epoch 292/500 | train_loss=0.1625 | val_dice=0.6091 | val_iou=0.4579 | val_f1=0.6091 | val_acc=0.9918 | lr=0.000456
Epoch 293/500 | train_loss=0.1500 | val_dice=0.6330 | val_iou=0.4855 | val_f1=0.6330 | val_acc=0.9929 | lr=0.000454
Epoch 294/500 | train_loss=0.1542 | val_dice=0.6097 | val_iou=0.4603 | val_f1=0.6097 | val_acc=0.9919 | lr=0.000452
Epoch 295/500 | train_loss=0.1461 | val_dice=0.6155 | val_iou=0.4654 | val_f1=0.6155 | val_acc=0.9927 | lr=0.000450
Epoch 296/500 | train_loss=0.1594 | val_dice=0.6156 | val_iou=0.4667 | val_f1=0.6156 | val_acc=0.9921 | lr=0.000448
Epoch 297/500 | train_loss=0.1536 | val_dice=0.6030 | val_iou=0.4595 | val_f1=0.6030 | val_acc=0.9922 | lr=0.000446
Epoch 298/500 | train_loss=0.1468 | val_dice=0.6131 | val_iou=0.4681 | val_f1=0.6131 | val_acc=0.9925 | lr=0.000444
Epoch 299/500 | train_loss=0.1560 | val_dice=0.6121 | val_iou=0.4622 | val_f1=0.6121 | val_acc=0.9919 | lr=0.000442
Epoch 300/500 | train_loss=0.1526 | val_dice=0.6175 | val_iou=0.4717 | val_f1=0.6175 | val_acc=0.9926 | lr=0.000440
Epoch 301/500 | train_loss=0.1517 | val_dice=0.6056 | val_iou=0.4595 | val_f1=0.6056 | val_acc=0.9920 | lr=0.000438
Epoch 302/500 | train_loss=0.1442 | val_dice=0.5995 | val_iou=0.4529 | val_f1=0.5995 | val_acc=0.9916 | lr=0.000436
Epoch 303/500 | train_loss=0.1450 | val_dice=0.6118 | val_iou=0.4630 | val_f1=0.6118 | val_acc=0.9921 | lr=0.000434
Epoch 304/500 | train_loss=0.1472 | val_dice=0.5937 | val_iou=0.4455 | val_f1=0.5937 | val_acc=0.9911 | lr=0.000432
Epoch 305/500 | train_loss=0.1435 | val_dice=0.6269 | val_iou=0.4797 | val_f1=0.6269 | val_acc=0.9926 | lr=0.000430
Epoch 306/500 | train_loss=0.1482 | val_dice=0.6342 | val_iou=0.4862 | val_f1=0.6342 | val_acc=0.9929 | lr=0.000429
Epoch 307/500 | train_loss=0.1505 | val_dice=0.6216 | val_iou=0.4735 | val_f1=0.6216 | val_acc=0.9927 | lr=0.000427
Epoch 308/500 | train_loss=0.1589 | val_dice=0.5899 | val_iou=0.4460 | val_f1=0.5899 | val_acc=0.9924 | lr=0.000425
Epoch 309/500 | train_loss=0.1512 | val_dice=0.6216 | val_iou=0.4710 | val_f1=0.6216 | val_acc=0.9924 | lr=0.000423
Epoch 310/500 | train_loss=0.1617 | val_dice=0.5975 | val_iou=0.4527 | val_f1=0.5975 | val_acc=0.9920 | lr=0.000421
Epoch 311/500 | train_loss=0.1546 | val_dice=0.6109 | val_iou=0.4613 | val_f1=0.6109 | val_acc=0.9928 | lr=0.000419
Epoch 312/500 | train_loss=0.1629 | val_dice=0.6355 | val_iou=0.4815 | val_f1=0.6355 | val_acc=0.9928 | lr=0.000417
Epoch 313/500 | train_loss=0.1472 | val_dice=0.6250 | val_iou=0.4762 | val_f1=0.6250 | val_acc=0.9926 | lr=0.000415
Epoch 314/500 | train_loss=0.1468 | val_dice=0.6022 | val_iou=0.4529 | val_f1=0.6022 | val_acc=0.9917 | lr=0.000413
Epoch 315/500 | train_loss=0.1508 | val_dice=0.5909 | val_iou=0.4407 | val_f1=0.5909 | val_acc=0.9911 | lr=0.000411
Epoch 316/500 | train_loss=0.1485 | val_dice=0.6270 | val_iou=0.4754 | val_f1=0.6270 | val_acc=0.9921 | lr=0.000409
Epoch 317/500 | train_loss=0.1453 | val_dice=0.6217 | val_iou=0.4726 | val_f1=0.6217 | val_acc=0.9919 | lr=0.000407
Epoch 318/500 | train_loss=0.1526 | val_dice=0.6265 | val_iou=0.4752 | val_f1=0.6265 | val_acc=0.9922 | lr=0.000405
Epoch 319/500 | train_loss=0.1457 | val_dice=0.6260 | val_iou=0.4749 | val_f1=0.6260 | val_acc=0.9921 | lr=0.000403
Epoch 320/500 | train_loss=0.1458 | val_dice=0.6064 | val_iou=0.4621 | val_f1=0.6064 | val_acc=0.9927 | lr=0.000401
Epoch 321/500 | train_loss=0.1414 | val_dice=0.6183 | val_iou=0.4703 | val_f1=0.6183 | val_acc=0.9926 | lr=0.000399
Epoch 322/500 | train_loss=0.1418 | val_dice=0.6406 | val_iou=0.4933 | val_f1=0.6406 | val_acc=0.9928 | lr=0.000397
Epoch 323/500 | train_loss=0.1426 | val_dice=0.6095 | val_iou=0.4583 | val_f1=0.6095 | val_acc=0.9919 | lr=0.000395
Epoch 324/500 | train_loss=0.1373 | val_dice=0.6249 | val_iou=0.4776 | val_f1=0.6249 | val_acc=0.9926 | lr=0.000393
Epoch 325/500 | train_loss=0.1422 | val_dice=0.6167 | val_iou=0.4680 | val_f1=0.6167 | val_acc=0.9923 | lr=0.000391
Epoch 326/500 | train_loss=0.1426 | val_dice=0.6253 | val_iou=0.4750 | val_f1=0.6253 | val_acc=0.9923 | lr=0.000389
Epoch 327/500 | train_loss=0.1476 | val_dice=0.6297 | val_iou=0.4800 | val_f1=0.6297 | val_acc=0.9924 | lr=0.000387
Epoch 328/500 | train_loss=0.1431 | val_dice=0.6196 | val_iou=0.4696 | val_f1=0.6196 | val_acc=0.9921 | lr=0.000385
Epoch 329/500 | train_loss=0.1490 | val_dice=0.6282 | val_iou=0.4782 | val_f1=0.6282 | val_acc=0.9924 | lr=0.000383
Epoch 330/500 | train_loss=0.1458 | val_dice=0.6173 | val_iou=0.4710 | val_f1=0.6173 | val_acc=0.9927 | lr=0.000381
Epoch 331/500 | train_loss=0.1462 | val_dice=0.5998 | val_iou=0.4504 | val_f1=0.5998 | val_acc=0.9915 | lr=0.000379
Epoch 332/500 | train_loss=0.1353 | val_dice=0.6075 | val_iou=0.4590 | val_f1=0.6075 | val_acc=0.9923 | lr=0.000377
Epoch 333/500 | train_loss=0.1497 | val_dice=0.6329 | val_iou=0.4852 | val_f1=0.6329 | val_acc=0.9928 | lr=0.000375
Epoch 334/500 | train_loss=0.1403 | val_dice=0.6214 | val_iou=0.4736 | val_f1=0.6214 | val_acc=0.9923 | lr=0.000373
Epoch 335/500 | train_loss=0.1462 | val_dice=0.6230 | val_iou=0.4718 | val_f1=0.6230 | val_acc=0.9924 | lr=0.000371
Epoch 336/500 | train_loss=0.1448 | val_dice=0.6302 | val_iou=0.4835 | val_f1=0.6302 | val_acc=0.9927 | lr=0.000369
Epoch 337/500 | train_loss=0.1385 | val_dice=0.6373 | val_iou=0.4930 | val_f1=0.6373 | val_acc=0.9931 | lr=0.000367
Epoch 338/500 | train_loss=0.1462 | val_dice=0.6403 | val_iou=0.4991 | val_f1=0.6403 | val_acc=0.9933 | lr=0.000365
Epoch 339/500 | train_loss=0.1433 | val_dice=0.6213 | val_iou=0.4736 | val_f1=0.6213 | val_acc=0.9925 | lr=0.000363
Epoch 340/500 | train_loss=0.1445 | val_dice=0.6180 | val_iou=0.4716 | val_f1=0.6180 | val_acc=0.9921 | lr=0.000361
Epoch 341/500 | train_loss=0.1440 | val_dice=0.6304 | val_iou=0.4829 | val_f1=0.6304 | val_acc=0.9924 | lr=0.000359
Epoch 342/500 | train_loss=0.1457 | val_dice=0.6253 | val_iou=0.4783 | val_f1=0.6253 | val_acc=0.9924 | lr=0.000357
Epoch 343/500 | train_loss=0.1400 | val_dice=0.6492 | val_iou=0.5017 | val_f1=0.6492 | val_acc=0.9931 | lr=0.000355
Epoch 344/500 | train_loss=0.1441 | val_dice=0.6185 | val_iou=0.4709 | val_f1=0.6185 | val_acc=0.9922 | lr=0.000353
Epoch 345/500 | train_loss=0.1533 | val_dice=0.6342 | val_iou=0.4869 | val_f1=0.6342 | val_acc=0.9926 | lr=0.000351
Epoch 346/500 | train_loss=0.1283 | val_dice=0.6218 | val_iou=0.4755 | val_f1=0.6218 | val_acc=0.9921 | lr=0.000349
Epoch 347/500 | train_loss=0.1433 | val_dice=0.6451 | val_iou=0.4936 | val_f1=0.6451 | val_acc=0.9931 | lr=0.000346
Epoch 348/500 | train_loss=0.1410 | val_dice=0.6445 | val_iou=0.4975 | val_f1=0.6445 | val_acc=0.9928 | lr=0.000344
Epoch 349/500 | train_loss=0.1371 | val_dice=0.6258 | val_iou=0.4754 | val_f1=0.6258 | val_acc=0.9923 | lr=0.000342
Epoch 350/500 | train_loss=0.1457 | val_dice=0.6014 | val_iou=0.4551 | val_f1=0.6014 | val_acc=0.9917 | lr=0.000340
Epoch 351/500 | train_loss=0.1446 | val_dice=0.6202 | val_iou=0.4730 | val_f1=0.6202 | val_acc=0.9923 | lr=0.000338
Epoch 352/500 | train_loss=0.1353 | val_dice=0.6186 | val_iou=0.4723 | val_f1=0.6186 | val_acc=0.9925 | lr=0.000336
Epoch 353/500 | train_loss=0.1335 | val_dice=0.6090 | val_iou=0.4626 | val_f1=0.6090 | val_acc=0.9922 | lr=0.000334
Epoch 354/500 | train_loss=0.1434 | val_dice=0.6182 | val_iou=0.4741 | val_f1=0.6182 | val_acc=0.9926 | lr=0.000332
Epoch 355/500 | train_loss=0.1394 | val_dice=0.6225 | val_iou=0.4780 | val_f1=0.6225 | val_acc=0.9926 | lr=0.000330
Epoch 356/500 | train_loss=0.1410 | val_dice=0.6214 | val_iou=0.4778 | val_f1=0.6214 | val_acc=0.9926 | lr=0.000328
Epoch 357/500 | train_loss=0.1431 | val_dice=0.6384 | val_iou=0.4956 | val_f1=0.6384 | val_acc=0.9930 | lr=0.000326
Epoch 358/500 | train_loss=0.1376 | val_dice=0.6132 | val_iou=0.4675 | val_f1=0.6132 | val_acc=0.9920 | lr=0.000324
Epoch 359/500 | train_loss=0.1423 | val_dice=0.6337 | val_iou=0.4869 | val_f1=0.6337 | val_acc=0.9929 | lr=0.000322
Epoch 360/500 | train_loss=0.1378 | val_dice=0.6263 | val_iou=0.4809 | val_f1=0.6263 | val_acc=0.9925 | lr=0.000320
Epoch 361/500 | train_loss=0.1358 | val_dice=0.6326 | val_iou=0.4870 | val_f1=0.6326 | val_acc=0.9930 | lr=0.000318
Epoch 362/500 | train_loss=0.1278 | val_dice=0.6344 | val_iou=0.4884 | val_f1=0.6344 | val_acc=0.9930 | lr=0.000316
Epoch 363/500 | train_loss=0.1387 | val_dice=0.6190 | val_iou=0.4745 | val_f1=0.6190 | val_acc=0.9926 | lr=0.000314
Epoch 364/500 | train_loss=0.1372 | val_dice=0.6197 | val_iou=0.4754 | val_f1=0.6197 | val_acc=0.9926 | lr=0.000312
Epoch 365/500 | train_loss=0.1375 | val_dice=0.6183 | val_iou=0.4727 | val_f1=0.6183 | val_acc=0.9921 | lr=0.000310
Epoch 366/500 | train_loss=0.1437 | val_dice=0.6063 | val_iou=0.4603 | val_f1=0.6063 | val_acc=0.9921 | lr=0.000308
Epoch 367/500 | train_loss=0.1353 | val_dice=0.6121 | val_iou=0.4619 | val_f1=0.6121 | val_acc=0.9918 | lr=0.000306
Epoch 368/500 | train_loss=0.1523 | val_dice=0.6215 | val_iou=0.4719 | val_f1=0.6215 | val_acc=0.9925 | lr=0.000304
Epoch 369/500 | train_loss=0.1452 | val_dice=0.6180 | val_iou=0.4712 | val_f1=0.6180 | val_acc=0.9924 | lr=0.000302
Epoch 370/500 | train_loss=0.1476 | val_dice=0.6360 | val_iou=0.4903 | val_f1=0.6360 | val_acc=0.9929 | lr=0.000300
Epoch 371/500 | train_loss=0.1346 | val_dice=0.6142 | val_iou=0.4730 | val_f1=0.6142 | val_acc=0.9930 | lr=0.000297
Epoch 372/500 | train_loss=0.1283 | val_dice=0.6195 | val_iou=0.4755 | val_f1=0.6195 | val_acc=0.9925 | lr=0.000295
Epoch 373/500 | train_loss=0.1286 | val_dice=0.6226 | val_iou=0.4770 | val_f1=0.6226 | val_acc=0.9926 | lr=0.000293
Epoch 374/500 | train_loss=0.1381 | val_dice=0.6250 | val_iou=0.4761 | val_f1=0.6250 | val_acc=0.9924 | lr=0.000291
Epoch 375/500 | train_loss=0.1407 | val_dice=0.6171 | val_iou=0.4722 | val_f1=0.6171 | val_acc=0.9924 | lr=0.000289
Epoch 376/500 | train_loss=0.1429 | val_dice=0.6131 | val_iou=0.4682 | val_f1=0.6131 | val_acc=0.9922 | lr=0.000287
Epoch 377/500 | train_loss=0.1334 | val_dice=0.6319 | val_iou=0.4887 | val_f1=0.6319 | val_acc=0.9929 | lr=0.000285
Epoch 378/500 | train_loss=0.1316 | val_dice=0.6252 | val_iou=0.4796 | val_f1=0.6252 | val_acc=0.9925 | lr=0.000283
Epoch 379/500 | train_loss=0.1347 | val_dice=0.6231 | val_iou=0.4750 | val_f1=0.6231 | val_acc=0.9923 | lr=0.000281
Epoch 380/500 | train_loss=0.1423 | val_dice=0.6199 | val_iou=0.4726 | val_f1=0.6199 | val_acc=0.9923 | lr=0.000279
Epoch 381/500 | train_loss=0.1344 | val_dice=0.6284 | val_iou=0.4835 | val_f1=0.6284 | val_acc=0.9926 | lr=0.000277
Epoch 382/500 | train_loss=0.1426 | val_dice=0.6315 | val_iou=0.4847 | val_f1=0.6315 | val_acc=0.9926 | lr=0.000275
Epoch 383/500 | train_loss=0.1440 | val_dice=0.6281 | val_iou=0.4830 | val_f1=0.6281 | val_acc=0.9926 | lr=0.000273
Epoch 384/500 | train_loss=0.1356 | val_dice=0.6207 | val_iou=0.4734 | val_f1=0.6207 | val_acc=0.9924 | lr=0.000271
Epoch 385/500 | train_loss=0.1313 | val_dice=0.6338 | val_iou=0.4859 | val_f1=0.6338 | val_acc=0.9925 | lr=0.000268
Epoch 386/500 | train_loss=0.1310 | val_dice=0.6297 | val_iou=0.4843 | val_f1=0.6297 | val_acc=0.9922 | lr=0.000266
Epoch 387/500 | train_loss=0.1308 | val_dice=0.6448 | val_iou=0.4994 | val_f1=0.6448 | val_acc=0.9929 | lr=0.000264
Epoch 388/500 | train_loss=0.1358 | val_dice=0.6144 | val_iou=0.4690 | val_f1=0.6144 | val_acc=0.9919 | lr=0.000262
Epoch 389/500 | train_loss=0.1312 | val_dice=0.6203 | val_iou=0.4752 | val_f1=0.6203 | val_acc=0.9919 | lr=0.000260
Epoch 390/500 | train_loss=0.1339 | val_dice=0.6146 | val_iou=0.4689 | val_f1=0.6146 | val_acc=0.9920 | lr=0.000258
Epoch 391/500 | train_loss=0.1291 | val_dice=0.6315 | val_iou=0.4878 | val_f1=0.6315 | val_acc=0.9924 | lr=0.000256
Epoch 392/500 | train_loss=0.1360 | val_dice=0.6319 | val_iou=0.4885 | val_f1=0.6319 | val_acc=0.9925 | lr=0.000254
Epoch 393/500 | train_loss=0.1302 | val_dice=0.6102 | val_iou=0.4655 | val_f1=0.6102 | val_acc=0.9919 | lr=0.000252
Epoch 394/500 | train_loss=0.1373 | val_dice=0.6151 | val_iou=0.4703 | val_f1=0.6151 | val_acc=0.9921 | lr=0.000250
Epoch 395/500 | train_loss=0.1349 | val_dice=0.6226 | val_iou=0.4745 | val_f1=0.6226 | val_acc=0.9920 | lr=0.000248
Epoch 396/500 | train_loss=0.1400 | val_dice=0.6290 | val_iou=0.4812 | val_f1=0.6290 | val_acc=0.9922 | lr=0.000245
Epoch 397/500 | train_loss=0.1306 | val_dice=0.6377 | val_iou=0.4911 | val_f1=0.6377 | val_acc=0.9925 | lr=0.000243
Epoch 398/500 | train_loss=0.1333 | val_dice=0.6392 | val_iou=0.4948 | val_f1=0.6392 | val_acc=0.9928 | lr=0.000241
Epoch 399/500 | train_loss=0.1314 | val_dice=0.6304 | val_iou=0.4819 | val_f1=0.6304 | val_acc=0.9927 | lr=0.000239
Epoch 400/500 | train_loss=0.1311 | val_dice=0.6297 | val_iou=0.4844 | val_f1=0.6297 | val_acc=0.9925 | lr=0.000237
Epoch 401/500 | train_loss=0.1307 | val_dice=0.6356 | val_iou=0.4892 | val_f1=0.6356 | val_acc=0.9925 | lr=0.000235
Epoch 402/500 | train_loss=0.1359 | val_dice=0.6347 | val_iou=0.4881 | val_f1=0.6347 | val_acc=0.9927 | lr=0.000233
Epoch 403/500 | train_loss=0.1255 | val_dice=0.6196 | val_iou=0.4738 | val_f1=0.6196 | val_acc=0.9922 | lr=0.000231
Epoch 404/500 | train_loss=0.1367 | val_dice=0.6245 | val_iou=0.4803 | val_f1=0.6245 | val_acc=0.9926 | lr=0.000229
Epoch 405/500 | train_loss=0.1237 | val_dice=0.6358 | val_iou=0.4878 | val_f1=0.6358 | val_acc=0.9927 | lr=0.000226
Epoch 406/500 | train_loss=0.1249 | val_dice=0.6314 | val_iou=0.4838 | val_f1=0.6314 | val_acc=0.9927 | lr=0.000224
Epoch 407/500 | train_loss=0.1323 | val_dice=0.6264 | val_iou=0.4806 | val_f1=0.6264 | val_acc=0.9926 | lr=0.000222
Epoch 408/500 | train_loss=0.1314 | val_dice=0.6263 | val_iou=0.4804 | val_f1=0.6263 | val_acc=0.9925 | lr=0.000220
Epoch 409/500 | train_loss=0.1323 | val_dice=0.6304 | val_iou=0.4866 | val_f1=0.6304 | val_acc=0.9931 | lr=0.000218
Epoch 410/500 | train_loss=0.1364 | val_dice=0.6270 | val_iou=0.4823 | val_f1=0.6270 | val_acc=0.9925 | lr=0.000216
Epoch 411/500 | train_loss=0.1325 | val_dice=0.6275 | val_iou=0.4798 | val_f1=0.6275 | val_acc=0.9923 | lr=0.000214
Epoch 412/500 | train_loss=0.1310 | val_dice=0.6277 | val_iou=0.4844 | val_f1=0.6277 | val_acc=0.9925 | lr=0.000212
Epoch 413/500 | train_loss=0.1403 | val_dice=0.6268 | val_iou=0.4799 | val_f1=0.6268 | val_acc=0.9925 | lr=0.000209
Epoch 414/500 | train_loss=0.1298 | val_dice=0.6372 | val_iou=0.4879 | val_f1=0.6372 | val_acc=0.9927 | lr=0.000207
Epoch 415/500 | train_loss=0.1333 | val_dice=0.6328 | val_iou=0.4863 | val_f1=0.6328 | val_acc=0.9928 | lr=0.000205
Epoch 416/500 | train_loss=0.1322 | val_dice=0.6471 | val_iou=0.5016 | val_f1=0.6471 | val_acc=0.9931 | lr=0.000203
Epoch 417/500 | train_loss=0.1373 | val_dice=0.6282 | val_iou=0.4797 | val_f1=0.6282 | val_acc=0.9924 | lr=0.000201
Epoch 418/500 | train_loss=0.1349 | val_dice=0.6328 | val_iou=0.4862 | val_f1=0.6328 | val_acc=0.9930 | lr=0.000199
Epoch 419/500 | train_loss=0.1194 | val_dice=0.6296 | val_iou=0.4849 | val_f1=0.6296 | val_acc=0.9931 | lr=0.000196
Epoch 420/500 | train_loss=0.1223 | val_dice=0.6094 | val_iou=0.4614 | val_f1=0.6094 | val_acc=0.9919 | lr=0.000194
Epoch 421/500 | train_loss=0.1287 | val_dice=0.6467 | val_iou=0.5006 | val_f1=0.6467 | val_acc=0.9932 | lr=0.000192
Epoch 422/500 | train_loss=0.1262 | val_dice=0.6405 | val_iou=0.4946 | val_f1=0.6405 | val_acc=0.9933 | lr=0.000190
Epoch 423/500 | train_loss=0.1370 | val_dice=0.6407 | val_iou=0.4927 | val_f1=0.6407 | val_acc=0.9929 | lr=0.000188
Epoch 424/500 | train_loss=0.1236 | val_dice=0.6431 | val_iou=0.4945 | val_f1=0.6431 | val_acc=0.9930 | lr=0.000186
Epoch 425/500 | train_loss=0.1262 | val_dice=0.6261 | val_iou=0.4806 | val_f1=0.6261 | val_acc=0.9930 | lr=0.000184
Epoch 426/500 | train_loss=0.1255 | val_dice=0.6274 | val_iou=0.4817 | val_f1=0.6274 | val_acc=0.9925 | lr=0.000181
Epoch 427/500 | train_loss=0.1273 | val_dice=0.6394 | val_iou=0.4919 | val_f1=0.6394 | val_acc=0.9929 | lr=0.000179
Epoch 428/500 | train_loss=0.1204 | val_dice=0.6366 | val_iou=0.4884 | val_f1=0.6366 | val_acc=0.9929 | lr=0.000177
Epoch 429/500 | train_loss=0.1214 | val_dice=0.6391 | val_iou=0.4892 | val_f1=0.6391 | val_acc=0.9929 | lr=0.000175
Epoch 430/500 | train_loss=0.1239 | val_dice=0.6404 | val_iou=0.4919 | val_f1=0.6404 | val_acc=0.9927 | lr=0.000173
Epoch 431/500 | train_loss=0.1283 | val_dice=0.6485 | val_iou=0.5008 | val_f1=0.6485 | val_acc=0.9930 | lr=0.000170
Epoch 432/500 | train_loss=0.1312 | val_dice=0.6401 | val_iou=0.4934 | val_f1=0.6401 | val_acc=0.9929 | lr=0.000168
Epoch 433/500 | train_loss=0.1353 | val_dice=0.6411 | val_iou=0.4945 | val_f1=0.6411 | val_acc=0.9928 | lr=0.000166
Epoch 434/500 | train_loss=0.1275 | val_dice=0.6556 | val_iou=0.5119 | val_f1=0.6556 | val_acc=0.9934 | lr=0.000164
Epoch 435/500 | train_loss=0.1277 | val_dice=0.6505 | val_iou=0.5029 | val_f1=0.6505 | val_acc=0.9931 | lr=0.000162
Epoch 436/500 | train_loss=0.1197 | val_dice=0.6463 | val_iou=0.4960 | val_f1=0.6463 | val_acc=0.9928 | lr=0.000159
Epoch 437/500 | train_loss=0.1239 | val_dice=0.6450 | val_iou=0.4976 | val_f1=0.6450 | val_acc=0.9931 | lr=0.000157
Epoch 438/500 | train_loss=0.1269 | val_dice=0.6450 | val_iou=0.4969 | val_f1=0.6450 | val_acc=0.9930 | lr=0.000155
Epoch 439/500 | train_loss=0.1249 | val_dice=0.6447 | val_iou=0.4974 | val_f1=0.6447 | val_acc=0.9932 | lr=0.000153
Epoch 440/500 | train_loss=0.1316 | val_dice=0.6511 | val_iou=0.5047 | val_f1=0.6511 | val_acc=0.9931 | lr=0.000151
Epoch 441/500 | train_loss=0.1293 | val_dice=0.6428 | val_iou=0.4960 | val_f1=0.6428 | val_acc=0.9927 | lr=0.000148
Epoch 442/500 | train_loss=0.1213 | val_dice=0.6456 | val_iou=0.4996 | val_f1=0.6456 | val_acc=0.9930 | lr=0.000146
Epoch 443/500 | train_loss=0.1185 | val_dice=0.6403 | val_iou=0.4913 | val_f1=0.6403 | val_acc=0.9929 | lr=0.000144
Epoch 444/500 | train_loss=0.1143 | val_dice=0.6393 | val_iou=0.4915 | val_f1=0.6393 | val_acc=0.9928 | lr=0.000142
Epoch 445/500 | train_loss=0.1238 | val_dice=0.6477 | val_iou=0.5013 | val_f1=0.6477 | val_acc=0.9931 | lr=0.000139
Epoch 446/500 | train_loss=0.1280 | val_dice=0.6305 | val_iou=0.4818 | val_f1=0.6305 | val_acc=0.9933 | lr=0.000137
Epoch 447/500 | train_loss=0.1176 | val_dice=0.6307 | val_iou=0.4807 | val_f1=0.6307 | val_acc=0.9924 | lr=0.000135
Epoch 448/500 | train_loss=0.1212 | val_dice=0.6496 | val_iou=0.5009 | val_f1=0.6496 | val_acc=0.9930 | lr=0.000133
Epoch 449/500 | train_loss=0.1247 | val_dice=0.6356 | val_iou=0.4872 | val_f1=0.6356 | val_acc=0.9926 | lr=0.000130
Epoch 450/500 | train_loss=0.1245 | val_dice=0.6358 | val_iou=0.4880 | val_f1=0.6358 | val_acc=0.9926 | lr=0.000128
Epoch 451/500 | train_loss=0.1260 | val_dice=0.6401 | val_iou=0.4937 | val_f1=0.6401 | val_acc=0.9927 | lr=0.000126
Epoch 452/500 | train_loss=0.1285 | val_dice=0.6454 | val_iou=0.5001 | val_f1=0.6454 | val_acc=0.9930 | lr=0.000124
Epoch 453/500 | train_loss=0.1318 | val_dice=0.6420 | val_iou=0.4941 | val_f1=0.6420 | val_acc=0.9927 | lr=0.000121
Epoch 454/500 | train_loss=0.1325 | val_dice=0.6396 | val_iou=0.4914 | val_f1=0.6396 | val_acc=0.9925 | lr=0.000119
Epoch 455/500 | train_loss=0.1253 | val_dice=0.6522 | val_iou=0.5049 | val_f1=0.6522 | val_acc=0.9931 | lr=0.000117
Epoch 456/500 | train_loss=0.1184 | val_dice=0.6360 | val_iou=0.4888 | val_f1=0.6360 | val_acc=0.9926 | lr=0.000115
Epoch 457/500 | train_loss=0.1293 | val_dice=0.6410 | val_iou=0.4936 | val_f1=0.6410 | val_acc=0.9931 | lr=0.000112
Epoch 458/500 | train_loss=0.1183 | val_dice=0.6475 | val_iou=0.4981 | val_f1=0.6475 | val_acc=0.9929 | lr=0.000110
Epoch 459/500 | train_loss=0.1217 | val_dice=0.6515 | val_iou=0.5040 | val_f1=0.6515 | val_acc=0.9932 | lr=0.000108
Epoch 460/500 | train_loss=0.1250 | val_dice=0.6396 | val_iou=0.4949 | val_f1=0.6396 | val_acc=0.9927 | lr=0.000105
Epoch 461/500 | train_loss=0.1221 | val_dice=0.6396 | val_iou=0.4938 | val_f1=0.6396 | val_acc=0.9927 | lr=0.000103
Epoch 462/500 | train_loss=0.1202 | val_dice=0.6597 | val_iou=0.5138 | val_f1=0.6597 | val_acc=0.9934 | lr=0.000101
Epoch 463/500 | train_loss=0.1186 | val_dice=0.6378 | val_iou=0.4907 | val_f1=0.6378 | val_acc=0.9927 | lr=0.000098
Epoch 464/500 | train_loss=0.1207 | val_dice=0.6504 | val_iou=0.5052 | val_f1=0.6504 | val_acc=0.9932 | lr=0.000096
Epoch 465/500 | train_loss=0.1242 | val_dice=0.6408 | val_iou=0.4937 | val_f1=0.6408 | val_acc=0.9932 | lr=0.000094
Epoch 466/500 | train_loss=0.1194 | val_dice=0.6408 | val_iou=0.4937 | val_f1=0.6408 | val_acc=0.9927 | lr=0.000091
Epoch 467/500 | train_loss=0.1221 | val_dice=0.6435 | val_iou=0.4973 | val_f1=0.6435 | val_acc=0.9929 | lr=0.000089
Epoch 468/500 | train_loss=0.1254 | val_dice=0.6490 | val_iou=0.5027 | val_f1=0.6490 | val_acc=0.9932 | lr=0.000087
Epoch 469/500 | train_loss=0.1211 | val_dice=0.6442 | val_iou=0.4981 | val_f1=0.6442 | val_acc=0.9931 | lr=0.000084
Epoch 470/500 | train_loss=0.1267 | val_dice=0.6433 | val_iou=0.4972 | val_f1=0.6433 | val_acc=0.9931 | lr=0.000082
Epoch 471/500 | train_loss=0.1153 | val_dice=0.6404 | val_iou=0.4929 | val_f1=0.6404 | val_acc=0.9929 | lr=0.000079
Epoch 472/500 | train_loss=0.1258 | val_dice=0.6404 | val_iou=0.4949 | val_f1=0.6404 | val_acc=0.9930 | lr=0.000077
Epoch 473/500 | train_loss=0.1166 | val_dice=0.6485 | val_iou=0.5032 | val_f1=0.6485 | val_acc=0.9931 | lr=0.000075
Epoch 474/500 | train_loss=0.1236 | val_dice=0.6492 | val_iou=0.5031 | val_f1=0.6492 | val_acc=0.9932 | lr=0.000072
Epoch 475/500 | train_loss=0.1283 | val_dice=0.6430 | val_iou=0.4969 | val_f1=0.6430 | val_acc=0.9929 | lr=0.000070
Epoch 476/500 | train_loss=0.1279 | val_dice=0.6428 | val_iou=0.4965 | val_f1=0.6428 | val_acc=0.9928 | lr=0.000067
Epoch 477/500 | train_loss=0.1189 | val_dice=0.6449 | val_iou=0.4997 | val_f1=0.6449 | val_acc=0.9929 | lr=0.000065
Epoch 478/500 | train_loss=0.1200 | val_dice=0.6399 | val_iou=0.4954 | val_f1=0.6399 | val_acc=0.9929 | lr=0.000063
Epoch 479/500 | train_loss=0.1256 | val_dice=0.6420 | val_iou=0.4977 | val_f1=0.6420 | val_acc=0.9929 | lr=0.000060
Epoch 480/500 | train_loss=0.1205 | val_dice=0.6374 | val_iou=0.4928 | val_f1=0.6373 | val_acc=0.9927 | lr=0.000058
Epoch 481/500 | train_loss=0.1271 | val_dice=0.6376 | val_iou=0.4928 | val_f1=0.6376 | val_acc=0.9927 | lr=0.000055
Epoch 482/500 | train_loss=0.1260 | val_dice=0.6368 | val_iou=0.4912 | val_f1=0.6368 | val_acc=0.9927 | lr=0.000053
Epoch 483/500 | train_loss=0.1142 | val_dice=0.6371 | val_iou=0.4914 | val_f1=0.6371 | val_acc=0.9927 | lr=0.000050
Epoch 484/500 | train_loss=0.1193 | val_dice=0.6390 | val_iou=0.4934 | val_f1=0.6390 | val_acc=0.9928 | lr=0.000048
Epoch 485/500 | train_loss=0.1240 | val_dice=0.6451 | val_iou=0.4998 | val_f1=0.6451 | val_acc=0.9930 | lr=0.000045
Epoch 486/500 | train_loss=0.1157 | val_dice=0.6420 | val_iou=0.4970 | val_f1=0.6420 | val_acc=0.9929 | lr=0.000043
Epoch 487/500 | train_loss=0.1147 | val_dice=0.6470 | val_iou=0.5025 | val_f1=0.6470 | val_acc=0.9932 | lr=0.000040
Epoch 488/500 | train_loss=0.1176 | val_dice=0.6481 | val_iou=0.5034 | val_f1=0.6481 | val_acc=0.9931 | lr=0.000037
Epoch 489/500 | train_loss=0.1180 | val_dice=0.6429 | val_iou=0.4981 | val_f1=0.6429 | val_acc=0.9929 | lr=0.000035
Epoch 490/500 | train_loss=0.1162 | val_dice=0.6467 | val_iou=0.5023 | val_f1=0.6467 | val_acc=0.9931 | lr=0.000032
Epoch 491/500 | train_loss=0.1270 | val_dice=0.6479 | val_iou=0.5035 | val_f1=0.6479 | val_acc=0.9932 | lr=0.000030
Epoch 492/500 | train_loss=0.1182 | val_dice=0.6472 | val_iou=0.5017 | val_f1=0.6472 | val_acc=0.9930 | lr=0.000027
Epoch 493/500 | train_loss=0.1188 | val_dice=0.6456 | val_iou=0.5001 | val_f1=0.6456 | val_acc=0.9930 | lr=0.000024
Epoch 494/500 | train_loss=0.1186 | val_dice=0.6438 | val_iou=0.4980 | val_f1=0.6438 | val_acc=0.9929 | lr=0.000021
Epoch 495/500 | train_loss=0.1213 | val_dice=0.6445 | val_iou=0.4986 | val_f1=0.6445 | val_acc=0.9929 | lr=0.000019
Epoch 496/500 | train_loss=0.1203 | val_dice=0.6454 | val_iou=0.4998 | val_f1=0.6454 | val_acc=0.9930 | lr=0.000016
Epoch 497/500 | train_loss=0.1171 | val_dice=0.6450 | val_iou=0.4996 | val_f1=0.6450 | val_acc=0.9930 | lr=0.000013
Epoch 498/500 | train_loss=0.1194 | val_dice=0.6440 | val_iou=0.4988 | val_f1=0.6440 | val_acc=0.9930 | lr=0.000010
Epoch 499/500 | train_loss=0.1258 | val_dice=0.6457 | val_iou=0.5006 | val_f1=0.6457 | val_acc=0.9930 | lr=0.000007
Epoch 500/500 | train_loss=0.1217 | val_dice=0.6461 | val_iou=0.5010 | val_f1=0.6461 | val_acc=0.9930 | lr=0.000004
[INFO] Best checkpoint at epoch 462 | val_dice=0.6597
[INFO] Training complete | best_val_dice=0.6597 | last_val_dice=0.6461 | test_dice=0.7776 | total_time=15638s (avg 31.3s/epoch)
