# ==========================================================================
# RECONSTRUCTED training log  --  Attention_UNet  --  Dataset_Mixed_Size
# Source: logs/metrics.csv (+ run_config.json, run_summary.json)
# The original console log was not persisted for this architecture.
# Per-epoch values below are EXACT (from metrics.csv).
# Per-epoch wall-clock timestamps were not recorded and are omitted.
# Line format matches UNet_BCE train.log for cross-model comparison.
# ==========================================================================
[INFO] Model: AttentionUNet3D | params=35.575M
[INFO] System: NVIDIA GeForce RTX 4070 Ti SUPER | torch=2.5.1+cu124 | cuda=12.4
[INFO] Config: epochs=500, batch_size=1, lr=0.001, loss=dice_ce, scheduler=poly, seed=42, amp=True
[INFO] Loaded 87 train / 22 val studies
Epoch 001/500 | train_loss=0.8179 | val_dice=0.0000 | val_iou=0.0000 | val_f1=0.0000 | val_acc=0.9898 | lr=0.000200
Epoch 002/500 | train_loss=0.7974 | val_dice=0.0000 | val_iou=0.0000 | val_f1=0.0000 | val_acc=0.9907 | lr=0.000400
Epoch 003/500 | train_loss=0.7679 | val_dice=0.0000 | val_iou=0.0000 | val_f1=0.0000 | val_acc=0.9909 | lr=0.000600
Epoch 004/500 | train_loss=0.7035 | val_dice=0.0000 | val_iou=0.0000 | val_f1=0.0000 | val_acc=0.9919 | lr=0.000800
Epoch 005/500 | train_loss=0.6039 | val_dice=0.0000 | val_iou=0.0000 | val_f1=0.0000 | val_acc=0.9921 | lr=0.001000
Epoch 006/500 | train_loss=0.5235 | val_dice=0.2328 | val_iou=0.1448 | val_f1=0.2328 | val_acc=0.9683 | lr=0.000991
Epoch 007/500 | train_loss=0.4662 | val_dice=0.2575 | val_iou=0.1644 | val_f1=0.2575 | val_acc=0.9808 | lr=0.000989
Epoch 008/500 | train_loss=0.4168 | val_dice=0.2925 | val_iou=0.1920 | val_f1=0.2925 | val_acc=0.9887 | lr=0.000987
Epoch 009/500 | train_loss=0.3912 | val_dice=0.3257 | val_iou=0.2145 | val_f1=0.3257 | val_acc=0.9853 | lr=0.000986
Epoch 010/500 | train_loss=0.3853 | val_dice=0.3459 | val_iou=0.2359 | val_f1=0.3459 | val_acc=0.9890 | lr=0.000984
Epoch 011/500 | train_loss=0.3752 | val_dice=0.3116 | val_iou=0.2092 | val_f1=0.3116 | val_acc=0.9865 | lr=0.000982
Epoch 012/500 | train_loss=0.3633 | val_dice=0.3681 | val_iou=0.2572 | val_f1=0.3681 | val_acc=0.9891 | lr=0.000980
Epoch 013/500 | train_loss=0.3721 | val_dice=0.3609 | val_iou=0.2507 | val_f1=0.3609 | val_acc=0.9877 | lr=0.000978
Epoch 014/500 | train_loss=0.3531 | val_dice=0.3451 | val_iou=0.2360 | val_f1=0.3451 | val_acc=0.9873 | lr=0.000977
Epoch 015/500 | train_loss=0.3596 | val_dice=0.3627 | val_iou=0.2527 | val_f1=0.3627 | val_acc=0.9905 | lr=0.000975
Epoch 016/500 | train_loss=0.3477 | val_dice=0.3605 | val_iou=0.2510 | val_f1=0.3605 | val_acc=0.9903 | lr=0.000973
Epoch 017/500 | train_loss=0.3468 | val_dice=0.3428 | val_iou=0.2341 | val_f1=0.3428 | val_acc=0.9898 | lr=0.000971
Epoch 018/500 | train_loss=0.3432 | val_dice=0.3509 | val_iou=0.2417 | val_f1=0.3509 | val_acc=0.9885 | lr=0.000969
Epoch 019/500 | train_loss=0.3470 | val_dice=0.3713 | val_iou=0.2610 | val_f1=0.3713 | val_acc=0.9898 | lr=0.000968
Epoch 020/500 | train_loss=0.3478 | val_dice=0.3623 | val_iou=0.2512 | val_f1=0.3623 | val_acc=0.9883 | lr=0.000966
Epoch 021/500 | train_loss=0.3343 | val_dice=0.3776 | val_iou=0.2658 | val_f1=0.3776 | val_acc=0.9903 | lr=0.000964
Epoch 022/500 | train_loss=0.3419 | val_dice=0.3705 | val_iou=0.2573 | val_f1=0.3705 | val_acc=0.9908 | lr=0.000962
Epoch 023/500 | train_loss=0.3454 | val_dice=0.3478 | val_iou=0.2385 | val_f1=0.3478 | val_acc=0.9902 | lr=0.000960
Epoch 024/500 | train_loss=0.3424 | val_dice=0.3568 | val_iou=0.2459 | val_f1=0.3568 | val_acc=0.9901 | lr=0.000959
Epoch 025/500 | train_loss=0.3410 | val_dice=0.3625 | val_iou=0.2517 | val_f1=0.3625 | val_acc=0.9914 | lr=0.000957
Epoch 026/500 | train_loss=0.3346 | val_dice=0.3590 | val_iou=0.2495 | val_f1=0.3590 | val_acc=0.9904 | lr=0.000955
Epoch 027/500 | train_loss=0.3291 | val_dice=0.3811 | val_iou=0.2682 | val_f1=0.3811 | val_acc=0.9905 | lr=0.000953
Epoch 028/500 | train_loss=0.3280 | val_dice=0.3623 | val_iou=0.2528 | val_f1=0.3623 | val_acc=0.9868 | lr=0.000951
Epoch 029/500 | train_loss=0.3218 | val_dice=0.3509 | val_iou=0.2489 | val_f1=0.3509 | val_acc=0.9900 | lr=0.000949
Epoch 030/500 | train_loss=0.3200 | val_dice=0.3772 | val_iou=0.2681 | val_f1=0.3772 | val_acc=0.9912 | lr=0.000948
Epoch 031/500 | train_loss=0.3308 | val_dice=0.3764 | val_iou=0.2673 | val_f1=0.3764 | val_acc=0.9905 | lr=0.000946
Epoch 032/500 | train_loss=0.3309 | val_dice=0.3811 | val_iou=0.2713 | val_f1=0.3811 | val_acc=0.9901 | lr=0.000944
Epoch 033/500 | train_loss=0.3250 | val_dice=0.3401 | val_iou=0.2337 | val_f1=0.3401 | val_acc=0.9895 | lr=0.000942
Epoch 034/500 | train_loss=0.3256 | val_dice=0.3718 | val_iou=0.2639 | val_f1=0.3718 | val_acc=0.9897 | lr=0.000940
Epoch 035/500 | train_loss=0.3231 | val_dice=0.3715 | val_iou=0.2637 | val_f1=0.3715 | val_acc=0.9892 | lr=0.000939
Epoch 036/500 | train_loss=0.3145 | val_dice=0.3834 | val_iou=0.2754 | val_f1=0.3834 | val_acc=0.9895 | lr=0.000937
Epoch 037/500 | train_loss=0.3099 | val_dice=0.3754 | val_iou=0.2670 | val_f1=0.3754 | val_acc=0.9891 | lr=0.000935
Epoch 038/500 | train_loss=0.3127 | val_dice=0.3735 | val_iou=0.2661 | val_f1=0.3735 | val_acc=0.9894 | lr=0.000933
Epoch 039/500 | train_loss=0.3102 | val_dice=0.3896 | val_iou=0.2790 | val_f1=0.3896 | val_acc=0.9908 | lr=0.000931
Epoch 040/500 | train_loss=0.3147 | val_dice=0.3563 | val_iou=0.2523 | val_f1=0.3563 | val_acc=0.9908 | lr=0.000930
Epoch 041/500 | train_loss=0.3142 | val_dice=0.3763 | val_iou=0.2699 | val_f1=0.3763 | val_acc=0.9896 | lr=0.000928
Epoch 042/500 | train_loss=0.3090 | val_dice=0.3852 | val_iou=0.2775 | val_f1=0.3852 | val_acc=0.9881 | lr=0.000926
Epoch 043/500 | train_loss=0.3110 | val_dice=0.3875 | val_iou=0.2798 | val_f1=0.3875 | val_acc=0.9901 | lr=0.000924
Epoch 044/500 | train_loss=0.3018 | val_dice=0.3941 | val_iou=0.2843 | val_f1=0.3941 | val_acc=0.9897 | lr=0.000922
Epoch 045/500 | train_loss=0.3012 | val_dice=0.3989 | val_iou=0.2903 | val_f1=0.3989 | val_acc=0.9908 | lr=0.000920
Epoch 046/500 | train_loss=0.2965 | val_dice=0.3952 | val_iou=0.2869 | val_f1=0.3952 | val_acc=0.9909 | lr=0.000919
Epoch 047/500 | train_loss=0.3055 | val_dice=0.3994 | val_iou=0.2888 | val_f1=0.3994 | val_acc=0.9914 | lr=0.000917
Epoch 048/500 | train_loss=0.3001 | val_dice=0.3942 | val_iou=0.2869 | val_f1=0.3942 | val_acc=0.9896 | lr=0.000915
Epoch 049/500 | train_loss=0.2979 | val_dice=0.4064 | val_iou=0.2969 | val_f1=0.4064 | val_acc=0.9901 | lr=0.000913
Epoch 050/500 | train_loss=0.3060 | val_dice=0.4056 | val_iou=0.2965 | val_f1=0.4056 | val_acc=0.9916 | lr=0.000911
Epoch 051/500 | train_loss=0.2986 | val_dice=0.4021 | val_iou=0.2944 | val_f1=0.4021 | val_acc=0.9910 | lr=0.000910
Epoch 052/500 | train_loss=0.2913 | val_dice=0.3956 | val_iou=0.2890 | val_f1=0.3956 | val_acc=0.9900 | lr=0.000908
Epoch 053/500 | train_loss=0.3024 | val_dice=0.4010 | val_iou=0.2915 | val_f1=0.4010 | val_acc=0.9910 | lr=0.000906
Epoch 054/500 | train_loss=0.2990 | val_dice=0.3906 | val_iou=0.2850 | val_f1=0.3906 | val_acc=0.9911 | lr=0.000904
Epoch 055/500 | train_loss=0.2814 | val_dice=0.3984 | val_iou=0.2936 | val_f1=0.3984 | val_acc=0.9905 | lr=0.000902
Epoch 056/500 | train_loss=0.2856 | val_dice=0.4178 | val_iou=0.3099 | val_f1=0.4178 | val_acc=0.9916 | lr=0.000900
Epoch 057/500 | train_loss=0.2925 | val_dice=0.4066 | val_iou=0.2990 | val_f1=0.4066 | val_acc=0.9915 | lr=0.000899
Epoch 058/500 | train_loss=0.2847 | val_dice=0.4111 | val_iou=0.2989 | val_f1=0.4111 | val_acc=0.9894 | lr=0.000897
Epoch 059/500 | train_loss=0.2818 | val_dice=0.4040 | val_iou=0.2918 | val_f1=0.4040 | val_acc=0.9919 | lr=0.000895
Epoch 060/500 | train_loss=0.2803 | val_dice=0.4086 | val_iou=0.2977 | val_f1=0.4086 | val_acc=0.9895 | lr=0.000893
Epoch 061/500 | train_loss=0.2920 | val_dice=0.3969 | val_iou=0.2901 | val_f1=0.3969 | val_acc=0.9912 | lr=0.000891
Epoch 062/500 | train_loss=0.2920 | val_dice=0.4062 | val_iou=0.2952 | val_f1=0.4062 | val_acc=0.9894 | lr=0.000889
Epoch 063/500 | train_loss=0.2921 | val_dice=0.4302 | val_iou=0.3149 | val_f1=0.4302 | val_acc=0.9907 | lr=0.000888
Epoch 064/500 | train_loss=0.2741 | val_dice=0.3911 | val_iou=0.2884 | val_f1=0.3911 | val_acc=0.9913 | lr=0.000886
Epoch 065/500 | train_loss=0.2790 | val_dice=0.4218 | val_iou=0.3117 | val_f1=0.4218 | val_acc=0.9898 | lr=0.000884
Epoch 066/500 | train_loss=0.2739 | val_dice=0.4278 | val_iou=0.3171 | val_f1=0.4278 | val_acc=0.9906 | lr=0.000882
Epoch 067/500 | train_loss=0.2807 | val_dice=0.4053 | val_iou=0.2998 | val_f1=0.4053 | val_acc=0.9900 | lr=0.000880
Epoch 068/500 | train_loss=0.2815 | val_dice=0.4064 | val_iou=0.2974 | val_f1=0.4064 | val_acc=0.9895 | lr=0.000879
Epoch 069/500 | train_loss=0.2637 | val_dice=0.3956 | val_iou=0.2925 | val_f1=0.3956 | val_acc=0.9917 | lr=0.000877
Epoch 070/500 | train_loss=0.2632 | val_dice=0.4250 | val_iou=0.3139 | val_f1=0.4250 | val_acc=0.9903 | lr=0.000875
Epoch 071/500 | train_loss=0.2675 | val_dice=0.4291 | val_iou=0.3168 | val_f1=0.4291 | val_acc=0.9898 | lr=0.000873
Epoch 072/500 | train_loss=0.2741 | val_dice=0.4219 | val_iou=0.3137 | val_f1=0.4219 | val_acc=0.9915 | lr=0.000871
Epoch 073/500 | train_loss=0.2760 | val_dice=0.4100 | val_iou=0.3083 | val_f1=0.4100 | val_acc=0.9917 | lr=0.000869
Epoch 074/500 | train_loss=0.2653 | val_dice=0.4342 | val_iou=0.3220 | val_f1=0.4342 | val_acc=0.9905 | lr=0.000868
Epoch 075/500 | train_loss=0.2585 | val_dice=0.4321 | val_iou=0.3235 | val_f1=0.4321 | val_acc=0.9923 | lr=0.000866
Epoch 076/500 | train_loss=0.2627 | val_dice=0.4300 | val_iou=0.3227 | val_f1=0.4300 | val_acc=0.9906 | lr=0.000864
Epoch 077/500 | train_loss=0.2649 | val_dice=0.4124 | val_iou=0.3092 | val_f1=0.4124 | val_acc=0.9926 | lr=0.000862
Epoch 078/500 | train_loss=0.2742 | val_dice=0.4073 | val_iou=0.2990 | val_f1=0.4073 | val_acc=0.9919 | lr=0.000860
Epoch 079/500 | train_loss=0.2548 | val_dice=0.4250 | val_iou=0.3172 | val_f1=0.4250 | val_acc=0.9905 | lr=0.000858
Epoch 080/500 | train_loss=0.2619 | val_dice=0.4285 | val_iou=0.3217 | val_f1=0.4285 | val_acc=0.9896 | lr=0.000857
Epoch 081/500 | train_loss=0.2626 | val_dice=0.4309 | val_iou=0.3173 | val_f1=0.4309 | val_acc=0.9903 | lr=0.000855
Epoch 082/500 | train_loss=0.2652 | val_dice=0.4204 | val_iou=0.3137 | val_f1=0.4204 | val_acc=0.9915 | lr=0.000853
Epoch 083/500 | train_loss=0.2612 | val_dice=0.4238 | val_iou=0.3187 | val_f1=0.4238 | val_acc=0.9925 | lr=0.000851
Epoch 084/500 | train_loss=0.2478 | val_dice=0.4305 | val_iou=0.3209 | val_f1=0.4305 | val_acc=0.9913 | lr=0.000849
Epoch 085/500 | train_loss=0.2468 | val_dice=0.4068 | val_iou=0.3044 | val_f1=0.4068 | val_acc=0.9913 | lr=0.000847
Epoch 086/500 | train_loss=0.2640 | val_dice=0.4268 | val_iou=0.3192 | val_f1=0.4268 | val_acc=0.9925 | lr=0.000846
Epoch 087/500 | train_loss=0.2611 | val_dice=0.4377 | val_iou=0.3271 | val_f1=0.4377 | val_acc=0.9917 | lr=0.000844
Epoch 088/500 | train_loss=0.2482 | val_dice=0.4338 | val_iou=0.3269 | val_f1=0.4338 | val_acc=0.9897 | lr=0.000842
Epoch 089/500 | train_loss=0.2407 | val_dice=0.4207 | val_iou=0.3153 | val_f1=0.4207 | val_acc=0.9918 | lr=0.000840
Epoch 090/500 | train_loss=0.2447 | val_dice=0.4207 | val_iou=0.3142 | val_f1=0.4207 | val_acc=0.9923 | lr=0.000838
Epoch 091/500 | train_loss=0.2451 | val_dice=0.4256 | val_iou=0.3201 | val_f1=0.4256 | val_acc=0.9913 | lr=0.000836
Epoch 092/500 | train_loss=0.2528 | val_dice=0.4169 | val_iou=0.3096 | val_f1=0.4169 | val_acc=0.9896 | lr=0.000835
Epoch 093/500 | train_loss=0.2442 | val_dice=0.4304 | val_iou=0.3215 | val_f1=0.4304 | val_acc=0.9889 | lr=0.000833
Epoch 094/500 | train_loss=0.2494 | val_dice=0.4475 | val_iou=0.3369 | val_f1=0.4475 | val_acc=0.9909 | lr=0.000831
Epoch 095/500 | train_loss=0.2404 | val_dice=0.4381 | val_iou=0.3282 | val_f1=0.4381 | val_acc=0.9902 | lr=0.000829
Epoch 096/500 | train_loss=0.2516 | val_dice=0.4315 | val_iou=0.3213 | val_f1=0.4315 | val_acc=0.9906 | lr=0.000827
Epoch 097/500 | train_loss=0.2479 | val_dice=0.4096 | val_iou=0.3001 | val_f1=0.4096 | val_acc=0.9883 | lr=0.000825
Epoch 098/500 | train_loss=0.2557 | val_dice=0.4209 | val_iou=0.3091 | val_f1=0.4209 | val_acc=0.9881 | lr=0.000824
Epoch 099/500 | train_loss=0.2348 | val_dice=0.4384 | val_iou=0.3269 | val_f1=0.4384 | val_acc=0.9917 | lr=0.000822
Epoch 100/500 | train_loss=0.2501 | val_dice=0.4386 | val_iou=0.3253 | val_f1=0.4386 | val_acc=0.9922 | lr=0.000820
Epoch 101/500 | train_loss=0.2453 | val_dice=0.4328 | val_iou=0.3169 | val_f1=0.4328 | val_acc=0.9892 | lr=0.000818
Epoch 102/500 | train_loss=0.2436 | val_dice=0.4298 | val_iou=0.3208 | val_f1=0.4298 | val_acc=0.9913 | lr=0.000816
Epoch 103/500 | train_loss=0.2401 | val_dice=0.4356 | val_iou=0.3253 | val_f1=0.4356 | val_acc=0.9915 | lr=0.000814
Epoch 104/500 | train_loss=0.2448 | val_dice=0.4254 | val_iou=0.3098 | val_f1=0.4254 | val_acc=0.9906 | lr=0.000813
Epoch 105/500 | train_loss=0.2404 | val_dice=0.4264 | val_iou=0.3151 | val_f1=0.4264 | val_acc=0.9905 | lr=0.000811
Epoch 106/500 | train_loss=0.2454 | val_dice=0.4054 | val_iou=0.2989 | val_f1=0.4054 | val_acc=0.9878 | lr=0.000809
Epoch 107/500 | train_loss=0.2427 | val_dice=0.4307 | val_iou=0.3238 | val_f1=0.4307 | val_acc=0.9903 | lr=0.000807
Epoch 108/500 | train_loss=0.2322 | val_dice=0.4315 | val_iou=0.3197 | val_f1=0.4315 | val_acc=0.9886 | lr=0.000805
Epoch 109/500 | train_loss=0.2442 | val_dice=0.4393 | val_iou=0.3295 | val_f1=0.4393 | val_acc=0.9910 | lr=0.000803
Epoch 110/500 | train_loss=0.2336 | val_dice=0.4267 | val_iou=0.3169 | val_f1=0.4267 | val_acc=0.9901 | lr=0.000801
Epoch 111/500 | train_loss=0.2500 | val_dice=0.4567 | val_iou=0.3470 | val_f1=0.4567 | val_acc=0.9924 | lr=0.000800
Epoch 112/500 | train_loss=0.2329 | val_dice=0.4353 | val_iou=0.3271 | val_f1=0.4353 | val_acc=0.9913 | lr=0.000798
Epoch 113/500 | train_loss=0.2377 | val_dice=0.4288 | val_iou=0.3191 | val_f1=0.4288 | val_acc=0.9907 | lr=0.000796
Epoch 114/500 | train_loss=0.2363 | val_dice=0.4420 | val_iou=0.3321 | val_f1=0.4420 | val_acc=0.9908 | lr=0.000794
Epoch 115/500 | train_loss=0.2326 | val_dice=0.4414 | val_iou=0.3318 | val_f1=0.4414 | val_acc=0.9909 | lr=0.000792
Epoch 116/500 | train_loss=0.2445 | val_dice=0.4463 | val_iou=0.3357 | val_f1=0.4463 | val_acc=0.9913 | lr=0.000790
Epoch 117/500 | train_loss=0.2350 | val_dice=0.4385 | val_iou=0.3276 | val_f1=0.4385 | val_acc=0.9910 | lr=0.000789
Epoch 118/500 | train_loss=0.2390 | val_dice=0.4428 | val_iou=0.3324 | val_f1=0.4428 | val_acc=0.9912 | lr=0.000787
Epoch 119/500 | train_loss=0.2327 | val_dice=0.4383 | val_iou=0.3343 | val_f1=0.4383 | val_acc=0.9927 | lr=0.000785
Epoch 120/500 | train_loss=0.2235 | val_dice=0.4242 | val_iou=0.3170 | val_f1=0.4242 | val_acc=0.9908 | lr=0.000783
Epoch 121/500 | train_loss=0.2322 | val_dice=0.4228 | val_iou=0.3190 | val_f1=0.4228 | val_acc=0.9921 | lr=0.000781
Epoch 122/500 | train_loss=0.2385 | val_dice=0.4245 | val_iou=0.3192 | val_f1=0.4245 | val_acc=0.9912 | lr=0.000779
Epoch 123/500 | train_loss=0.2259 | val_dice=0.4532 | val_iou=0.3430 | val_f1=0.4532 | val_acc=0.9917 | lr=0.000777
Epoch 124/500 | train_loss=0.2320 | val_dice=0.4353 | val_iou=0.3304 | val_f1=0.4353 | val_acc=0.9910 | lr=0.000776
Epoch 125/500 | train_loss=0.2213 | val_dice=0.4273 | val_iou=0.3254 | val_f1=0.4273 | val_acc=0.9917 | lr=0.000774
Epoch 126/500 | train_loss=0.2217 | val_dice=0.4244 | val_iou=0.3139 | val_f1=0.4244 | val_acc=0.9892 | lr=0.000772
Epoch 127/500 | train_loss=0.2405 | val_dice=0.4375 | val_iou=0.3288 | val_f1=0.4375 | val_acc=0.9917 | lr=0.000770
Epoch 128/500 | train_loss=0.2354 | val_dice=0.4488 | val_iou=0.3374 | val_f1=0.4488 | val_acc=0.9907 | lr=0.000768
Epoch 129/500 | train_loss=0.2214 | val_dice=0.4501 | val_iou=0.3371 | val_f1=0.4501 | val_acc=0.9906 | lr=0.000766
Epoch 130/500 | train_loss=0.2204 | val_dice=0.4422 | val_iou=0.3350 | val_f1=0.4422 | val_acc=0.9919 | lr=0.000764
Epoch 131/500 | train_loss=0.2252 | val_dice=0.4529 | val_iou=0.3420 | val_f1=0.4529 | val_acc=0.9910 | lr=0.000763
Epoch 132/500 | train_loss=0.2337 | val_dice=0.4338 | val_iou=0.3294 | val_f1=0.4338 | val_acc=0.9926 | lr=0.000761
Epoch 133/500 | train_loss=0.2254 | val_dice=0.4575 | val_iou=0.3483 | val_f1=0.4575 | val_acc=0.9921 | lr=0.000759
Epoch 134/500 | train_loss=0.2210 | val_dice=0.4481 | val_iou=0.3385 | val_f1=0.4481 | val_acc=0.9898 | lr=0.000757
Epoch 135/500 | train_loss=0.2242 | val_dice=0.4495 | val_iou=0.3412 | val_f1=0.4495 | val_acc=0.9903 | lr=0.000755
Epoch 136/500 | train_loss=0.2232 | val_dice=0.4488 | val_iou=0.3383 | val_f1=0.4488 | val_acc=0.9929 | lr=0.000753
Epoch 137/500 | train_loss=0.2379 | val_dice=0.4487 | val_iou=0.3384 | val_f1=0.4487 | val_acc=0.9903 | lr=0.000751
Epoch 138/500 | train_loss=0.2202 | val_dice=0.4436 | val_iou=0.3348 | val_f1=0.4436 | val_acc=0.9903 | lr=0.000750
Epoch 139/500 | train_loss=0.2182 | val_dice=0.4545 | val_iou=0.3466 | val_f1=0.4545 | val_acc=0.9910 | lr=0.000748
Epoch 140/500 | train_loss=0.2133 | val_dice=0.4478 | val_iou=0.3393 | val_f1=0.4478 | val_acc=0.9920 | lr=0.000746
Epoch 141/500 | train_loss=0.2140 | val_dice=0.4506 | val_iou=0.3429 | val_f1=0.4506 | val_acc=0.9913 | lr=0.000744
Epoch 142/500 | train_loss=0.2272 | val_dice=0.4438 | val_iou=0.3425 | val_f1=0.4438 | val_acc=0.9923 | lr=0.000742
Epoch 143/500 | train_loss=0.2210 | val_dice=0.4529 | val_iou=0.3453 | val_f1=0.4529 | val_acc=0.9919 | lr=0.000740
Epoch 144/500 | train_loss=0.2205 | val_dice=0.4497 | val_iou=0.3409 | val_f1=0.4497 | val_acc=0.9917 | lr=0.000738
Epoch 145/500 | train_loss=0.2227 | val_dice=0.4278 | val_iou=0.3184 | val_f1=0.4278 | val_acc=0.9921 | lr=0.000737
Epoch 146/500 | train_loss=0.2196 | val_dice=0.4311 | val_iou=0.3284 | val_f1=0.4311 | val_acc=0.9903 | lr=0.000735
Epoch 147/500 | train_loss=0.2130 | val_dice=0.4351 | val_iou=0.3299 | val_f1=0.4351 | val_acc=0.9919 | lr=0.000733
Epoch 148/500 | train_loss=0.2268 | val_dice=0.4534 | val_iou=0.3457 | val_f1=0.4534 | val_acc=0.9921 | lr=0.000731
Epoch 149/500 | train_loss=0.2181 | val_dice=0.4561 | val_iou=0.3460 | val_f1=0.4561 | val_acc=0.9913 | lr=0.000729
Epoch 150/500 | train_loss=0.2145 | val_dice=0.4405 | val_iou=0.3367 | val_f1=0.4405 | val_acc=0.9903 | lr=0.000727
Epoch 151/500 | train_loss=0.2152 | val_dice=0.4507 | val_iou=0.3404 | val_f1=0.4507 | val_acc=0.9906 | lr=0.000725
Epoch 152/500 | train_loss=0.1961 | val_dice=0.4451 | val_iou=0.3306 | val_f1=0.4451 | val_acc=0.9910 | lr=0.000724
Epoch 153/500 | train_loss=0.2170 | val_dice=0.4510 | val_iou=0.3371 | val_f1=0.4510 | val_acc=0.9904 | lr=0.000722
Epoch 154/500 | train_loss=0.2130 | val_dice=0.4477 | val_iou=0.3428 | val_f1=0.4477 | val_acc=0.9903 | lr=0.000720
Epoch 155/500 | train_loss=0.2080 | val_dice=0.4465 | val_iou=0.3413 | val_f1=0.4465 | val_acc=0.9905 | lr=0.000718
Epoch 156/500 | train_loss=0.2095 | val_dice=0.4349 | val_iou=0.3224 | val_f1=0.4349 | val_acc=0.9897 | lr=0.000716
Epoch 157/500 | train_loss=0.2206 | val_dice=0.4493 | val_iou=0.3432 | val_f1=0.4493 | val_acc=0.9911 | lr=0.000714
Epoch 158/500 | train_loss=0.2101 | val_dice=0.4296 | val_iou=0.3254 | val_f1=0.4296 | val_acc=0.9881 | lr=0.000712
Epoch 159/500 | train_loss=0.2148 | val_dice=0.4486 | val_iou=0.3417 | val_f1=0.4486 | val_acc=0.9921 | lr=0.000710
Epoch 160/500 | train_loss=0.2194 | val_dice=0.4575 | val_iou=0.3443 | val_f1=0.4575 | val_acc=0.9902 | lr=0.000709
Epoch 161/500 | train_loss=0.2125 | val_dice=0.4536 | val_iou=0.3460 | val_f1=0.4536 | val_acc=0.9914 | lr=0.000707
Epoch 162/500 | train_loss=0.2159 | val_dice=0.4574 | val_iou=0.3438 | val_f1=0.4574 | val_acc=0.9902 | lr=0.000705
Epoch 163/500 | train_loss=0.2236 | val_dice=0.4665 | val_iou=0.3569 | val_f1=0.4665 | val_acc=0.9916 | lr=0.000703
Epoch 164/500 | train_loss=0.2044 | val_dice=0.4568 | val_iou=0.3483 | val_f1=0.4568 | val_acc=0.9900 | lr=0.000701
Epoch 165/500 | train_loss=0.2005 | val_dice=0.4335 | val_iou=0.3310 | val_f1=0.4335 | val_acc=0.9891 | lr=0.000699
Epoch 166/500 | train_loss=0.2075 | val_dice=0.4612 | val_iou=0.3552 | val_f1=0.4612 | val_acc=0.9912 | lr=0.000697
Epoch 167/500 | train_loss=0.2020 | val_dice=0.4268 | val_iou=0.3197 | val_f1=0.4268 | val_acc=0.9910 | lr=0.000696
Epoch 168/500 | train_loss=0.2008 | val_dice=0.4535 | val_iou=0.3467 | val_f1=0.4535 | val_acc=0.9921 | lr=0.000694
Epoch 169/500 | train_loss=0.2055 | val_dice=0.4523 | val_iou=0.3435 | val_f1=0.4523 | val_acc=0.9902 | lr=0.000692
Epoch 170/500 | train_loss=0.2025 | val_dice=0.4562 | val_iou=0.3460 | val_f1=0.4562 | val_acc=0.9904 | lr=0.000690
Epoch 171/500 | train_loss=0.2032 | val_dice=0.4575 | val_iou=0.3502 | val_f1=0.4575 | val_acc=0.9910 | lr=0.000688
Epoch 172/500 | train_loss=0.1966 | val_dice=0.4601 | val_iou=0.3552 | val_f1=0.4601 | val_acc=0.9913 | lr=0.000686
Epoch 173/500 | train_loss=0.1970 | val_dice=0.4660 | val_iou=0.3540 | val_f1=0.4660 | val_acc=0.9914 | lr=0.000684
Epoch 174/500 | train_loss=0.2034 | val_dice=0.4465 | val_iou=0.3398 | val_f1=0.4465 | val_acc=0.9912 | lr=0.000682
Epoch 175/500 | train_loss=0.1968 | val_dice=0.4501 | val_iou=0.3420 | val_f1=0.4501 | val_acc=0.9918 | lr=0.000680
Epoch 176/500 | train_loss=0.1998 | val_dice=0.4380 | val_iou=0.3321 | val_f1=0.4380 | val_acc=0.9917 | lr=0.000679
Epoch 177/500 | train_loss=0.1953 | val_dice=0.4477 | val_iou=0.3436 | val_f1=0.4477 | val_acc=0.9914 | lr=0.000677
Epoch 178/500 | train_loss=0.2074 | val_dice=0.4559 | val_iou=0.3450 | val_f1=0.4559 | val_acc=0.9907 | lr=0.000675
Epoch 179/500 | train_loss=0.1988 | val_dice=0.4442 | val_iou=0.3396 | val_f1=0.4442 | val_acc=0.9912 | lr=0.000673
Epoch 180/500 | train_loss=0.1886 | val_dice=0.4573 | val_iou=0.3514 | val_f1=0.4573 | val_acc=0.9911 | lr=0.000671
Epoch 181/500 | train_loss=0.1975 | val_dice=0.4747 | val_iou=0.3640 | val_f1=0.4747 | val_acc=0.9909 | lr=0.000669
Epoch 182/500 | train_loss=0.1910 | val_dice=0.4395 | val_iou=0.3345 | val_f1=0.4395 | val_acc=0.9919 | lr=0.000667
Epoch 183/500 | train_loss=0.1943 | val_dice=0.4481 | val_iou=0.3476 | val_f1=0.4481 | val_acc=0.9898 | lr=0.000665
Epoch 184/500 | train_loss=0.1928 | val_dice=0.4584 | val_iou=0.3498 | val_f1=0.4584 | val_acc=0.9908 | lr=0.000664
Epoch 185/500 | train_loss=0.1919 | val_dice=0.4349 | val_iou=0.3314 | val_f1=0.4349 | val_acc=0.9923 | lr=0.000662
Epoch 186/500 | train_loss=0.1946 | val_dice=0.4564 | val_iou=0.3506 | val_f1=0.4564 | val_acc=0.9911 | lr=0.000660
Epoch 187/500 | train_loss=0.1988 | val_dice=0.4364 | val_iou=0.3368 | val_f1=0.4364 | val_acc=0.9898 | lr=0.000658
Epoch 188/500 | train_loss=0.1953 | val_dice=0.4558 | val_iou=0.3481 | val_f1=0.4558 | val_acc=0.9922 | lr=0.000656
Epoch 189/500 | train_loss=0.1905 | val_dice=0.4558 | val_iou=0.3515 | val_f1=0.4558 | val_acc=0.9923 | lr=0.000654
Epoch 190/500 | train_loss=0.1950 | val_dice=0.4527 | val_iou=0.3456 | val_f1=0.4527 | val_acc=0.9921 | lr=0.000652
Epoch 191/500 | train_loss=0.1894 | val_dice=0.4307 | val_iou=0.3243 | val_f1=0.4307 | val_acc=0.9907 | lr=0.000650
Epoch 192/500 | train_loss=0.1976 | val_dice=0.4612 | val_iou=0.3545 | val_f1=0.4612 | val_acc=0.9916 | lr=0.000648
Epoch 193/500 | train_loss=0.1830 | val_dice=0.4560 | val_iou=0.3460 | val_f1=0.4560 | val_acc=0.9915 | lr=0.000647
Epoch 194/500 | train_loss=0.1923 | val_dice=0.4436 | val_iou=0.3392 | val_f1=0.4436 | val_acc=0.9915 | lr=0.000645
Epoch 195/500 | train_loss=0.1945 | val_dice=0.4437 | val_iou=0.3383 | val_f1=0.4437 | val_acc=0.9918 | lr=0.000643
Epoch 196/500 | train_loss=0.1931 | val_dice=0.4454 | val_iou=0.3404 | val_f1=0.4454 | val_acc=0.9909 | lr=0.000641
Epoch 197/500 | train_loss=0.1880 | val_dice=0.4318 | val_iou=0.3327 | val_f1=0.4317 | val_acc=0.9905 | lr=0.000639
Epoch 198/500 | train_loss=0.1915 | val_dice=0.4578 | val_iou=0.3481 | val_f1=0.4578 | val_acc=0.9910 | lr=0.000637
Epoch 199/500 | train_loss=0.1839 | val_dice=0.4560 | val_iou=0.3510 | val_f1=0.4560 | val_acc=0.9916 | lr=0.000635
Epoch 200/500 | train_loss=0.1918 | val_dice=0.4472 | val_iou=0.3419 | val_f1=0.4472 | val_acc=0.9913 | lr=0.000633
Epoch 201/500 | train_loss=0.1856 | val_dice=0.4643 | val_iou=0.3556 | val_f1=0.4643 | val_acc=0.9914 | lr=0.000631
Epoch 202/500 | train_loss=0.1860 | val_dice=0.4148 | val_iou=0.3098 | val_f1=0.4148 | val_acc=0.9920 | lr=0.000630
Epoch 203/500 | train_loss=0.1900 | val_dice=0.4514 | val_iou=0.3460 | val_f1=0.4514 | val_acc=0.9907 | lr=0.000628
Epoch 204/500 | train_loss=0.1861 | val_dice=0.4447 | val_iou=0.3378 | val_f1=0.4447 | val_acc=0.9916 | lr=0.000626
Epoch 205/500 | train_loss=0.1883 | val_dice=0.4516 | val_iou=0.3440 | val_f1=0.4516 | val_acc=0.9914 | lr=0.000624
Epoch 206/500 | train_loss=0.1869 | val_dice=0.4511 | val_iou=0.3448 | val_f1=0.4511 | val_acc=0.9915 | lr=0.000622
Epoch 207/500 | train_loss=0.1792 | val_dice=0.4579 | val_iou=0.3530 | val_f1=0.4579 | val_acc=0.9908 | lr=0.000620
Epoch 208/500 | train_loss=0.1813 | val_dice=0.4705 | val_iou=0.3601 | val_f1=0.4705 | val_acc=0.9919 | lr=0.000618
Epoch 209/500 | train_loss=0.1866 | val_dice=0.4713 | val_iou=0.3606 | val_f1=0.4713 | val_acc=0.9914 | lr=0.000616
Epoch 210/500 | train_loss=0.1856 | val_dice=0.4574 | val_iou=0.3509 | val_f1=0.4574 | val_acc=0.9902 | lr=0.000614
Epoch 211/500 | train_loss=0.1751 | val_dice=0.4620 | val_iou=0.3545 | val_f1=0.4620 | val_acc=0.9913 | lr=0.000612
Epoch 212/500 | train_loss=0.1879 | val_dice=0.4573 | val_iou=0.3472 | val_f1=0.4573 | val_acc=0.9907 | lr=0.000611
Epoch 213/500 | train_loss=0.1896 | val_dice=0.4300 | val_iou=0.3270 | val_f1=0.4300 | val_acc=0.9899 | lr=0.000609
Epoch 214/500 | train_loss=0.1765 | val_dice=0.4620 | val_iou=0.3524 | val_f1=0.4620 | val_acc=0.9907 | lr=0.000607
Epoch 215/500 | train_loss=0.1934 | val_dice=0.4399 | val_iou=0.3378 | val_f1=0.4399 | val_acc=0.9910 | lr=0.000605
Epoch 216/500 | train_loss=0.1851 | val_dice=0.4569 | val_iou=0.3441 | val_f1=0.4569 | val_acc=0.9909 | lr=0.000603
Epoch 217/500 | train_loss=0.1861 | val_dice=0.4546 | val_iou=0.3404 | val_f1=0.4546 | val_acc=0.9911 | lr=0.000601
Epoch 218/500 | train_loss=0.1839 | val_dice=0.4485 | val_iou=0.3412 | val_f1=0.4485 | val_acc=0.9910 | lr=0.000599
Epoch 219/500 | train_loss=0.1677 | val_dice=0.4280 | val_iou=0.3233 | val_f1=0.4280 | val_acc=0.9922 | lr=0.000597
Epoch 220/500 | train_loss=0.1782 | val_dice=0.4509 | val_iou=0.3419 | val_f1=0.4509 | val_acc=0.9919 | lr=0.000595
Epoch 221/500 | train_loss=0.1797 | val_dice=0.4586 | val_iou=0.3522 | val_f1=0.4586 | val_acc=0.9909 | lr=0.000593
Epoch 222/500 | train_loss=0.1768 | val_dice=0.4528 | val_iou=0.3443 | val_f1=0.4528 | val_acc=0.9915 | lr=0.000592
Epoch 223/500 | train_loss=0.1735 | val_dice=0.4531 | val_iou=0.3454 | val_f1=0.4531 | val_acc=0.9930 | lr=0.000590
Epoch 224/500 | train_loss=0.1722 | val_dice=0.4455 | val_iou=0.3376 | val_f1=0.4455 | val_acc=0.9920 | lr=0.000588
Epoch 225/500 | train_loss=0.1745 | val_dice=0.4512 | val_iou=0.3463 | val_f1=0.4512 | val_acc=0.9892 | lr=0.000586
Epoch 226/500 | train_loss=0.1831 | val_dice=0.4597 | val_iou=0.3541 | val_f1=0.4597 | val_acc=0.9915 | lr=0.000584
Epoch 227/500 | train_loss=0.1713 | val_dice=0.4716 | val_iou=0.3645 | val_f1=0.4716 | val_acc=0.9920 | lr=0.000582
Epoch 228/500 | train_loss=0.1843 | val_dice=0.4563 | val_iou=0.3523 | val_f1=0.4563 | val_acc=0.9902 | lr=0.000580
Epoch 229/500 | train_loss=0.1617 | val_dice=0.4519 | val_iou=0.3445 | val_f1=0.4519 | val_acc=0.9917 | lr=0.000578
Epoch 230/500 | train_loss=0.1685 | val_dice=0.4556 | val_iou=0.3454 | val_f1=0.4556 | val_acc=0.9903 | lr=0.000576
Epoch 231/500 | train_loss=0.1778 | val_dice=0.4597 | val_iou=0.3521 | val_f1=0.4597 | val_acc=0.9919 | lr=0.000574
Epoch 232/500 | train_loss=0.1719 | val_dice=0.4728 | val_iou=0.3604 | val_f1=0.4728 | val_acc=0.9914 | lr=0.000572
Epoch 233/500 | train_loss=0.1874 | val_dice=0.4676 | val_iou=0.3529 | val_f1=0.4676 | val_acc=0.9906 | lr=0.000570
Epoch 234/500 | train_loss=0.1717 | val_dice=0.4394 | val_iou=0.3338 | val_f1=0.4394 | val_acc=0.9913 | lr=0.000569
Epoch 235/500 | train_loss=0.1690 | val_dice=0.4569 | val_iou=0.3471 | val_f1=0.4569 | val_acc=0.9916 | lr=0.000567
Epoch 236/500 | train_loss=0.1738 | val_dice=0.4609 | val_iou=0.3486 | val_f1=0.4609 | val_acc=0.9918 | lr=0.000565
Epoch 237/500 | train_loss=0.1690 | val_dice=0.4563 | val_iou=0.3454 | val_f1=0.4563 | val_acc=0.9914 | lr=0.000563
Epoch 238/500 | train_loss=0.1700 | val_dice=0.4665 | val_iou=0.3585 | val_f1=0.4665 | val_acc=0.9904 | lr=0.000561
Epoch 239/500 | train_loss=0.1653 | val_dice=0.4484 | val_iou=0.3358 | val_f1=0.4484 | val_acc=0.9918 | lr=0.000559
Epoch 240/500 | train_loss=0.1687 | val_dice=0.4382 | val_iou=0.3291 | val_f1=0.4382 | val_acc=0.9904 | lr=0.000557
Epoch 241/500 | train_loss=0.1693 | val_dice=0.4468 | val_iou=0.3395 | val_f1=0.4468 | val_acc=0.9909 | lr=0.000555
Epoch 242/500 | train_loss=0.1746 | val_dice=0.4525 | val_iou=0.3460 | val_f1=0.4525 | val_acc=0.9909 | lr=0.000553
Epoch 243/500 | train_loss=0.1658 | val_dice=0.4548 | val_iou=0.3453 | val_f1=0.4548 | val_acc=0.9906 | lr=0.000551
Epoch 244/500 | train_loss=0.1716 | val_dice=0.4447 | val_iou=0.3332 | val_f1=0.4447 | val_acc=0.9917 | lr=0.000549
Epoch 245/500 | train_loss=0.1699 | val_dice=0.4645 | val_iou=0.3542 | val_f1=0.4645 | val_acc=0.9907 | lr=0.000547
Epoch 246/500 | train_loss=0.1691 | val_dice=0.4634 | val_iou=0.3528 | val_f1=0.4634 | val_acc=0.9908 | lr=0.000546
Epoch 247/500 | train_loss=0.1638 | val_dice=0.4699 | val_iou=0.3611 | val_f1=0.4699 | val_acc=0.9911 | lr=0.000544
Epoch 248/500 | train_loss=0.1659 | val_dice=0.4615 | val_iou=0.3523 | val_f1=0.4615 | val_acc=0.9917 | lr=0.000542
Epoch 249/500 | train_loss=0.1702 | val_dice=0.4525 | val_iou=0.3462 | val_f1=0.4525 | val_acc=0.9910 | lr=0.000540
Epoch 250/500 | train_loss=0.1692 | val_dice=0.4512 | val_iou=0.3393 | val_f1=0.4512 | val_acc=0.9907 | lr=0.000538
Epoch 251/500 | train_loss=0.1720 | val_dice=0.4452 | val_iou=0.3400 | val_f1=0.4452 | val_acc=0.9900 | lr=0.000536
Epoch 252/500 | train_loss=0.1690 | val_dice=0.4421 | val_iou=0.3387 | val_f1=0.4421 | val_acc=0.9906 | lr=0.000534
Epoch 253/500 | train_loss=0.1723 | val_dice=0.4526 | val_iou=0.3482 | val_f1=0.4526 | val_acc=0.9905 | lr=0.000532
Epoch 254/500 | train_loss=0.1533 | val_dice=0.4508 | val_iou=0.3477 | val_f1=0.4508 | val_acc=0.9909 | lr=0.000530
Epoch 255/500 | train_loss=0.1655 | val_dice=0.4650 | val_iou=0.3546 | val_f1=0.4650 | val_acc=0.9914 | lr=0.000528
Epoch 256/500 | train_loss=0.1667 | val_dice=0.4529 | val_iou=0.3439 | val_f1=0.4529 | val_acc=0.9919 | lr=0.000526
Epoch 257/500 | train_loss=0.1695 | val_dice=0.4490 | val_iou=0.3407 | val_f1=0.4490 | val_acc=0.9916 | lr=0.000524
Epoch 258/500 | train_loss=0.1629 | val_dice=0.4466 | val_iou=0.3380 | val_f1=0.4466 | val_acc=0.9923 | lr=0.000522
Epoch 259/500 | train_loss=0.1617 | val_dice=0.4580 | val_iou=0.3451 | val_f1=0.4580 | val_acc=0.9919 | lr=0.000520
Epoch 260/500 | train_loss=0.1667 | val_dice=0.4434 | val_iou=0.3363 | val_f1=0.4434 | val_acc=0.9909 | lr=0.000518
Epoch 261/500 | train_loss=0.1598 | val_dice=0.4595 | val_iou=0.3435 | val_f1=0.4595 | val_acc=0.9921 | lr=0.000517
Epoch 262/500 | train_loss=0.1737 | val_dice=0.4312 | val_iou=0.3238 | val_f1=0.4312 | val_acc=0.9924 | lr=0.000515
Epoch 263/500 | train_loss=0.1669 | val_dice=0.4699 | val_iou=0.3593 | val_f1=0.4699 | val_acc=0.9912 | lr=0.000513
Epoch 264/500 | train_loss=0.1672 | val_dice=0.4681 | val_iou=0.3612 | val_f1=0.4681 | val_acc=0.9925 | lr=0.000511
Epoch 265/500 | train_loss=0.1635 | val_dice=0.4571 | val_iou=0.3482 | val_f1=0.4571 | val_acc=0.9908 | lr=0.000509
Epoch 266/500 | train_loss=0.1566 | val_dice=0.4485 | val_iou=0.3405 | val_f1=0.4485 | val_acc=0.9909 | lr=0.000507
Epoch 267/500 | train_loss=0.1565 | val_dice=0.4686 | val_iou=0.3578 | val_f1=0.4686 | val_acc=0.9911 | lr=0.000505
Epoch 268/500 | train_loss=0.1677 | val_dice=0.4421 | val_iou=0.3280 | val_f1=0.4421 | val_acc=0.9922 | lr=0.000503
Epoch 269/500 | train_loss=0.1598 | val_dice=0.4648 | val_iou=0.3532 | val_f1=0.4648 | val_acc=0.9913 | lr=0.000501
Epoch 270/500 | train_loss=0.1605 | val_dice=0.4677 | val_iou=0.3532 | val_f1=0.4677 | val_acc=0.9910 | lr=0.000499
Epoch 271/500 | train_loss=0.1591 | val_dice=0.4753 | val_iou=0.3585 | val_f1=0.4753 | val_acc=0.9912 | lr=0.000497
Epoch 272/500 | train_loss=0.1623 | val_dice=0.4688 | val_iou=0.3535 | val_f1=0.4688 | val_acc=0.9912 | lr=0.000495
Epoch 273/500 | train_loss=0.1608 | val_dice=0.4691 | val_iou=0.3568 | val_f1=0.4691 | val_acc=0.9908 | lr=0.000493
Epoch 274/500 | train_loss=0.1608 | val_dice=0.4523 | val_iou=0.3458 | val_f1=0.4523 | val_acc=0.9897 | lr=0.000491
Epoch 275/500 | train_loss=0.1651 | val_dice=0.4671 | val_iou=0.3575 | val_f1=0.4671 | val_acc=0.9907 | lr=0.000489
Epoch 276/500 | train_loss=0.1611 | val_dice=0.4631 | val_iou=0.3547 | val_f1=0.4631 | val_acc=0.9921 | lr=0.000487
Epoch 277/500 | train_loss=0.1519 | val_dice=0.4503 | val_iou=0.3448 | val_f1=0.4503 | val_acc=0.9924 | lr=0.000485
Epoch 278/500 | train_loss=0.1564 | val_dice=0.4674 | val_iou=0.3593 | val_f1=0.4674 | val_acc=0.9910 | lr=0.000484
Epoch 279/500 | train_loss=0.1501 | val_dice=0.4620 | val_iou=0.3574 | val_f1=0.4620 | val_acc=0.9913 | lr=0.000482
Epoch 280/500 | train_loss=0.1543 | val_dice=0.4514 | val_iou=0.3462 | val_f1=0.4514 | val_acc=0.9924 | lr=0.000480
Epoch 281/500 | train_loss=0.1517 | val_dice=0.4479 | val_iou=0.3414 | val_f1=0.4479 | val_acc=0.9913 | lr=0.000478
Epoch 282/500 | train_loss=0.1512 | val_dice=0.4589 | val_iou=0.3521 | val_f1=0.4589 | val_acc=0.9915 | lr=0.000476
Epoch 283/500 | train_loss=0.1640 | val_dice=0.4610 | val_iou=0.3538 | val_f1=0.4610 | val_acc=0.9925 | lr=0.000474
Epoch 284/500 | train_loss=0.1595 | val_dice=0.4658 | val_iou=0.3497 | val_f1=0.4658 | val_acc=0.9914 | lr=0.000472
Epoch 285/500 | train_loss=0.1482 | val_dice=0.4687 | val_iou=0.3569 | val_f1=0.4687 | val_acc=0.9918 | lr=0.000470
Epoch 286/500 | train_loss=0.1578 | val_dice=0.4568 | val_iou=0.3438 | val_f1=0.4568 | val_acc=0.9912 | lr=0.000468
Epoch 287/500 | train_loss=0.1511 | val_dice=0.4675 | val_iou=0.3549 | val_f1=0.4675 | val_acc=0.9912 | lr=0.000466
Epoch 288/500 | train_loss=0.1530 | val_dice=0.4450 | val_iou=0.3359 | val_f1=0.4450 | val_acc=0.9918 | lr=0.000464
Epoch 289/500 | train_loss=0.1534 | val_dice=0.4489 | val_iou=0.3353 | val_f1=0.4489 | val_acc=0.9915 | lr=0.000462
Epoch 290/500 | train_loss=0.1569 | val_dice=0.4499 | val_iou=0.3376 | val_f1=0.4499 | val_acc=0.9912 | lr=0.000460
Epoch 291/500 | train_loss=0.1495 | val_dice=0.4527 | val_iou=0.3448 | val_f1=0.4527 | val_acc=0.9917 | lr=0.000458
Epoch 292/500 | train_loss=0.1493 | val_dice=0.4653 | val_iou=0.3568 | val_f1=0.4653 | val_acc=0.9911 | lr=0.000456
Epoch 293/500 | train_loss=0.1613 | val_dice=0.4607 | val_iou=0.3530 | val_f1=0.4607 | val_acc=0.9913 | lr=0.000454
Epoch 294/500 | train_loss=0.1500 | val_dice=0.4436 | val_iou=0.3357 | val_f1=0.4436 | val_acc=0.9913 | lr=0.000452
Epoch 295/500 | train_loss=0.1548 | val_dice=0.4658 | val_iou=0.3529 | val_f1=0.4658 | val_acc=0.9921 | lr=0.000450
Epoch 296/500 | train_loss=0.1595 | val_dice=0.4621 | val_iou=0.3513 | val_f1=0.4621 | val_acc=0.9923 | lr=0.000448
Epoch 297/500 | train_loss=0.1552 | val_dice=0.4607 | val_iou=0.3480 | val_f1=0.4607 | val_acc=0.9919 | lr=0.000446
Epoch 298/500 | train_loss=0.1481 | val_dice=0.4655 | val_iou=0.3551 | val_f1=0.4655 | val_acc=0.9918 | lr=0.000444
Epoch 299/500 | train_loss=0.1538 | val_dice=0.4660 | val_iou=0.3568 | val_f1=0.4660 | val_acc=0.9907 | lr=0.000442
Epoch 300/500 | train_loss=0.1577 | val_dice=0.4561 | val_iou=0.3473 | val_f1=0.4561 | val_acc=0.9916 | lr=0.000440
Epoch 301/500 | train_loss=0.1557 | val_dice=0.4384 | val_iou=0.3295 | val_f1=0.4384 | val_acc=0.9919 | lr=0.000438
Epoch 302/500 | train_loss=0.1518 | val_dice=0.4461 | val_iou=0.3304 | val_f1=0.4461 | val_acc=0.9918 | lr=0.000436
Epoch 303/500 | train_loss=0.1576 | val_dice=0.4670 | val_iou=0.3532 | val_f1=0.4670 | val_acc=0.9918 | lr=0.000434
Epoch 304/500 | train_loss=0.1570 | val_dice=0.4546 | val_iou=0.3444 | val_f1=0.4546 | val_acc=0.9918 | lr=0.000432
Epoch 305/500 | train_loss=0.1538 | val_dice=0.4355 | val_iou=0.3304 | val_f1=0.4355 | val_acc=0.9916 | lr=0.000430
Epoch 306/500 | train_loss=0.1529 | val_dice=0.4559 | val_iou=0.3462 | val_f1=0.4559 | val_acc=0.9918 | lr=0.000429
Epoch 307/500 | train_loss=0.1529 | val_dice=0.4455 | val_iou=0.3383 | val_f1=0.4455 | val_acc=0.9914 | lr=0.000427
Epoch 308/500 | train_loss=0.1496 | val_dice=0.4565 | val_iou=0.3458 | val_f1=0.4565 | val_acc=0.9919 | lr=0.000425
Epoch 309/500 | train_loss=0.1541 | val_dice=0.4572 | val_iou=0.3436 | val_f1=0.4572 | val_acc=0.9921 | lr=0.000423
Epoch 310/500 | train_loss=0.1473 | val_dice=0.4623 | val_iou=0.3464 | val_f1=0.4623 | val_acc=0.9915 | lr=0.000421
Epoch 311/500 | train_loss=0.1475 | val_dice=0.4579 | val_iou=0.3445 | val_f1=0.4579 | val_acc=0.9916 | lr=0.000419
Epoch 312/500 | train_loss=0.1479 | val_dice=0.4557 | val_iou=0.3459 | val_f1=0.4557 | val_acc=0.9923 | lr=0.000417
Epoch 313/500 | train_loss=0.1491 | val_dice=0.4399 | val_iou=0.3290 | val_f1=0.4399 | val_acc=0.9924 | lr=0.000415
Epoch 314/500 | train_loss=0.1453 | val_dice=0.4585 | val_iou=0.3445 | val_f1=0.4585 | val_acc=0.9920 | lr=0.000413
Epoch 315/500 | train_loss=0.1527 | val_dice=0.4531 | val_iou=0.3403 | val_f1=0.4531 | val_acc=0.9923 | lr=0.000411
Epoch 316/500 | train_loss=0.1563 | val_dice=0.4538 | val_iou=0.3385 | val_f1=0.4538 | val_acc=0.9917 | lr=0.000409
Epoch 317/500 | train_loss=0.1424 | val_dice=0.4396 | val_iou=0.3257 | val_f1=0.4396 | val_acc=0.9923 | lr=0.000407
Epoch 318/500 | train_loss=0.1503 | val_dice=0.4585 | val_iou=0.3476 | val_f1=0.4585 | val_acc=0.9922 | lr=0.000405
Epoch 319/500 | train_loss=0.1510 | val_dice=0.4437 | val_iou=0.3364 | val_f1=0.4437 | val_acc=0.9907 | lr=0.000403
Epoch 320/500 | train_loss=0.1424 | val_dice=0.4474 | val_iou=0.3374 | val_f1=0.4474 | val_acc=0.9917 | lr=0.000401
Epoch 321/500 | train_loss=0.1456 | val_dice=0.4489 | val_iou=0.3375 | val_f1=0.4489 | val_acc=0.9919 | lr=0.000399
Epoch 322/500 | train_loss=0.1442 | val_dice=0.4442 | val_iou=0.3287 | val_f1=0.4442 | val_acc=0.9923 | lr=0.000397
Epoch 323/500 | train_loss=0.1441 | val_dice=0.4275 | val_iou=0.3208 | val_f1=0.4275 | val_acc=0.9911 | lr=0.000395
Epoch 324/500 | train_loss=0.1463 | val_dice=0.4276 | val_iou=0.3224 | val_f1=0.4276 | val_acc=0.9924 | lr=0.000393
Epoch 325/500 | train_loss=0.1358 | val_dice=0.4465 | val_iou=0.3390 | val_f1=0.4465 | val_acc=0.9919 | lr=0.000391
Epoch 326/500 | train_loss=0.1441 | val_dice=0.4504 | val_iou=0.3407 | val_f1=0.4504 | val_acc=0.9919 | lr=0.000389
Epoch 327/500 | train_loss=0.1435 | val_dice=0.4427 | val_iou=0.3302 | val_f1=0.4427 | val_acc=0.9926 | lr=0.000387
Epoch 328/500 | train_loss=0.1469 | val_dice=0.4252 | val_iou=0.3171 | val_f1=0.4252 | val_acc=0.9915 | lr=0.000385
Epoch 329/500 | train_loss=0.1615 | val_dice=0.4401 | val_iou=0.3333 | val_f1=0.4401 | val_acc=0.9918 | lr=0.000383
Epoch 330/500 | train_loss=0.1439 | val_dice=0.4252 | val_iou=0.3205 | val_f1=0.4252 | val_acc=0.9922 | lr=0.000381
Epoch 331/500 | train_loss=0.1432 | val_dice=0.4299 | val_iou=0.3206 | val_f1=0.4299 | val_acc=0.9921 | lr=0.000379
Epoch 332/500 | train_loss=0.1427 | val_dice=0.4345 | val_iou=0.3256 | val_f1=0.4345 | val_acc=0.9919 | lr=0.000377
Epoch 333/500 | train_loss=0.1429 | val_dice=0.4472 | val_iou=0.3367 | val_f1=0.4472 | val_acc=0.9921 | lr=0.000375
Epoch 334/500 | train_loss=0.1391 | val_dice=0.4633 | val_iou=0.3508 | val_f1=0.4633 | val_acc=0.9918 | lr=0.000373
Epoch 335/500 | train_loss=0.1445 | val_dice=0.4552 | val_iou=0.3421 | val_f1=0.4552 | val_acc=0.9920 | lr=0.000371
Epoch 336/500 | train_loss=0.1428 | val_dice=0.4712 | val_iou=0.3594 | val_f1=0.4712 | val_acc=0.9920 | lr=0.000369
Epoch 337/500 | train_loss=0.1441 | val_dice=0.4547 | val_iou=0.3425 | val_f1=0.4547 | val_acc=0.9922 | lr=0.000367
Epoch 338/500 | train_loss=0.1422 | val_dice=0.4538 | val_iou=0.3386 | val_f1=0.4538 | val_acc=0.9920 | lr=0.000365
Epoch 339/500 | train_loss=0.1425 | val_dice=0.4390 | val_iou=0.3289 | val_f1=0.4390 | val_acc=0.9928 | lr=0.000363
Epoch 340/500 | train_loss=0.1370 | val_dice=0.4562 | val_iou=0.3474 | val_f1=0.4562 | val_acc=0.9918 | lr=0.000361
Epoch 341/500 | train_loss=0.1367 | val_dice=0.4570 | val_iou=0.3472 | val_f1=0.4570 | val_acc=0.9912 | lr=0.000359
Epoch 342/500 | train_loss=0.1411 | val_dice=0.4614 | val_iou=0.3475 | val_f1=0.4614 | val_acc=0.9918 | lr=0.000357
Epoch 343/500 | train_loss=0.1409 | val_dice=0.4591 | val_iou=0.3471 | val_f1=0.4591 | val_acc=0.9921 | lr=0.000355
Epoch 344/500 | train_loss=0.1346 | val_dice=0.4589 | val_iou=0.3423 | val_f1=0.4589 | val_acc=0.9923 | lr=0.000353
Epoch 345/500 | train_loss=0.1483 | val_dice=0.4556 | val_iou=0.3422 | val_f1=0.4556 | val_acc=0.9926 | lr=0.000351
Epoch 346/500 | train_loss=0.1366 | val_dice=0.4542 | val_iou=0.3426 | val_f1=0.4542 | val_acc=0.9918 | lr=0.000349
Epoch 347/500 | train_loss=0.1291 | val_dice=0.4471 | val_iou=0.3358 | val_f1=0.4471 | val_acc=0.9909 | lr=0.000346
Epoch 348/500 | train_loss=0.1398 | val_dice=0.4455 | val_iou=0.3333 | val_f1=0.4455 | val_acc=0.9914 | lr=0.000344
Epoch 349/500 | train_loss=0.1334 | val_dice=0.4285 | val_iou=0.3147 | val_f1=0.4285 | val_acc=0.9913 | lr=0.000342
Epoch 350/500 | train_loss=0.1390 | val_dice=0.4489 | val_iou=0.3342 | val_f1=0.4489 | val_acc=0.9909 | lr=0.000340
Epoch 351/500 | train_loss=0.1432 | val_dice=0.4468 | val_iou=0.3342 | val_f1=0.4468 | val_acc=0.9924 | lr=0.000338
Epoch 352/500 | train_loss=0.1424 | val_dice=0.4393 | val_iou=0.3289 | val_f1=0.4393 | val_acc=0.9927 | lr=0.000336
Epoch 353/500 | train_loss=0.1385 | val_dice=0.4543 | val_iou=0.3423 | val_f1=0.4543 | val_acc=0.9922 | lr=0.000334
Epoch 354/500 | train_loss=0.1372 | val_dice=0.4666 | val_iou=0.3515 | val_f1=0.4666 | val_acc=0.9924 | lr=0.000332
Epoch 355/500 | train_loss=0.1384 | val_dice=0.4495 | val_iou=0.3374 | val_f1=0.4495 | val_acc=0.9929 | lr=0.000330
Epoch 356/500 | train_loss=0.1394 | val_dice=0.4610 | val_iou=0.3477 | val_f1=0.4610 | val_acc=0.9916 | lr=0.000328
Epoch 357/500 | train_loss=0.1398 | val_dice=0.4743 | val_iou=0.3578 | val_f1=0.4743 | val_acc=0.9926 | lr=0.000326
Epoch 358/500 | train_loss=0.1365 | val_dice=0.4649 | val_iou=0.3518 | val_f1=0.4649 | val_acc=0.9926 | lr=0.000324
Epoch 359/500 | train_loss=0.1383 | val_dice=0.4459 | val_iou=0.3399 | val_f1=0.4459 | val_acc=0.9914 | lr=0.000322
Epoch 360/500 | train_loss=0.1374 | val_dice=0.4429 | val_iou=0.3331 | val_f1=0.4429 | val_acc=0.9925 | lr=0.000320
Epoch 361/500 | train_loss=0.1309 | val_dice=0.4633 | val_iou=0.3501 | val_f1=0.4633 | val_acc=0.9920 | lr=0.000318
Epoch 362/500 | train_loss=0.1416 | val_dice=0.4788 | val_iou=0.3651 | val_f1=0.4788 | val_acc=0.9926 | lr=0.000316
Epoch 363/500 | train_loss=0.1418 | val_dice=0.4715 | val_iou=0.3587 | val_f1=0.4715 | val_acc=0.9923 | lr=0.000314
Epoch 364/500 | train_loss=0.1319 | val_dice=0.4426 | val_iou=0.3300 | val_f1=0.4426 | val_acc=0.9925 | lr=0.000312
Epoch 365/500 | train_loss=0.1396 | val_dice=0.4613 | val_iou=0.3485 | val_f1=0.4613 | val_acc=0.9925 | lr=0.000310
Epoch 366/500 | train_loss=0.1313 | val_dice=0.4685 | val_iou=0.3538 | val_f1=0.4685 | val_acc=0.9917 | lr=0.000308
Epoch 367/500 | train_loss=0.1331 | val_dice=0.4637 | val_iou=0.3479 | val_f1=0.4637 | val_acc=0.9918 | lr=0.000306
Epoch 368/500 | train_loss=0.1372 | val_dice=0.4641 | val_iou=0.3473 | val_f1=0.4641 | val_acc=0.9925 | lr=0.000304
Epoch 369/500 | train_loss=0.1414 | val_dice=0.4508 | val_iou=0.3382 | val_f1=0.4508 | val_acc=0.9926 | lr=0.000302
Epoch 370/500 | train_loss=0.1400 | val_dice=0.4567 | val_iou=0.3462 | val_f1=0.4567 | val_acc=0.9929 | lr=0.000300
Epoch 371/500 | train_loss=0.1346 | val_dice=0.4520 | val_iou=0.3430 | val_f1=0.4520 | val_acc=0.9923 | lr=0.000297
Epoch 372/500 | train_loss=0.1371 | val_dice=0.4545 | val_iou=0.3380 | val_f1=0.4545 | val_acc=0.9931 | lr=0.000295
Epoch 373/500 | train_loss=0.1314 | val_dice=0.4693 | val_iou=0.3572 | val_f1=0.4693 | val_acc=0.9924 | lr=0.000293
Epoch 374/500 | train_loss=0.1402 | val_dice=0.4523 | val_iou=0.3430 | val_f1=0.4523 | val_acc=0.9928 | lr=0.000291
Epoch 375/500 | train_loss=0.1344 | val_dice=0.4438 | val_iou=0.3335 | val_f1=0.4438 | val_acc=0.9927 | lr=0.000289
Epoch 376/500 | train_loss=0.1289 | val_dice=0.4463 | val_iou=0.3346 | val_f1=0.4463 | val_acc=0.9931 | lr=0.000287
Epoch 377/500 | train_loss=0.1391 | val_dice=0.4571 | val_iou=0.3483 | val_f1=0.4571 | val_acc=0.9923 | lr=0.000285
Epoch 378/500 | train_loss=0.1335 | val_dice=0.4623 | val_iou=0.3522 | val_f1=0.4623 | val_acc=0.9933 | lr=0.000283
Epoch 379/500 | train_loss=0.1372 | val_dice=0.4630 | val_iou=0.3535 | val_f1=0.4630 | val_acc=0.9930 | lr=0.000281
Epoch 380/500 | train_loss=0.1303 | val_dice=0.4736 | val_iou=0.3640 | val_f1=0.4736 | val_acc=0.9927 | lr=0.000279
Epoch 381/500 | train_loss=0.1284 | val_dice=0.4689 | val_iou=0.3569 | val_f1=0.4689 | val_acc=0.9926 | lr=0.000277
Epoch 382/500 | train_loss=0.1412 | val_dice=0.4511 | val_iou=0.3427 | val_f1=0.4511 | val_acc=0.9923 | lr=0.000275
Epoch 383/500 | train_loss=0.1396 | val_dice=0.4642 | val_iou=0.3541 | val_f1=0.4642 | val_acc=0.9921 | lr=0.000273
Epoch 384/500 | train_loss=0.1367 | val_dice=0.4658 | val_iou=0.3537 | val_f1=0.4658 | val_acc=0.9926 | lr=0.000271
Epoch 385/500 | train_loss=0.1362 | val_dice=0.4595 | val_iou=0.3438 | val_f1=0.4595 | val_acc=0.9925 | lr=0.000268
Epoch 386/500 | train_loss=0.1352 | val_dice=0.4597 | val_iou=0.3489 | val_f1=0.4597 | val_acc=0.9926 | lr=0.000266
Epoch 387/500 | train_loss=0.1342 | val_dice=0.4681 | val_iou=0.3582 | val_f1=0.4681 | val_acc=0.9931 | lr=0.000264
Epoch 388/500 | train_loss=0.1290 | val_dice=0.4662 | val_iou=0.3549 | val_f1=0.4662 | val_acc=0.9929 | lr=0.000262
Epoch 389/500 | train_loss=0.1322 | val_dice=0.4738 | val_iou=0.3611 | val_f1=0.4738 | val_acc=0.9929 | lr=0.000260
Epoch 390/500 | train_loss=0.1267 | val_dice=0.4737 | val_iou=0.3620 | val_f1=0.4737 | val_acc=0.9925 | lr=0.000258
Epoch 391/500 | train_loss=0.1309 | val_dice=0.4621 | val_iou=0.3476 | val_f1=0.4621 | val_acc=0.9930 | lr=0.000256
Epoch 392/500 | train_loss=0.1309 | val_dice=0.4722 | val_iou=0.3596 | val_f1=0.4722 | val_acc=0.9922 | lr=0.000254
Epoch 393/500 | train_loss=0.1298 | val_dice=0.4547 | val_iou=0.3465 | val_f1=0.4547 | val_acc=0.9923 | lr=0.000252
Epoch 394/500 | train_loss=0.1344 | val_dice=0.4799 | val_iou=0.3663 | val_f1=0.4799 | val_acc=0.9930 | lr=0.000250
Epoch 395/500 | train_loss=0.1241 | val_dice=0.4607 | val_iou=0.3508 | val_f1=0.4607 | val_acc=0.9925 | lr=0.000248
Epoch 396/500 | train_loss=0.1338 | val_dice=0.4650 | val_iou=0.3540 | val_f1=0.4650 | val_acc=0.9929 | lr=0.000245
Epoch 397/500 | train_loss=0.1339 | val_dice=0.4767 | val_iou=0.3641 | val_f1=0.4767 | val_acc=0.9929 | lr=0.000243
Epoch 398/500 | train_loss=0.1316 | val_dice=0.4549 | val_iou=0.3442 | val_f1=0.4549 | val_acc=0.9926 | lr=0.000241
Epoch 399/500 | train_loss=0.1299 | val_dice=0.4597 | val_iou=0.3495 | val_f1=0.4597 | val_acc=0.9927 | lr=0.000239
Epoch 400/500 | train_loss=0.1300 | val_dice=0.4646 | val_iou=0.3523 | val_f1=0.4646 | val_acc=0.9925 | lr=0.000237
Epoch 401/500 | train_loss=0.1356 | val_dice=0.4597 | val_iou=0.3435 | val_f1=0.4597 | val_acc=0.9927 | lr=0.000235
Epoch 402/500 | train_loss=0.1259 | val_dice=0.4558 | val_iou=0.3447 | val_f1=0.4558 | val_acc=0.9924 | lr=0.000233
Epoch 403/500 | train_loss=0.1311 | val_dice=0.4595 | val_iou=0.3468 | val_f1=0.4595 | val_acc=0.9927 | lr=0.000231
Epoch 404/500 | train_loss=0.1330 | val_dice=0.4494 | val_iou=0.3389 | val_f1=0.4494 | val_acc=0.9930 | lr=0.000229
Epoch 405/500 | train_loss=0.1248 | val_dice=0.4473 | val_iou=0.3364 | val_f1=0.4473 | val_acc=0.9927 | lr=0.000226
Epoch 406/500 | train_loss=0.1332 | val_dice=0.4498 | val_iou=0.3380 | val_f1=0.4498 | val_acc=0.9922 | lr=0.000224
Epoch 407/500 | train_loss=0.1324 | val_dice=0.4685 | val_iou=0.3564 | val_f1=0.4685 | val_acc=0.9925 | lr=0.000222
Epoch 408/500 | train_loss=0.1307 | val_dice=0.4695 | val_iou=0.3614 | val_f1=0.4695 | val_acc=0.9929 | lr=0.000220
Epoch 409/500 | train_loss=0.1204 | val_dice=0.4568 | val_iou=0.3476 | val_f1=0.4568 | val_acc=0.9930 | lr=0.000218
Epoch 410/500 | train_loss=0.1303 | val_dice=0.4492 | val_iou=0.3392 | val_f1=0.4492 | val_acc=0.9929 | lr=0.000216
Epoch 411/500 | train_loss=0.1264 | val_dice=0.4617 | val_iou=0.3494 | val_f1=0.4617 | val_acc=0.9923 | lr=0.000214
Epoch 412/500 | train_loss=0.1331 | val_dice=0.4535 | val_iou=0.3441 | val_f1=0.4535 | val_acc=0.9921 | lr=0.000212
Epoch 413/500 | train_loss=0.1263 | val_dice=0.4516 | val_iou=0.3418 | val_f1=0.4516 | val_acc=0.9923 | lr=0.000209
Epoch 414/500 | train_loss=0.1289 | val_dice=0.4519 | val_iou=0.3418 | val_f1=0.4519 | val_acc=0.9923 | lr=0.000207
Epoch 415/500 | train_loss=0.1344 | val_dice=0.4455 | val_iou=0.3327 | val_f1=0.4455 | val_acc=0.9927 | lr=0.000205
Epoch 416/500 | train_loss=0.1468 | val_dice=0.4476 | val_iou=0.3337 | val_f1=0.4476 | val_acc=0.9926 | lr=0.000203
Epoch 417/500 | train_loss=0.1248 | val_dice=0.4504 | val_iou=0.3412 | val_f1=0.4504 | val_acc=0.9928 | lr=0.000201
Epoch 418/500 | train_loss=0.1256 | val_dice=0.4616 | val_iou=0.3506 | val_f1=0.4616 | val_acc=0.9928 | lr=0.000199
Epoch 419/500 | train_loss=0.1218 | val_dice=0.4591 | val_iou=0.3488 | val_f1=0.4591 | val_acc=0.9924 | lr=0.000196
Epoch 420/500 | train_loss=0.1309 | val_dice=0.4542 | val_iou=0.3431 | val_f1=0.4542 | val_acc=0.9926 | lr=0.000194
Epoch 421/500 | train_loss=0.1318 | val_dice=0.4732 | val_iou=0.3613 | val_f1=0.4732 | val_acc=0.9925 | lr=0.000192
Epoch 422/500 | train_loss=0.1322 | val_dice=0.4542 | val_iou=0.3457 | val_f1=0.4542 | val_acc=0.9930 | lr=0.000190
Epoch 423/500 | train_loss=0.1254 | val_dice=0.4581 | val_iou=0.3487 | val_f1=0.4581 | val_acc=0.9925 | lr=0.000188
Epoch 424/500 | train_loss=0.1244 | val_dice=0.4560 | val_iou=0.3462 | val_f1=0.4560 | val_acc=0.9925 | lr=0.000186
Epoch 425/500 | train_loss=0.1232 | val_dice=0.4616 | val_iou=0.3512 | val_f1=0.4616 | val_acc=0.9922 | lr=0.000184
Epoch 426/500 | train_loss=0.1293 | val_dice=0.4560 | val_iou=0.3456 | val_f1=0.4560 | val_acc=0.9926 | lr=0.000181
Epoch 427/500 | train_loss=0.1252 | val_dice=0.4443 | val_iou=0.3352 | val_f1=0.4443 | val_acc=0.9925 | lr=0.000179
Epoch 428/500 | train_loss=0.1276 | val_dice=0.4510 | val_iou=0.3417 | val_f1=0.4510 | val_acc=0.9927 | lr=0.000177
Epoch 429/500 | train_loss=0.1211 | val_dice=0.4484 | val_iou=0.3392 | val_f1=0.4484 | val_acc=0.9928 | lr=0.000175
Epoch 430/500 | train_loss=0.1238 | val_dice=0.4587 | val_iou=0.3504 | val_f1=0.4587 | val_acc=0.9928 | lr=0.000173
Epoch 431/500 | train_loss=0.1361 | val_dice=0.4597 | val_iou=0.3519 | val_f1=0.4597 | val_acc=0.9925 | lr=0.000170
Epoch 432/500 | train_loss=0.1262 | val_dice=0.4690 | val_iou=0.3572 | val_f1=0.4690 | val_acc=0.9926 | lr=0.000168
Epoch 433/500 | train_loss=0.1250 | val_dice=0.4608 | val_iou=0.3515 | val_f1=0.4608 | val_acc=0.9926 | lr=0.000166
Epoch 434/500 | train_loss=0.1204 | val_dice=0.4636 | val_iou=0.3518 | val_f1=0.4636 | val_acc=0.9924 | lr=0.000164
Epoch 435/500 | train_loss=0.1263 | val_dice=0.4546 | val_iou=0.3432 | val_f1=0.4546 | val_acc=0.9930 | lr=0.000162
Epoch 436/500 | train_loss=0.1329 | val_dice=0.4591 | val_iou=0.3462 | val_f1=0.4591 | val_acc=0.9925 | lr=0.000159
Epoch 437/500 | train_loss=0.1232 | val_dice=0.4505 | val_iou=0.3368 | val_f1=0.4505 | val_acc=0.9921 | lr=0.000157
Epoch 438/500 | train_loss=0.1206 | val_dice=0.4514 | val_iou=0.3410 | val_f1=0.4514 | val_acc=0.9918 | lr=0.000155
Epoch 439/500 | train_loss=0.1336 | val_dice=0.4587 | val_iou=0.3444 | val_f1=0.4587 | val_acc=0.9924 | lr=0.000153
Epoch 440/500 | train_loss=0.1220 | val_dice=0.4580 | val_iou=0.3476 | val_f1=0.4580 | val_acc=0.9923 | lr=0.000151
Epoch 441/500 | train_loss=0.1186 | val_dice=0.4455 | val_iou=0.3334 | val_f1=0.4455 | val_acc=0.9926 | lr=0.000148
Epoch 442/500 | train_loss=0.1183 | val_dice=0.4552 | val_iou=0.3439 | val_f1=0.4552 | val_acc=0.9926 | lr=0.000146
Epoch 443/500 | train_loss=0.1284 | val_dice=0.4616 | val_iou=0.3493 | val_f1=0.4616 | val_acc=0.9922 | lr=0.000144
Epoch 444/500 | train_loss=0.1213 | val_dice=0.4513 | val_iou=0.3407 | val_f1=0.4513 | val_acc=0.9925 | lr=0.000142
Epoch 445/500 | train_loss=0.1208 | val_dice=0.4610 | val_iou=0.3462 | val_f1=0.4610 | val_acc=0.9925 | lr=0.000139
Epoch 446/500 | train_loss=0.1219 | val_dice=0.4568 | val_iou=0.3446 | val_f1=0.4568 | val_acc=0.9922 | lr=0.000137
Epoch 447/500 | train_loss=0.1284 | val_dice=0.4627 | val_iou=0.3491 | val_f1=0.4627 | val_acc=0.9925 | lr=0.000135
Epoch 448/500 | train_loss=0.1232 | val_dice=0.4612 | val_iou=0.3484 | val_f1=0.4612 | val_acc=0.9925 | lr=0.000133
Epoch 449/500 | train_loss=0.1208 | val_dice=0.4602 | val_iou=0.3475 | val_f1=0.4602 | val_acc=0.9925 | lr=0.000130
Epoch 450/500 | train_loss=0.1261 | val_dice=0.4552 | val_iou=0.3431 | val_f1=0.4552 | val_acc=0.9920 | lr=0.000128
Epoch 451/500 | train_loss=0.1198 | val_dice=0.4608 | val_iou=0.3493 | val_f1=0.4608 | val_acc=0.9924 | lr=0.000126
Epoch 452/500 | train_loss=0.1223 | val_dice=0.4577 | val_iou=0.3446 | val_f1=0.4577 | val_acc=0.9927 | lr=0.000124
Epoch 453/500 | train_loss=0.1203 | val_dice=0.4643 | val_iou=0.3532 | val_f1=0.4643 | val_acc=0.9924 | lr=0.000121
Epoch 454/500 | train_loss=0.1166 | val_dice=0.4626 | val_iou=0.3513 | val_f1=0.4626 | val_acc=0.9926 | lr=0.000119
Epoch 455/500 | train_loss=0.1213 | val_dice=0.4623 | val_iou=0.3524 | val_f1=0.4623 | val_acc=0.9923 | lr=0.000117
Epoch 456/500 | train_loss=0.1239 | val_dice=0.4632 | val_iou=0.3542 | val_f1=0.4632 | val_acc=0.9921 | lr=0.000115
Epoch 457/500 | train_loss=0.1235 | val_dice=0.4663 | val_iou=0.3557 | val_f1=0.4663 | val_acc=0.9924 | lr=0.000112
Epoch 458/500 | train_loss=0.1218 | val_dice=0.4583 | val_iou=0.3471 | val_f1=0.4583 | val_acc=0.9927 | lr=0.000110
Epoch 459/500 | train_loss=0.1141 | val_dice=0.4532 | val_iou=0.3408 | val_f1=0.4532 | val_acc=0.9926 | lr=0.000108
Epoch 460/500 | train_loss=0.1207 | val_dice=0.4572 | val_iou=0.3473 | val_f1=0.4572 | val_acc=0.9925 | lr=0.000105
Epoch 461/500 | train_loss=0.1173 | val_dice=0.4618 | val_iou=0.3525 | val_f1=0.4618 | val_acc=0.9925 | lr=0.000103
Epoch 462/500 | train_loss=0.1250 | val_dice=0.4600 | val_iou=0.3501 | val_f1=0.4600 | val_acc=0.9925 | lr=0.000101
Epoch 463/500 | train_loss=0.1200 | val_dice=0.4607 | val_iou=0.3515 | val_f1=0.4607 | val_acc=0.9925 | lr=0.000098
Epoch 464/500 | train_loss=0.1138 | val_dice=0.4584 | val_iou=0.3469 | val_f1=0.4584 | val_acc=0.9925 | lr=0.000096
Epoch 465/500 | train_loss=0.1212 | val_dice=0.4564 | val_iou=0.3453 | val_f1=0.4564 | val_acc=0.9924 | lr=0.000094
Epoch 466/500 | train_loss=0.1179 | val_dice=0.4538 | val_iou=0.3445 | val_f1=0.4538 | val_acc=0.9929 | lr=0.000091
Epoch 467/500 | train_loss=0.1214 | val_dice=0.4581 | val_iou=0.3480 | val_f1=0.4581 | val_acc=0.9924 | lr=0.000089
Epoch 468/500 | train_loss=0.1149 | val_dice=0.4574 | val_iou=0.3478 | val_f1=0.4574 | val_acc=0.9927 | lr=0.000087
Epoch 469/500 | train_loss=0.1195 | val_dice=0.4568 | val_iou=0.3457 | val_f1=0.4568 | val_acc=0.9927 | lr=0.000084
Epoch 470/500 | train_loss=0.1171 | val_dice=0.4547 | val_iou=0.3452 | val_f1=0.4547 | val_acc=0.9928 | lr=0.000082
Epoch 471/500 | train_loss=0.1135 | val_dice=0.4497 | val_iou=0.3401 | val_f1=0.4497 | val_acc=0.9927 | lr=0.000079
Epoch 472/500 | train_loss=0.1138 | val_dice=0.4506 | val_iou=0.3407 | val_f1=0.4506 | val_acc=0.9927 | lr=0.000077
Epoch 473/500 | train_loss=0.1227 | val_dice=0.4608 | val_iou=0.3516 | val_f1=0.4608 | val_acc=0.9923 | lr=0.000075
Epoch 474/500 | train_loss=0.1183 | val_dice=0.4589 | val_iou=0.3466 | val_f1=0.4589 | val_acc=0.9926 | lr=0.000072
Epoch 475/500 | train_loss=0.1173 | val_dice=0.4581 | val_iou=0.3474 | val_f1=0.4581 | val_acc=0.9924 | lr=0.000070
Epoch 476/500 | train_loss=0.1166 | val_dice=0.4615 | val_iou=0.3507 | val_f1=0.4615 | val_acc=0.9922 | lr=0.000067
Epoch 477/500 | train_loss=0.1187 | val_dice=0.4602 | val_iou=0.3497 | val_f1=0.4602 | val_acc=0.9925 | lr=0.000065
Epoch 478/500 | train_loss=0.1193 | val_dice=0.4609 | val_iou=0.3500 | val_f1=0.4609 | val_acc=0.9925 | lr=0.000063
Epoch 479/500 | train_loss=0.1210 | val_dice=0.4599 | val_iou=0.3500 | val_f1=0.4599 | val_acc=0.9924 | lr=0.000060
Epoch 480/500 | train_loss=0.1202 | val_dice=0.4602 | val_iou=0.3497 | val_f1=0.4602 | val_acc=0.9923 | lr=0.000058
Epoch 481/500 | train_loss=0.1256 | val_dice=0.4639 | val_iou=0.3541 | val_f1=0.4639 | val_acc=0.9925 | lr=0.000055
Epoch 482/500 | train_loss=0.1181 | val_dice=0.4634 | val_iou=0.3527 | val_f1=0.4634 | val_acc=0.9925 | lr=0.000053
Epoch 483/500 | train_loss=0.1189 | val_dice=0.4630 | val_iou=0.3504 | val_f1=0.4630 | val_acc=0.9924 | lr=0.000050
Epoch 484/500 | train_loss=0.1225 | val_dice=0.4660 | val_iou=0.3527 | val_f1=0.4660 | val_acc=0.9926 | lr=0.000048
Epoch 485/500 | train_loss=0.1154 | val_dice=0.4634 | val_iou=0.3511 | val_f1=0.4634 | val_acc=0.9925 | lr=0.000045
Epoch 486/500 | train_loss=0.1123 | val_dice=0.4610 | val_iou=0.3494 | val_f1=0.4610 | val_acc=0.9926 | lr=0.000043
Epoch 487/500 | train_loss=0.1152 | val_dice=0.4612 | val_iou=0.3502 | val_f1=0.4612 | val_acc=0.9926 | lr=0.000040
Epoch 488/500 | train_loss=0.1097 | val_dice=0.4583 | val_iou=0.3467 | val_f1=0.4583 | val_acc=0.9926 | lr=0.000037
Epoch 489/500 | train_loss=0.1175 | val_dice=0.4606 | val_iou=0.3490 | val_f1=0.4606 | val_acc=0.9926 | lr=0.000035
Epoch 490/500 | train_loss=0.1176 | val_dice=0.4632 | val_iou=0.3524 | val_f1=0.4632 | val_acc=0.9924 | lr=0.000032
Epoch 491/500 | train_loss=0.1245 | val_dice=0.4605 | val_iou=0.3499 | val_f1=0.4605 | val_acc=0.9925 | lr=0.000030
Epoch 492/500 | train_loss=0.1204 | val_dice=0.4600 | val_iou=0.3492 | val_f1=0.4600 | val_acc=0.9927 | lr=0.000027
Epoch 493/500 | train_loss=0.1181 | val_dice=0.4591 | val_iou=0.3489 | val_f1=0.4591 | val_acc=0.9926 | lr=0.000024
Epoch 494/500 | train_loss=0.1185 | val_dice=0.4583 | val_iou=0.3479 | val_f1=0.4583 | val_acc=0.9926 | lr=0.000021
Epoch 495/500 | train_loss=0.1209 | val_dice=0.4595 | val_iou=0.3491 | val_f1=0.4595 | val_acc=0.9925 | lr=0.000019
Epoch 496/500 | train_loss=0.1157 | val_dice=0.4602 | val_iou=0.3494 | val_f1=0.4602 | val_acc=0.9925 | lr=0.000016
Epoch 497/500 | train_loss=0.1177 | val_dice=0.4598 | val_iou=0.3495 | val_f1=0.4598 | val_acc=0.9925 | lr=0.000013
Epoch 498/500 | train_loss=0.1131 | val_dice=0.4595 | val_iou=0.3491 | val_f1=0.4595 | val_acc=0.9925 | lr=0.000010
Epoch 499/500 | train_loss=0.1154 | val_dice=0.4594 | val_iou=0.3490 | val_f1=0.4594 | val_acc=0.9925 | lr=0.000007
Epoch 500/500 | train_loss=0.1131 | val_dice=0.4589 | val_iou=0.3485 | val_f1=0.4589 | val_acc=0.9925 | lr=0.000004
[INFO] Best checkpoint at epoch 394 | val_dice=0.4799
[INFO] Training complete | best_val_dice=0.4799 | last_val_dice=0.4589 | test_dice=0.5823 | total_time=20591s (avg 41.2s/epoch)
