# ==========================================================================
# RECONSTRUCTED training log  --  Attention_UNet  --  Dataset_small_tumor
# Source: logs/metrics.csv (+ run_config.json, run_summary.json)
# The original console log was not persisted for this architecture.
# Per-epoch values below are EXACT (from metrics.csv).
# Per-epoch wall-clock timestamps were not recorded and are omitted.
# Line format matches UNet_BCE train.log for cross-model comparison.
# ==========================================================================
[INFO] Model: AttentionUNet3D | params=35.575M
[INFO] System: NVIDIA GeForce RTX 4070 Ti SUPER | torch=2.5.1+cu124 | cuda=12.4
[INFO] Config: epochs=500, batch_size=1, lr=0.001, loss=dice_ce, scheduler=poly, seed=42, amp=True
[INFO] Loaded 22 train / 5 val studies
Epoch 001/500 | train_loss=0.8345 | val_dice=0.0000 | val_iou=0.0000 | val_f1=0.0000 | val_acc=0.9876 | lr=0.000200
Epoch 002/500 | train_loss=0.8205 | val_dice=0.0000 | val_iou=0.0000 | val_f1=0.0000 | val_acc=0.9968 | lr=0.000400
Epoch 003/500 | train_loss=0.8117 | val_dice=0.0000 | val_iou=0.0000 | val_f1=0.0000 | val_acc=0.9971 | lr=0.000600
Epoch 004/500 | train_loss=0.8017 | val_dice=0.0000 | val_iou=0.0000 | val_f1=0.0000 | val_acc=0.9976 | lr=0.000800
Epoch 005/500 | train_loss=0.7898 | val_dice=0.0000 | val_iou=0.0000 | val_f1=0.0000 | val_acc=0.9976 | lr=0.001000
Epoch 006/500 | train_loss=0.7753 | val_dice=0.0000 | val_iou=0.0000 | val_f1=0.0000 | val_acc=0.9978 | lr=0.000991
Epoch 007/500 | train_loss=0.7592 | val_dice=0.0000 | val_iou=0.0000 | val_f1=0.0000 | val_acc=0.9979 | lr=0.000989
Epoch 008/500 | train_loss=0.7416 | val_dice=0.0000 | val_iou=0.0000 | val_f1=0.0000 | val_acc=0.9980 | lr=0.000987
Epoch 009/500 | train_loss=0.7210 | val_dice=0.0000 | val_iou=0.0000 | val_f1=0.0000 | val_acc=0.9977 | lr=0.000986
Epoch 010/500 | train_loss=0.6960 | val_dice=0.0000 | val_iou=0.0000 | val_f1=0.0000 | val_acc=0.9980 | lr=0.000984
Epoch 011/500 | train_loss=0.6683 | val_dice=0.0000 | val_iou=0.0000 | val_f1=0.0000 | val_acc=0.9982 | lr=0.000982
Epoch 012/500 | train_loss=0.6394 | val_dice=0.0000 | val_iou=0.0000 | val_f1=0.0000 | val_acc=0.9986 | lr=0.000980
Epoch 013/500 | train_loss=0.6109 | val_dice=0.0000 | val_iou=0.0000 | val_f1=0.0000 | val_acc=0.9982 | lr=0.000978
Epoch 014/500 | train_loss=0.5874 | val_dice=0.0000 | val_iou=0.0000 | val_f1=0.0000 | val_acc=0.9986 | lr=0.000977
Epoch 015/500 | train_loss=0.5682 | val_dice=0.0000 | val_iou=0.0000 | val_f1=0.0000 | val_acc=0.9986 | lr=0.000975
Epoch 016/500 | train_loss=0.5542 | val_dice=0.0000 | val_iou=0.0000 | val_f1=0.0000 | val_acc=0.9986 | lr=0.000973
Epoch 017/500 | train_loss=0.5439 | val_dice=0.0000 | val_iou=0.0000 | val_f1=0.0000 | val_acc=0.9986 | lr=0.000971
Epoch 018/500 | train_loss=0.5360 | val_dice=0.0000 | val_iou=0.0000 | val_f1=0.0000 | val_acc=0.9986 | lr=0.000969
Epoch 019/500 | train_loss=0.5311 | val_dice=0.0000 | val_iou=0.0000 | val_f1=0.0000 | val_acc=0.9986 | lr=0.000968
Epoch 020/500 | train_loss=0.5265 | val_dice=0.0000 | val_iou=0.0000 | val_f1=0.0000 | val_acc=0.9986 | lr=0.000966
Epoch 021/500 | train_loss=0.5232 | val_dice=0.0000 | val_iou=0.0000 | val_f1=0.0000 | val_acc=0.9986 | lr=0.000964
Epoch 022/500 | train_loss=0.5166 | val_dice=0.0000 | val_iou=0.0000 | val_f1=0.0000 | val_acc=0.9982 | lr=0.000962
Epoch 023/500 | train_loss=0.5094 | val_dice=0.0893 | val_iou=0.0504 | val_f1=0.0893 | val_acc=0.9983 | lr=0.000960
Epoch 024/500 | train_loss=0.5039 | val_dice=0.1683 | val_iou=0.1107 | val_f1=0.1683 | val_acc=0.9941 | lr=0.000959
Epoch 025/500 | train_loss=0.4926 | val_dice=0.1935 | val_iou=0.1142 | val_f1=0.1935 | val_acc=0.9958 | lr=0.000957
Epoch 026/500 | train_loss=0.4825 | val_dice=0.2009 | val_iou=0.1225 | val_f1=0.2009 | val_acc=0.9950 | lr=0.000955
Epoch 027/500 | train_loss=0.4707 | val_dice=0.1932 | val_iou=0.1240 | val_f1=0.1932 | val_acc=0.9958 | lr=0.000953
Epoch 028/500 | train_loss=0.4624 | val_dice=0.2259 | val_iou=0.1422 | val_f1=0.2259 | val_acc=0.9977 | lr=0.000951
Epoch 029/500 | train_loss=0.4724 | val_dice=0.2561 | val_iou=0.1633 | val_f1=0.2561 | val_acc=0.9970 | lr=0.000949
Epoch 030/500 | train_loss=0.4390 | val_dice=0.1496 | val_iou=0.0851 | val_f1=0.1496 | val_acc=0.9933 | lr=0.000948
Epoch 031/500 | train_loss=0.4387 | val_dice=0.2362 | val_iou=0.1455 | val_f1=0.2362 | val_acc=0.9964 | lr=0.000946
Epoch 032/500 | train_loss=0.4123 | val_dice=0.2971 | val_iou=0.1891 | val_f1=0.2971 | val_acc=0.9976 | lr=0.000944
Epoch 033/500 | train_loss=0.4145 | val_dice=0.2157 | val_iou=0.1335 | val_f1=0.2157 | val_acc=0.9950 | lr=0.000942
Epoch 034/500 | train_loss=0.4129 | val_dice=0.2442 | val_iou=0.1489 | val_f1=0.2442 | val_acc=0.9964 | lr=0.000940
Epoch 035/500 | train_loss=0.3840 | val_dice=0.2393 | val_iou=0.1573 | val_f1=0.2393 | val_acc=0.9959 | lr=0.000939
Epoch 036/500 | train_loss=0.3836 | val_dice=0.1914 | val_iou=0.1182 | val_f1=0.1914 | val_acc=0.9937 | lr=0.000937
Epoch 037/500 | train_loss=0.3689 | val_dice=0.2975 | val_iou=0.1977 | val_f1=0.2975 | val_acc=0.9982 | lr=0.000935
Epoch 038/500 | train_loss=0.3835 | val_dice=0.1541 | val_iou=0.0893 | val_f1=0.1541 | val_acc=0.9924 | lr=0.000933
Epoch 039/500 | train_loss=0.3680 | val_dice=0.2905 | val_iou=0.1873 | val_f1=0.2905 | val_acc=0.9970 | lr=0.000931
Epoch 040/500 | train_loss=0.3405 | val_dice=0.2767 | val_iou=0.1743 | val_f1=0.2767 | val_acc=0.9972 | lr=0.000930
Epoch 041/500 | train_loss=0.3627 | val_dice=0.3438 | val_iou=0.2209 | val_f1=0.3438 | val_acc=0.9982 | lr=0.000928
Epoch 042/500 | train_loss=0.3563 | val_dice=0.2591 | val_iou=0.1592 | val_f1=0.2591 | val_acc=0.9971 | lr=0.000926
Epoch 043/500 | train_loss=0.3453 | val_dice=0.3135 | val_iou=0.1963 | val_f1=0.3135 | val_acc=0.9979 | lr=0.000924
Epoch 044/500 | train_loss=0.3475 | val_dice=0.2978 | val_iou=0.1879 | val_f1=0.2978 | val_acc=0.9974 | lr=0.000922
Epoch 045/500 | train_loss=0.3444 | val_dice=0.3016 | val_iou=0.1883 | val_f1=0.3016 | val_acc=0.9976 | lr=0.000920
Epoch 046/500 | train_loss=0.3383 | val_dice=0.2716 | val_iou=0.1687 | val_f1=0.2716 | val_acc=0.9970 | lr=0.000919
Epoch 047/500 | train_loss=0.3390 | val_dice=0.3173 | val_iou=0.2004 | val_f1=0.3173 | val_acc=0.9980 | lr=0.000917
Epoch 048/500 | train_loss=0.3379 | val_dice=0.2893 | val_iou=0.1882 | val_f1=0.2893 | val_acc=0.9973 | lr=0.000915
Epoch 049/500 | train_loss=0.3489 | val_dice=0.3249 | val_iou=0.2090 | val_f1=0.3249 | val_acc=0.9979 | lr=0.000913
Epoch 050/500 | train_loss=0.3297 | val_dice=0.3191 | val_iou=0.2058 | val_f1=0.3191 | val_acc=0.9977 | lr=0.000911
Epoch 051/500 | train_loss=0.3279 | val_dice=0.2613 | val_iou=0.1600 | val_f1=0.2613 | val_acc=0.9969 | lr=0.000910
Epoch 052/500 | train_loss=0.3503 | val_dice=0.2872 | val_iou=0.1805 | val_f1=0.2872 | val_acc=0.9977 | lr=0.000908
Epoch 053/500 | train_loss=0.3265 | val_dice=0.3049 | val_iou=0.1946 | val_f1=0.3049 | val_acc=0.9977 | lr=0.000906
Epoch 054/500 | train_loss=0.3203 | val_dice=0.3023 | val_iou=0.1884 | val_f1=0.3023 | val_acc=0.9978 | lr=0.000904
Epoch 055/500 | train_loss=0.3184 | val_dice=0.2409 | val_iou=0.1501 | val_f1=0.2409 | val_acc=0.9962 | lr=0.000902
Epoch 056/500 | train_loss=0.3273 | val_dice=0.3177 | val_iou=0.2092 | val_f1=0.3177 | val_acc=0.9978 | lr=0.000900
Epoch 057/500 | train_loss=0.3068 | val_dice=0.2652 | val_iou=0.1662 | val_f1=0.2652 | val_acc=0.9967 | lr=0.000899
Epoch 058/500 | train_loss=0.3089 | val_dice=0.3198 | val_iou=0.2112 | val_f1=0.3198 | val_acc=0.9979 | lr=0.000897
Epoch 059/500 | train_loss=0.3131 | val_dice=0.3168 | val_iou=0.2062 | val_f1=0.3168 | val_acc=0.9977 | lr=0.000895
Epoch 060/500 | train_loss=0.3009 | val_dice=0.3038 | val_iou=0.1922 | val_f1=0.3038 | val_acc=0.9977 | lr=0.000893
Epoch 061/500 | train_loss=0.3157 | val_dice=0.3088 | val_iou=0.1976 | val_f1=0.3088 | val_acc=0.9977 | lr=0.000891
Epoch 062/500 | train_loss=0.2893 | val_dice=0.3221 | val_iou=0.2124 | val_f1=0.3221 | val_acc=0.9977 | lr=0.000889
Epoch 063/500 | train_loss=0.3090 | val_dice=0.2450 | val_iou=0.1495 | val_f1=0.2450 | val_acc=0.9967 | lr=0.000888
Epoch 064/500 | train_loss=0.3188 | val_dice=0.2723 | val_iou=0.1692 | val_f1=0.2723 | val_acc=0.9972 | lr=0.000886
Epoch 065/500 | train_loss=0.3058 | val_dice=0.2861 | val_iou=0.1764 | val_f1=0.2861 | val_acc=0.9977 | lr=0.000884
Epoch 066/500 | train_loss=0.2982 | val_dice=0.3058 | val_iou=0.1934 | val_f1=0.3058 | val_acc=0.9977 | lr=0.000882
Epoch 067/500 | train_loss=0.3108 | val_dice=0.2868 | val_iou=0.1821 | val_f1=0.2868 | val_acc=0.9974 | lr=0.000880
Epoch 068/500 | train_loss=0.2987 | val_dice=0.2642 | val_iou=0.1626 | val_f1=0.2642 | val_acc=0.9972 | lr=0.000879
Epoch 069/500 | train_loss=0.2962 | val_dice=0.2885 | val_iou=0.1886 | val_f1=0.2885 | val_acc=0.9976 | lr=0.000877
Epoch 070/500 | train_loss=0.3136 | val_dice=0.2923 | val_iou=0.1842 | val_f1=0.2923 | val_acc=0.9976 | lr=0.000875
Epoch 071/500 | train_loss=0.3038 | val_dice=0.3162 | val_iou=0.2129 | val_f1=0.3162 | val_acc=0.9978 | lr=0.000873
Epoch 072/500 | train_loss=0.3009 | val_dice=0.2984 | val_iou=0.1894 | val_f1=0.2984 | val_acc=0.9976 | lr=0.000871
Epoch 073/500 | train_loss=0.2985 | val_dice=0.2846 | val_iou=0.1779 | val_f1=0.2846 | val_acc=0.9975 | lr=0.000869
Epoch 074/500 | train_loss=0.3022 | val_dice=0.3365 | val_iou=0.2196 | val_f1=0.3365 | val_acc=0.9980 | lr=0.000868
Epoch 075/500 | train_loss=0.3137 | val_dice=0.2821 | val_iou=0.1764 | val_f1=0.2821 | val_acc=0.9972 | lr=0.000866
Epoch 076/500 | train_loss=0.3091 | val_dice=0.3345 | val_iou=0.2234 | val_f1=0.3345 | val_acc=0.9980 | lr=0.000864
Epoch 077/500 | train_loss=0.2940 | val_dice=0.2803 | val_iou=0.1753 | val_f1=0.2803 | val_acc=0.9974 | lr=0.000862
Epoch 078/500 | train_loss=0.2982 | val_dice=0.2582 | val_iou=0.1611 | val_f1=0.2582 | val_acc=0.9969 | lr=0.000860
Epoch 079/500 | train_loss=0.2908 | val_dice=0.3294 | val_iou=0.2103 | val_f1=0.3294 | val_acc=0.9979 | lr=0.000858
Epoch 080/500 | train_loss=0.2931 | val_dice=0.2723 | val_iou=0.1679 | val_f1=0.2723 | val_acc=0.9975 | lr=0.000857
Epoch 081/500 | train_loss=0.2859 | val_dice=0.3005 | val_iou=0.1898 | val_f1=0.3005 | val_acc=0.9977 | lr=0.000855
Epoch 082/500 | train_loss=0.2788 | val_dice=0.2923 | val_iou=0.1832 | val_f1=0.2923 | val_acc=0.9976 | lr=0.000853
Epoch 083/500 | train_loss=0.2981 | val_dice=0.2726 | val_iou=0.1676 | val_f1=0.2726 | val_acc=0.9975 | lr=0.000851
Epoch 084/500 | train_loss=0.3010 | val_dice=0.2935 | val_iou=0.1843 | val_f1=0.2935 | val_acc=0.9974 | lr=0.000849
Epoch 085/500 | train_loss=0.2757 | val_dice=0.3546 | val_iou=0.2285 | val_f1=0.3546 | val_acc=0.9983 | lr=0.000847
Epoch 086/500 | train_loss=0.3020 | val_dice=0.2908 | val_iou=0.1820 | val_f1=0.2908 | val_acc=0.9974 | lr=0.000846
Epoch 087/500 | train_loss=0.2921 | val_dice=0.3042 | val_iou=0.1904 | val_f1=0.3042 | val_acc=0.9979 | lr=0.000844
Epoch 088/500 | train_loss=0.2907 | val_dice=0.3001 | val_iou=0.1892 | val_f1=0.3001 | val_acc=0.9975 | lr=0.000842
Epoch 089/500 | train_loss=0.2818 | val_dice=0.3172 | val_iou=0.1997 | val_f1=0.3172 | val_acc=0.9977 | lr=0.000840
Epoch 090/500 | train_loss=0.2799 | val_dice=0.2827 | val_iou=0.1757 | val_f1=0.2827 | val_acc=0.9974 | lr=0.000838
Epoch 091/500 | train_loss=0.2801 | val_dice=0.2987 | val_iou=0.1855 | val_f1=0.2987 | val_acc=0.9980 | lr=0.000836
Epoch 092/500 | train_loss=0.2912 | val_dice=0.3046 | val_iou=0.1987 | val_f1=0.3046 | val_acc=0.9977 | lr=0.000835
Epoch 093/500 | train_loss=0.2862 | val_dice=0.3406 | val_iou=0.2195 | val_f1=0.3406 | val_acc=0.9980 | lr=0.000833
Epoch 094/500 | train_loss=0.2734 | val_dice=0.3061 | val_iou=0.1963 | val_f1=0.3061 | val_acc=0.9976 | lr=0.000831
Epoch 095/500 | train_loss=0.2745 | val_dice=0.3424 | val_iou=0.2204 | val_f1=0.3424 | val_acc=0.9982 | lr=0.000829
Epoch 096/500 | train_loss=0.2731 | val_dice=0.3543 | val_iou=0.2326 | val_f1=0.3543 | val_acc=0.9981 | lr=0.000827
Epoch 097/500 | train_loss=0.2726 | val_dice=0.3180 | val_iou=0.1990 | val_f1=0.3180 | val_acc=0.9980 | lr=0.000825
Epoch 098/500 | train_loss=0.2867 | val_dice=0.3592 | val_iou=0.2400 | val_f1=0.3592 | val_acc=0.9983 | lr=0.000824
Epoch 099/500 | train_loss=0.2768 | val_dice=0.3013 | val_iou=0.1887 | val_f1=0.3013 | val_acc=0.9977 | lr=0.000822
Epoch 100/500 | train_loss=0.2679 | val_dice=0.3213 | val_iou=0.2034 | val_f1=0.3213 | val_acc=0.9980 | lr=0.000820
Epoch 101/500 | train_loss=0.2645 | val_dice=0.2979 | val_iou=0.1855 | val_f1=0.2979 | val_acc=0.9977 | lr=0.000818
Epoch 102/500 | train_loss=0.2640 | val_dice=0.2870 | val_iou=0.1787 | val_f1=0.2870 | val_acc=0.9978 | lr=0.000816
Epoch 103/500 | train_loss=0.2707 | val_dice=0.3262 | val_iou=0.2065 | val_f1=0.3262 | val_acc=0.9979 | lr=0.000814
Epoch 104/500 | train_loss=0.2706 | val_dice=0.3015 | val_iou=0.1878 | val_f1=0.3015 | val_acc=0.9974 | lr=0.000813
Epoch 105/500 | train_loss=0.2835 | val_dice=0.3287 | val_iou=0.2157 | val_f1=0.3287 | val_acc=0.9978 | lr=0.000811
Epoch 106/500 | train_loss=0.2712 | val_dice=0.2522 | val_iou=0.1594 | val_f1=0.2522 | val_acc=0.9975 | lr=0.000809
Epoch 107/500 | train_loss=0.2868 | val_dice=0.2881 | val_iou=0.1805 | val_f1=0.2881 | val_acc=0.9977 | lr=0.000807
Epoch 108/500 | train_loss=0.2762 | val_dice=0.3204 | val_iou=0.2028 | val_f1=0.3204 | val_acc=0.9979 | lr=0.000805
Epoch 109/500 | train_loss=0.2674 | val_dice=0.3091 | val_iou=0.1925 | val_f1=0.3091 | val_acc=0.9979 | lr=0.000803
Epoch 110/500 | train_loss=0.2657 | val_dice=0.3211 | val_iou=0.2015 | val_f1=0.3211 | val_acc=0.9980 | lr=0.000801
Epoch 111/500 | train_loss=0.2707 | val_dice=0.3052 | val_iou=0.1928 | val_f1=0.3052 | val_acc=0.9978 | lr=0.000800
Epoch 112/500 | train_loss=0.2551 | val_dice=0.3060 | val_iou=0.1918 | val_f1=0.3060 | val_acc=0.9979 | lr=0.000798
Epoch 113/500 | train_loss=0.2546 | val_dice=0.2814 | val_iou=0.1726 | val_f1=0.2814 | val_acc=0.9977 | lr=0.000796
Epoch 114/500 | train_loss=0.2607 | val_dice=0.3092 | val_iou=0.1949 | val_f1=0.3092 | val_acc=0.9979 | lr=0.000794
Epoch 115/500 | train_loss=0.2775 | val_dice=0.2512 | val_iou=0.1534 | val_f1=0.2512 | val_acc=0.9972 | lr=0.000792
Epoch 116/500 | train_loss=0.2728 | val_dice=0.3175 | val_iou=0.2034 | val_f1=0.3175 | val_acc=0.9980 | lr=0.000790
Epoch 117/500 | train_loss=0.2684 | val_dice=0.2663 | val_iou=0.1609 | val_f1=0.2663 | val_acc=0.9976 | lr=0.000789
Epoch 118/500 | train_loss=0.2795 | val_dice=0.3399 | val_iou=0.2213 | val_f1=0.3399 | val_acc=0.9981 | lr=0.000787
Epoch 119/500 | train_loss=0.2577 | val_dice=0.3107 | val_iou=0.1947 | val_f1=0.3107 | val_acc=0.9981 | lr=0.000785
Epoch 120/500 | train_loss=0.2651 | val_dice=0.2989 | val_iou=0.1843 | val_f1=0.2989 | val_acc=0.9979 | lr=0.000783
Epoch 121/500 | train_loss=0.2817 | val_dice=0.2861 | val_iou=0.1748 | val_f1=0.2861 | val_acc=0.9976 | lr=0.000781
Epoch 122/500 | train_loss=0.2965 | val_dice=0.3207 | val_iou=0.1993 | val_f1=0.3207 | val_acc=0.9980 | lr=0.000779
Epoch 123/500 | train_loss=0.2531 | val_dice=0.3314 | val_iou=0.2112 | val_f1=0.3314 | val_acc=0.9981 | lr=0.000777
Epoch 124/500 | train_loss=0.2527 | val_dice=0.2886 | val_iou=0.1782 | val_f1=0.2886 | val_acc=0.9974 | lr=0.000776
Epoch 125/500 | train_loss=0.2508 | val_dice=0.3240 | val_iou=0.2067 | val_f1=0.3240 | val_acc=0.9980 | lr=0.000774
Epoch 126/500 | train_loss=0.2579 | val_dice=0.2927 | val_iou=0.1851 | val_f1=0.2927 | val_acc=0.9979 | lr=0.000772
Epoch 127/500 | train_loss=0.2582 | val_dice=0.2772 | val_iou=0.1715 | val_f1=0.2772 | val_acc=0.9976 | lr=0.000770
Epoch 128/500 | train_loss=0.2463 | val_dice=0.2906 | val_iou=0.1810 | val_f1=0.2906 | val_acc=0.9979 | lr=0.000768
Epoch 129/500 | train_loss=0.2547 | val_dice=0.3037 | val_iou=0.1891 | val_f1=0.3037 | val_acc=0.9979 | lr=0.000766
Epoch 130/500 | train_loss=0.2588 | val_dice=0.2875 | val_iou=0.1817 | val_f1=0.2875 | val_acc=0.9978 | lr=0.000764
Epoch 131/500 | train_loss=0.2609 | val_dice=0.2878 | val_iou=0.1776 | val_f1=0.2878 | val_acc=0.9975 | lr=0.000763
Epoch 132/500 | train_loss=0.2545 | val_dice=0.2855 | val_iou=0.1778 | val_f1=0.2855 | val_acc=0.9977 | lr=0.000761
Epoch 133/500 | train_loss=0.2504 | val_dice=0.2845 | val_iou=0.1784 | val_f1=0.2845 | val_acc=0.9976 | lr=0.000759
Epoch 134/500 | train_loss=0.2615 | val_dice=0.2979 | val_iou=0.1855 | val_f1=0.2979 | val_acc=0.9980 | lr=0.000757
Epoch 135/500 | train_loss=0.2660 | val_dice=0.2976 | val_iou=0.1858 | val_f1=0.2976 | val_acc=0.9979 | lr=0.000755
Epoch 136/500 | train_loss=0.2641 | val_dice=0.3177 | val_iou=0.2095 | val_f1=0.3177 | val_acc=0.9979 | lr=0.000753
Epoch 137/500 | train_loss=0.2681 | val_dice=0.3263 | val_iou=0.2116 | val_f1=0.3263 | val_acc=0.9980 | lr=0.000751
Epoch 138/500 | train_loss=0.2514 | val_dice=0.3258 | val_iou=0.2130 | val_f1=0.3258 | val_acc=0.9977 | lr=0.000750
Epoch 139/500 | train_loss=0.2355 | val_dice=0.2947 | val_iou=0.1818 | val_f1=0.2947 | val_acc=0.9978 | lr=0.000748
Epoch 140/500 | train_loss=0.2606 | val_dice=0.2992 | val_iou=0.1905 | val_f1=0.2992 | val_acc=0.9977 | lr=0.000746
Epoch 141/500 | train_loss=0.2363 | val_dice=0.3194 | val_iou=0.2028 | val_f1=0.3194 | val_acc=0.9979 | lr=0.000744
Epoch 142/500 | train_loss=0.2459 | val_dice=0.3205 | val_iou=0.2039 | val_f1=0.3205 | val_acc=0.9980 | lr=0.000742
Epoch 143/500 | train_loss=0.2502 | val_dice=0.3072 | val_iou=0.1964 | val_f1=0.3072 | val_acc=0.9977 | lr=0.000740
Epoch 144/500 | train_loss=0.2457 | val_dice=0.2994 | val_iou=0.1886 | val_f1=0.2994 | val_acc=0.9976 | lr=0.000738
Epoch 145/500 | train_loss=0.2380 | val_dice=0.2945 | val_iou=0.1838 | val_f1=0.2945 | val_acc=0.9978 | lr=0.000737
Epoch 146/500 | train_loss=0.2359 | val_dice=0.2902 | val_iou=0.1817 | val_f1=0.2902 | val_acc=0.9978 | lr=0.000735
Epoch 147/500 | train_loss=0.2440 | val_dice=0.2423 | val_iou=0.1456 | val_f1=0.2423 | val_acc=0.9968 | lr=0.000733
Epoch 148/500 | train_loss=0.2668 | val_dice=0.3066 | val_iou=0.1928 | val_f1=0.3066 | val_acc=0.9979 | lr=0.000731
Epoch 149/500 | train_loss=0.2478 | val_dice=0.3001 | val_iou=0.1911 | val_f1=0.3001 | val_acc=0.9976 | lr=0.000729
Epoch 150/500 | train_loss=0.2459 | val_dice=0.3020 | val_iou=0.1895 | val_f1=0.3020 | val_acc=0.9978 | lr=0.000727
Epoch 151/500 | train_loss=0.2546 | val_dice=0.3095 | val_iou=0.2013 | val_f1=0.3095 | val_acc=0.9980 | lr=0.000725
Epoch 152/500 | train_loss=0.2602 | val_dice=0.2961 | val_iou=0.1879 | val_f1=0.2961 | val_acc=0.9974 | lr=0.000724
Epoch 153/500 | train_loss=0.2446 | val_dice=0.3434 | val_iou=0.2284 | val_f1=0.3434 | val_acc=0.9981 | lr=0.000722
Epoch 154/500 | train_loss=0.2438 | val_dice=0.2868 | val_iou=0.1784 | val_f1=0.2868 | val_acc=0.9976 | lr=0.000720
Epoch 155/500 | train_loss=0.2397 | val_dice=0.3081 | val_iou=0.1990 | val_f1=0.3081 | val_acc=0.9979 | lr=0.000718
Epoch 156/500 | train_loss=0.2463 | val_dice=0.3014 | val_iou=0.1872 | val_f1=0.3014 | val_acc=0.9977 | lr=0.000716
Epoch 157/500 | train_loss=0.2540 | val_dice=0.2921 | val_iou=0.1849 | val_f1=0.2921 | val_acc=0.9977 | lr=0.000714
Epoch 158/500 | train_loss=0.2495 | val_dice=0.3283 | val_iou=0.2085 | val_f1=0.3283 | val_acc=0.9981 | lr=0.000712
Epoch 159/500 | train_loss=0.2275 | val_dice=0.3056 | val_iou=0.1909 | val_f1=0.3056 | val_acc=0.9979 | lr=0.000710
Epoch 160/500 | train_loss=0.2296 | val_dice=0.3006 | val_iou=0.1909 | val_f1=0.3006 | val_acc=0.9976 | lr=0.000709
Epoch 161/500 | train_loss=0.2430 | val_dice=0.3143 | val_iou=0.2005 | val_f1=0.3143 | val_acc=0.9980 | lr=0.000707
Epoch 162/500 | train_loss=0.2465 | val_dice=0.3006 | val_iou=0.1883 | val_f1=0.3006 | val_acc=0.9976 | lr=0.000705
Epoch 163/500 | train_loss=0.2439 | val_dice=0.3162 | val_iou=0.2024 | val_f1=0.3162 | val_acc=0.9979 | lr=0.000703
Epoch 164/500 | train_loss=0.2293 | val_dice=0.2858 | val_iou=0.1779 | val_f1=0.2858 | val_acc=0.9977 | lr=0.000701
Epoch 165/500 | train_loss=0.2389 | val_dice=0.3438 | val_iou=0.2284 | val_f1=0.3438 | val_acc=0.9980 | lr=0.000699
Epoch 166/500 | train_loss=0.2307 | val_dice=0.3264 | val_iou=0.2109 | val_f1=0.3264 | val_acc=0.9981 | lr=0.000697
Epoch 167/500 | train_loss=0.2326 | val_dice=0.3040 | val_iou=0.1942 | val_f1=0.3040 | val_acc=0.9978 | lr=0.000696
Epoch 168/500 | train_loss=0.2188 | val_dice=0.3436 | val_iou=0.2267 | val_f1=0.3436 | val_acc=0.9982 | lr=0.000694
Epoch 169/500 | train_loss=0.2292 | val_dice=0.3312 | val_iou=0.2166 | val_f1=0.3312 | val_acc=0.9982 | lr=0.000692
Epoch 170/500 | train_loss=0.2328 | val_dice=0.3119 | val_iou=0.2040 | val_f1=0.3119 | val_acc=0.9976 | lr=0.000690
Epoch 171/500 | train_loss=0.2255 | val_dice=0.3510 | val_iou=0.2378 | val_f1=0.3510 | val_acc=0.9983 | lr=0.000688
Epoch 172/500 | train_loss=0.2522 | val_dice=0.3538 | val_iou=0.2389 | val_f1=0.3538 | val_acc=0.9980 | lr=0.000686
Epoch 173/500 | train_loss=0.2311 | val_dice=0.3277 | val_iou=0.2163 | val_f1=0.3277 | val_acc=0.9981 | lr=0.000684
Epoch 174/500 | train_loss=0.2336 | val_dice=0.2997 | val_iou=0.1929 | val_f1=0.2997 | val_acc=0.9979 | lr=0.000682
Epoch 175/500 | train_loss=0.2389 | val_dice=0.3314 | val_iou=0.2190 | val_f1=0.3314 | val_acc=0.9981 | lr=0.000680
Epoch 176/500 | train_loss=0.2502 | val_dice=0.2881 | val_iou=0.1839 | val_f1=0.2881 | val_acc=0.9975 | lr=0.000679
Epoch 177/500 | train_loss=0.2460 | val_dice=0.3526 | val_iou=0.2348 | val_f1=0.3526 | val_acc=0.9981 | lr=0.000677
Epoch 178/500 | train_loss=0.2216 | val_dice=0.3383 | val_iou=0.2233 | val_f1=0.3383 | val_acc=0.9980 | lr=0.000675
Epoch 179/500 | train_loss=0.2301 | val_dice=0.2895 | val_iou=0.1865 | val_f1=0.2895 | val_acc=0.9974 | lr=0.000673
Epoch 180/500 | train_loss=0.2191 | val_dice=0.3588 | val_iou=0.2459 | val_f1=0.3588 | val_acc=0.9982 | lr=0.000671
Epoch 181/500 | train_loss=0.2298 | val_dice=0.3078 | val_iou=0.1961 | val_f1=0.3078 | val_acc=0.9979 | lr=0.000669
Epoch 182/500 | train_loss=0.2208 | val_dice=0.3078 | val_iou=0.1976 | val_f1=0.3078 | val_acc=0.9977 | lr=0.000667
Epoch 183/500 | train_loss=0.2306 | val_dice=0.3110 | val_iou=0.1982 | val_f1=0.3110 | val_acc=0.9977 | lr=0.000665
Epoch 184/500 | train_loss=0.2277 | val_dice=0.2985 | val_iou=0.1908 | val_f1=0.2985 | val_acc=0.9977 | lr=0.000664
Epoch 185/500 | train_loss=0.2333 | val_dice=0.3346 | val_iou=0.2219 | val_f1=0.3346 | val_acc=0.9981 | lr=0.000662
Epoch 186/500 | train_loss=0.2166 | val_dice=0.2850 | val_iou=0.1804 | val_f1=0.2850 | val_acc=0.9976 | lr=0.000660
Epoch 187/500 | train_loss=0.2294 | val_dice=0.3563 | val_iou=0.2381 | val_f1=0.3563 | val_acc=0.9980 | lr=0.000658
Epoch 188/500 | train_loss=0.2384 | val_dice=0.3393 | val_iou=0.2281 | val_f1=0.3393 | val_acc=0.9980 | lr=0.000656
Epoch 189/500 | train_loss=0.2272 | val_dice=0.2946 | val_iou=0.1884 | val_f1=0.2946 | val_acc=0.9976 | lr=0.000654
Epoch 190/500 | train_loss=0.2286 | val_dice=0.3049 | val_iou=0.1955 | val_f1=0.3049 | val_acc=0.9977 | lr=0.000652
Epoch 191/500 | train_loss=0.2196 | val_dice=0.2886 | val_iou=0.1798 | val_f1=0.2886 | val_acc=0.9975 | lr=0.000650
Epoch 192/500 | train_loss=0.2222 | val_dice=0.2922 | val_iou=0.1859 | val_f1=0.2922 | val_acc=0.9975 | lr=0.000648
Epoch 193/500 | train_loss=0.2167 | val_dice=0.3398 | val_iou=0.2293 | val_f1=0.3398 | val_acc=0.9982 | lr=0.000647
Epoch 194/500 | train_loss=0.2131 | val_dice=0.3243 | val_iou=0.2112 | val_f1=0.3243 | val_acc=0.9982 | lr=0.000645
Epoch 195/500 | train_loss=0.2243 | val_dice=0.2688 | val_iou=0.1696 | val_f1=0.2688 | val_acc=0.9972 | lr=0.000643
Epoch 196/500 | train_loss=0.2300 | val_dice=0.2997 | val_iou=0.1977 | val_f1=0.2997 | val_acc=0.9979 | lr=0.000641
Epoch 197/500 | train_loss=0.2424 | val_dice=0.2596 | val_iou=0.1658 | val_f1=0.2596 | val_acc=0.9971 | lr=0.000639
Epoch 198/500 | train_loss=0.2222 | val_dice=0.3058 | val_iou=0.1967 | val_f1=0.3058 | val_acc=0.9979 | lr=0.000637
Epoch 199/500 | train_loss=0.2357 | val_dice=0.3280 | val_iou=0.2136 | val_f1=0.3280 | val_acc=0.9980 | lr=0.000635
Epoch 200/500 | train_loss=0.2402 | val_dice=0.3134 | val_iou=0.2048 | val_f1=0.3134 | val_acc=0.9977 | lr=0.000633
Epoch 201/500 | train_loss=0.2064 | val_dice=0.3299 | val_iou=0.2201 | val_f1=0.3299 | val_acc=0.9980 | lr=0.000631
Epoch 202/500 | train_loss=0.2363 | val_dice=0.3209 | val_iou=0.2126 | val_f1=0.3209 | val_acc=0.9978 | lr=0.000630
Epoch 203/500 | train_loss=0.2267 | val_dice=0.3018 | val_iou=0.1942 | val_f1=0.3018 | val_acc=0.9975 | lr=0.000628
Epoch 204/500 | train_loss=0.2148 | val_dice=0.2985 | val_iou=0.1917 | val_f1=0.2985 | val_acc=0.9978 | lr=0.000626
Epoch 205/500 | train_loss=0.2281 | val_dice=0.2855 | val_iou=0.1815 | val_f1=0.2855 | val_acc=0.9975 | lr=0.000624
Epoch 206/500 | train_loss=0.2101 | val_dice=0.3175 | val_iou=0.2065 | val_f1=0.3175 | val_acc=0.9979 | lr=0.000622
Epoch 207/500 | train_loss=0.2172 | val_dice=0.3185 | val_iou=0.2065 | val_f1=0.3185 | val_acc=0.9980 | lr=0.000620
Epoch 208/500 | train_loss=0.2095 | val_dice=0.3159 | val_iou=0.2066 | val_f1=0.3159 | val_acc=0.9980 | lr=0.000618
Epoch 209/500 | train_loss=0.2163 | val_dice=0.3229 | val_iou=0.2109 | val_f1=0.3229 | val_acc=0.9977 | lr=0.000616
Epoch 210/500 | train_loss=0.2165 | val_dice=0.3226 | val_iou=0.2099 | val_f1=0.3226 | val_acc=0.9980 | lr=0.000614
Epoch 211/500 | train_loss=0.2089 | val_dice=0.3411 | val_iou=0.2337 | val_f1=0.3411 | val_acc=0.9979 | lr=0.000612
Epoch 212/500 | train_loss=0.2206 | val_dice=0.2684 | val_iou=0.1775 | val_f1=0.2684 | val_acc=0.9975 | lr=0.000611
Epoch 213/500 | train_loss=0.2170 | val_dice=0.3012 | val_iou=0.1949 | val_f1=0.3012 | val_acc=0.9975 | lr=0.000609
Epoch 214/500 | train_loss=0.2143 | val_dice=0.3141 | val_iou=0.2096 | val_f1=0.3141 | val_acc=0.9979 | lr=0.000607
Epoch 215/500 | train_loss=0.2196 | val_dice=0.2852 | val_iou=0.1849 | val_f1=0.2852 | val_acc=0.9971 | lr=0.000605
Epoch 216/500 | train_loss=0.2258 | val_dice=0.3171 | val_iou=0.2164 | val_f1=0.3171 | val_acc=0.9979 | lr=0.000603
Epoch 217/500 | train_loss=0.2170 | val_dice=0.3194 | val_iou=0.2089 | val_f1=0.3194 | val_acc=0.9976 | lr=0.000601
Epoch 218/500 | train_loss=0.2107 | val_dice=0.3370 | val_iou=0.2228 | val_f1=0.3370 | val_acc=0.9979 | lr=0.000599
Epoch 219/500 | train_loss=0.2122 | val_dice=0.3027 | val_iou=0.1969 | val_f1=0.3027 | val_acc=0.9979 | lr=0.000597
Epoch 220/500 | train_loss=0.2252 | val_dice=0.3651 | val_iou=0.2507 | val_f1=0.3651 | val_acc=0.9979 | lr=0.000595
Epoch 221/500 | train_loss=0.2236 | val_dice=0.3238 | val_iou=0.2161 | val_f1=0.3238 | val_acc=0.9981 | lr=0.000593
Epoch 222/500 | train_loss=0.2160 | val_dice=0.3287 | val_iou=0.2174 | val_f1=0.3287 | val_acc=0.9980 | lr=0.000592
Epoch 223/500 | train_loss=0.2185 | val_dice=0.2990 | val_iou=0.1977 | val_f1=0.2990 | val_acc=0.9977 | lr=0.000590
Epoch 224/500 | train_loss=0.2129 | val_dice=0.3396 | val_iou=0.2279 | val_f1=0.3396 | val_acc=0.9979 | lr=0.000588
Epoch 225/500 | train_loss=0.2178 | val_dice=0.3431 | val_iou=0.2392 | val_f1=0.3431 | val_acc=0.9980 | lr=0.000586
Epoch 226/500 | train_loss=0.2173 | val_dice=0.3306 | val_iou=0.2216 | val_f1=0.3306 | val_acc=0.9979 | lr=0.000584
Epoch 227/500 | train_loss=0.2262 | val_dice=0.3731 | val_iou=0.2646 | val_f1=0.3731 | val_acc=0.9978 | lr=0.000582
Epoch 228/500 | train_loss=0.2226 | val_dice=0.3559 | val_iou=0.2424 | val_f1=0.3559 | val_acc=0.9980 | lr=0.000580
Epoch 229/500 | train_loss=0.2080 | val_dice=0.3750 | val_iou=0.2628 | val_f1=0.3750 | val_acc=0.9979 | lr=0.000578
Epoch 230/500 | train_loss=0.2148 | val_dice=0.3541 | val_iou=0.2437 | val_f1=0.3541 | val_acc=0.9980 | lr=0.000576
Epoch 231/500 | train_loss=0.2038 | val_dice=0.3208 | val_iou=0.2120 | val_f1=0.3208 | val_acc=0.9979 | lr=0.000574
Epoch 232/500 | train_loss=0.2053 | val_dice=0.3514 | val_iou=0.2392 | val_f1=0.3514 | val_acc=0.9981 | lr=0.000572
Epoch 233/500 | train_loss=0.2043 | val_dice=0.3363 | val_iou=0.2267 | val_f1=0.3363 | val_acc=0.9975 | lr=0.000570
Epoch 234/500 | train_loss=0.2330 | val_dice=0.3390 | val_iou=0.2272 | val_f1=0.3390 | val_acc=0.9978 | lr=0.000569
Epoch 235/500 | train_loss=0.1998 | val_dice=0.3424 | val_iou=0.2312 | val_f1=0.3424 | val_acc=0.9978 | lr=0.000567
Epoch 236/500 | train_loss=0.2047 | val_dice=0.3408 | val_iou=0.2329 | val_f1=0.3408 | val_acc=0.9978 | lr=0.000565
Epoch 237/500 | train_loss=0.2346 | val_dice=0.3369 | val_iou=0.2299 | val_f1=0.3369 | val_acc=0.9974 | lr=0.000563
Epoch 238/500 | train_loss=0.2167 | val_dice=0.3535 | val_iou=0.2429 | val_f1=0.3535 | val_acc=0.9978 | lr=0.000561
Epoch 239/500 | train_loss=0.2142 | val_dice=0.3031 | val_iou=0.1979 | val_f1=0.3031 | val_acc=0.9975 | lr=0.000559
Epoch 240/500 | train_loss=0.2388 | val_dice=0.3183 | val_iou=0.2068 | val_f1=0.3183 | val_acc=0.9977 | lr=0.000557
Epoch 241/500 | train_loss=0.2319 | val_dice=0.3355 | val_iou=0.2245 | val_f1=0.3355 | val_acc=0.9974 | lr=0.000555
Epoch 242/500 | train_loss=0.2010 | val_dice=0.3561 | val_iou=0.2412 | val_f1=0.3561 | val_acc=0.9981 | lr=0.000553
Epoch 243/500 | train_loss=0.2178 | val_dice=0.3882 | val_iou=0.2730 | val_f1=0.3882 | val_acc=0.9980 | lr=0.000551
Epoch 244/500 | train_loss=0.1998 | val_dice=0.3666 | val_iou=0.2474 | val_f1=0.3666 | val_acc=0.9981 | lr=0.000549
Epoch 245/500 | train_loss=0.2150 | val_dice=0.3678 | val_iou=0.2527 | val_f1=0.3678 | val_acc=0.9979 | lr=0.000547
Epoch 246/500 | train_loss=0.2007 | val_dice=0.3613 | val_iou=0.2499 | val_f1=0.3613 | val_acc=0.9977 | lr=0.000546
Epoch 247/500 | train_loss=0.2114 | val_dice=0.3877 | val_iou=0.2728 | val_f1=0.3877 | val_acc=0.9981 | lr=0.000544
Epoch 248/500 | train_loss=0.1998 | val_dice=0.3820 | val_iou=0.2733 | val_f1=0.3820 | val_acc=0.9980 | lr=0.000542
Epoch 249/500 | train_loss=0.1912 | val_dice=0.3509 | val_iou=0.2391 | val_f1=0.3509 | val_acc=0.9978 | lr=0.000540
Epoch 250/500 | train_loss=0.2206 | val_dice=0.3748 | val_iou=0.2651 | val_f1=0.3748 | val_acc=0.9982 | lr=0.000538
Epoch 251/500 | train_loss=0.2050 | val_dice=0.3615 | val_iou=0.2488 | val_f1=0.3615 | val_acc=0.9976 | lr=0.000536
Epoch 252/500 | train_loss=0.2165 | val_dice=0.3660 | val_iou=0.2475 | val_f1=0.3660 | val_acc=0.9979 | lr=0.000534
Epoch 253/500 | train_loss=0.1879 | val_dice=0.3564 | val_iou=0.2436 | val_f1=0.3564 | val_acc=0.9976 | lr=0.000532
Epoch 254/500 | train_loss=0.2067 | val_dice=0.3728 | val_iou=0.2536 | val_f1=0.3728 | val_acc=0.9983 | lr=0.000530
Epoch 255/500 | train_loss=0.2110 | val_dice=0.3510 | val_iou=0.2357 | val_f1=0.3510 | val_acc=0.9974 | lr=0.000528
Epoch 256/500 | train_loss=0.2050 | val_dice=0.3822 | val_iou=0.2634 | val_f1=0.3822 | val_acc=0.9981 | lr=0.000526
Epoch 257/500 | train_loss=0.2055 | val_dice=0.3581 | val_iou=0.2441 | val_f1=0.3581 | val_acc=0.9976 | lr=0.000524
Epoch 258/500 | train_loss=0.1936 | val_dice=0.3470 | val_iou=0.2300 | val_f1=0.3470 | val_acc=0.9981 | lr=0.000522
Epoch 259/500 | train_loss=0.2028 | val_dice=0.3344 | val_iou=0.2200 | val_f1=0.3344 | val_acc=0.9978 | lr=0.000520
Epoch 260/500 | train_loss=0.1925 | val_dice=0.3828 | val_iou=0.2629 | val_f1=0.3828 | val_acc=0.9981 | lr=0.000518
Epoch 261/500 | train_loss=0.1925 | val_dice=0.3312 | val_iou=0.2172 | val_f1=0.3312 | val_acc=0.9977 | lr=0.000517
Epoch 262/500 | train_loss=0.1940 | val_dice=0.3176 | val_iou=0.2094 | val_f1=0.3176 | val_acc=0.9979 | lr=0.000515
Epoch 263/500 | train_loss=0.1958 | val_dice=0.3458 | val_iou=0.2394 | val_f1=0.3458 | val_acc=0.9979 | lr=0.000513
Epoch 264/500 | train_loss=0.1980 | val_dice=0.3102 | val_iou=0.2078 | val_f1=0.3102 | val_acc=0.9978 | lr=0.000511
Epoch 265/500 | train_loss=0.1877 | val_dice=0.3485 | val_iou=0.2430 | val_f1=0.3485 | val_acc=0.9978 | lr=0.000509
Epoch 266/500 | train_loss=0.1852 | val_dice=0.3572 | val_iou=0.2489 | val_f1=0.3572 | val_acc=0.9979 | lr=0.000507
Epoch 267/500 | train_loss=0.1990 | val_dice=0.3523 | val_iou=0.2356 | val_f1=0.3523 | val_acc=0.9981 | lr=0.000505
Epoch 268/500 | train_loss=0.1898 | val_dice=0.3309 | val_iou=0.2172 | val_f1=0.3309 | val_acc=0.9978 | lr=0.000503
Epoch 269/500 | train_loss=0.1777 | val_dice=0.3502 | val_iou=0.2398 | val_f1=0.3502 | val_acc=0.9977 | lr=0.000501
Epoch 270/500 | train_loss=0.1887 | val_dice=0.3484 | val_iou=0.2361 | val_f1=0.3484 | val_acc=0.9980 | lr=0.000499
Epoch 271/500 | train_loss=0.1912 | val_dice=0.3257 | val_iou=0.2207 | val_f1=0.3257 | val_acc=0.9981 | lr=0.000497
Epoch 272/500 | train_loss=0.1897 | val_dice=0.3352 | val_iou=0.2242 | val_f1=0.3352 | val_acc=0.9977 | lr=0.000495
Epoch 273/500 | train_loss=0.2079 | val_dice=0.2739 | val_iou=0.1687 | val_f1=0.2739 | val_acc=0.9977 | lr=0.000493
Epoch 274/500 | train_loss=0.2003 | val_dice=0.3124 | val_iou=0.2013 | val_f1=0.3124 | val_acc=0.9979 | lr=0.000491
Epoch 275/500 | train_loss=0.1836 | val_dice=0.3309 | val_iou=0.2177 | val_f1=0.3309 | val_acc=0.9978 | lr=0.000489
Epoch 276/500 | train_loss=0.1907 | val_dice=0.3125 | val_iou=0.2046 | val_f1=0.3125 | val_acc=0.9980 | lr=0.000487
Epoch 277/500 | train_loss=0.1994 | val_dice=0.3458 | val_iou=0.2264 | val_f1=0.3458 | val_acc=0.9979 | lr=0.000485
Epoch 278/500 | train_loss=0.1734 | val_dice=0.3200 | val_iou=0.2047 | val_f1=0.3200 | val_acc=0.9982 | lr=0.000484
Epoch 279/500 | train_loss=0.2086 | val_dice=0.3288 | val_iou=0.2189 | val_f1=0.3288 | val_acc=0.9979 | lr=0.000482
Epoch 280/500 | train_loss=0.2167 | val_dice=0.3375 | val_iou=0.2252 | val_f1=0.3375 | val_acc=0.9984 | lr=0.000480
Epoch 281/500 | train_loss=0.1850 | val_dice=0.3727 | val_iou=0.2543 | val_f1=0.3727 | val_acc=0.9982 | lr=0.000478
Epoch 282/500 | train_loss=0.1879 | val_dice=0.3382 | val_iou=0.2200 | val_f1=0.3382 | val_acc=0.9980 | lr=0.000476
Epoch 283/500 | train_loss=0.1883 | val_dice=0.3431 | val_iou=0.2288 | val_f1=0.3431 | val_acc=0.9979 | lr=0.000474
Epoch 284/500 | train_loss=0.1812 | val_dice=0.3521 | val_iou=0.2405 | val_f1=0.3521 | val_acc=0.9978 | lr=0.000472
Epoch 285/500 | train_loss=0.2045 | val_dice=0.3617 | val_iou=0.2421 | val_f1=0.3617 | val_acc=0.9981 | lr=0.000470
Epoch 286/500 | train_loss=0.1949 | val_dice=0.3924 | val_iou=0.2740 | val_f1=0.3924 | val_acc=0.9980 | lr=0.000468
Epoch 287/500 | train_loss=0.2014 | val_dice=0.3854 | val_iou=0.2665 | val_f1=0.3854 | val_acc=0.9983 | lr=0.000466
Epoch 288/500 | train_loss=0.1980 | val_dice=0.3758 | val_iou=0.2540 | val_f1=0.3758 | val_acc=0.9981 | lr=0.000464
Epoch 289/500 | train_loss=0.1899 | val_dice=0.3629 | val_iou=0.2477 | val_f1=0.3629 | val_acc=0.9981 | lr=0.000462
Epoch 290/500 | train_loss=0.1830 | val_dice=0.2559 | val_iou=0.1594 | val_f1=0.2559 | val_acc=0.9975 | lr=0.000460
Epoch 291/500 | train_loss=0.1897 | val_dice=0.3254 | val_iou=0.2194 | val_f1=0.3254 | val_acc=0.9980 | lr=0.000458
Epoch 292/500 | train_loss=0.1855 | val_dice=0.3496 | val_iou=0.2379 | val_f1=0.3496 | val_acc=0.9979 | lr=0.000456
Epoch 293/500 | train_loss=0.1699 | val_dice=0.3473 | val_iou=0.2381 | val_f1=0.3473 | val_acc=0.9981 | lr=0.000454
Epoch 294/500 | train_loss=0.1948 | val_dice=0.3575 | val_iou=0.2485 | val_f1=0.3575 | val_acc=0.9981 | lr=0.000452
Epoch 295/500 | train_loss=0.1730 | val_dice=0.3352 | val_iou=0.2256 | val_f1=0.3352 | val_acc=0.9980 | lr=0.000450
Epoch 296/500 | train_loss=0.1856 | val_dice=0.3625 | val_iou=0.2524 | val_f1=0.3625 | val_acc=0.9982 | lr=0.000448
Epoch 297/500 | train_loss=0.1697 | val_dice=0.3305 | val_iou=0.2206 | val_f1=0.3305 | val_acc=0.9981 | lr=0.000446
Epoch 298/500 | train_loss=0.1764 | val_dice=0.3038 | val_iou=0.1937 | val_f1=0.3038 | val_acc=0.9978 | lr=0.000444
Epoch 299/500 | train_loss=0.1764 | val_dice=0.3215 | val_iou=0.2129 | val_f1=0.3215 | val_acc=0.9979 | lr=0.000442
Epoch 300/500 | train_loss=0.1951 | val_dice=0.3318 | val_iou=0.2241 | val_f1=0.3318 | val_acc=0.9978 | lr=0.000440
Epoch 301/500 | train_loss=0.1819 | val_dice=0.3644 | val_iou=0.2561 | val_f1=0.3644 | val_acc=0.9981 | lr=0.000438
Epoch 302/500 | train_loss=0.1874 | val_dice=0.3494 | val_iou=0.2368 | val_f1=0.3494 | val_acc=0.9980 | lr=0.000436
Epoch 303/500 | train_loss=0.1755 | val_dice=0.3486 | val_iou=0.2397 | val_f1=0.3486 | val_acc=0.9977 | lr=0.000434
Epoch 304/500 | train_loss=0.1620 | val_dice=0.3206 | val_iou=0.2118 | val_f1=0.3206 | val_acc=0.9982 | lr=0.000432
Epoch 305/500 | train_loss=0.1860 | val_dice=0.3397 | val_iou=0.2316 | val_f1=0.3397 | val_acc=0.9980 | lr=0.000430
Epoch 306/500 | train_loss=0.1746 | val_dice=0.3296 | val_iou=0.2232 | val_f1=0.3296 | val_acc=0.9980 | lr=0.000429
Epoch 307/500 | train_loss=0.1703 | val_dice=0.3264 | val_iou=0.2121 | val_f1=0.3264 | val_acc=0.9981 | lr=0.000427
Epoch 308/500 | train_loss=0.2047 | val_dice=0.3284 | val_iou=0.2153 | val_f1=0.3284 | val_acc=0.9980 | lr=0.000425
Epoch 309/500 | train_loss=0.1826 | val_dice=0.3590 | val_iou=0.2488 | val_f1=0.3590 | val_acc=0.9979 | lr=0.000423
Epoch 310/500 | train_loss=0.1646 | val_dice=0.3392 | val_iou=0.2279 | val_f1=0.3392 | val_acc=0.9978 | lr=0.000421
Epoch 311/500 | train_loss=0.1565 | val_dice=0.3158 | val_iou=0.2122 | val_f1=0.3158 | val_acc=0.9978 | lr=0.000419
Epoch 312/500 | train_loss=0.1587 | val_dice=0.2994 | val_iou=0.1977 | val_f1=0.2993 | val_acc=0.9979 | lr=0.000417
Epoch 313/500 | train_loss=0.1669 | val_dice=0.3018 | val_iou=0.2000 | val_f1=0.3018 | val_acc=0.9980 | lr=0.000415
Epoch 314/500 | train_loss=0.1672 | val_dice=0.3217 | val_iou=0.2221 | val_f1=0.3217 | val_acc=0.9982 | lr=0.000413
Epoch 315/500 | train_loss=0.1771 | val_dice=0.2724 | val_iou=0.1750 | val_f1=0.2724 | val_acc=0.9975 | lr=0.000411
Epoch 316/500 | train_loss=0.1640 | val_dice=0.2818 | val_iou=0.1830 | val_f1=0.2818 | val_acc=0.9978 | lr=0.000409
Epoch 317/500 | train_loss=0.1826 | val_dice=0.2904 | val_iou=0.1891 | val_f1=0.2904 | val_acc=0.9979 | lr=0.000407
Epoch 318/500 | train_loss=0.1698 | val_dice=0.3114 | val_iou=0.2080 | val_f1=0.3114 | val_acc=0.9977 | lr=0.000405
Epoch 319/500 | train_loss=0.1794 | val_dice=0.3468 | val_iou=0.2375 | val_f1=0.3468 | val_acc=0.9979 | lr=0.000403
Epoch 320/500 | train_loss=0.1571 | val_dice=0.3393 | val_iou=0.2311 | val_f1=0.3393 | val_acc=0.9980 | lr=0.000401
Epoch 321/500 | train_loss=0.1714 | val_dice=0.3309 | val_iou=0.2238 | val_f1=0.3309 | val_acc=0.9980 | lr=0.000399
Epoch 322/500 | train_loss=0.1638 | val_dice=0.3067 | val_iou=0.2049 | val_f1=0.3067 | val_acc=0.9981 | lr=0.000397
Epoch 323/500 | train_loss=0.1694 | val_dice=0.3304 | val_iou=0.2252 | val_f1=0.3304 | val_acc=0.9977 | lr=0.000395
Epoch 324/500 | train_loss=0.1685 | val_dice=0.2868 | val_iou=0.1847 | val_f1=0.2868 | val_acc=0.9976 | lr=0.000393
Epoch 325/500 | train_loss=0.1611 | val_dice=0.3320 | val_iou=0.2232 | val_f1=0.3320 | val_acc=0.9979 | lr=0.000391
Epoch 326/500 | train_loss=0.1580 | val_dice=0.2830 | val_iou=0.1806 | val_f1=0.2830 | val_acc=0.9974 | lr=0.000389
Epoch 327/500 | train_loss=0.1683 | val_dice=0.3130 | val_iou=0.2040 | val_f1=0.3130 | val_acc=0.9978 | lr=0.000387
Epoch 328/500 | train_loss=0.1587 | val_dice=0.3387 | val_iou=0.2336 | val_f1=0.3387 | val_acc=0.9979 | lr=0.000385
Epoch 329/500 | train_loss=0.1581 | val_dice=0.3103 | val_iou=0.2064 | val_f1=0.3103 | val_acc=0.9979 | lr=0.000383
Epoch 330/500 | train_loss=0.1628 | val_dice=0.2897 | val_iou=0.1886 | val_f1=0.2897 | val_acc=0.9977 | lr=0.000381
Epoch 331/500 | train_loss=0.1567 | val_dice=0.3394 | val_iou=0.2360 | val_f1=0.3394 | val_acc=0.9978 | lr=0.000379
Epoch 332/500 | train_loss=0.1603 | val_dice=0.2983 | val_iou=0.1945 | val_f1=0.2983 | val_acc=0.9978 | lr=0.000377
Epoch 333/500 | train_loss=0.1484 | val_dice=0.3001 | val_iou=0.1952 | val_f1=0.3001 | val_acc=0.9979 | lr=0.000375
Epoch 334/500 | train_loss=0.1579 | val_dice=0.2969 | val_iou=0.1934 | val_f1=0.2969 | val_acc=0.9977 | lr=0.000373
Epoch 335/500 | train_loss=0.1614 | val_dice=0.3256 | val_iou=0.2188 | val_f1=0.3256 | val_acc=0.9980 | lr=0.000371
Epoch 336/500 | train_loss=0.1444 | val_dice=0.3187 | val_iou=0.2149 | val_f1=0.3187 | val_acc=0.9980 | lr=0.000369
Epoch 337/500 | train_loss=0.1654 | val_dice=0.3061 | val_iou=0.2013 | val_f1=0.3061 | val_acc=0.9978 | lr=0.000367
Epoch 338/500 | train_loss=0.1519 | val_dice=0.2823 | val_iou=0.1816 | val_f1=0.2823 | val_acc=0.9979 | lr=0.000365
Epoch 339/500 | train_loss=0.1604 | val_dice=0.3244 | val_iou=0.2148 | val_f1=0.3244 | val_acc=0.9978 | lr=0.000363
Epoch 340/500 | train_loss=0.1572 | val_dice=0.2793 | val_iou=0.1787 | val_f1=0.2793 | val_acc=0.9980 | lr=0.000361
Epoch 341/500 | train_loss=0.1451 | val_dice=0.2983 | val_iou=0.1946 | val_f1=0.2983 | val_acc=0.9977 | lr=0.000359
Epoch 342/500 | train_loss=0.1691 | val_dice=0.3030 | val_iou=0.1995 | val_f1=0.3030 | val_acc=0.9981 | lr=0.000357
Epoch 343/500 | train_loss=0.1622 | val_dice=0.3004 | val_iou=0.1939 | val_f1=0.3004 | val_acc=0.9979 | lr=0.000355
Epoch 344/500 | train_loss=0.1549 | val_dice=0.3168 | val_iou=0.2088 | val_f1=0.3168 | val_acc=0.9981 | lr=0.000353
Epoch 345/500 | train_loss=0.1651 | val_dice=0.3440 | val_iou=0.2361 | val_f1=0.3440 | val_acc=0.9979 | lr=0.000351
Epoch 346/500 | train_loss=0.1653 | val_dice=0.3064 | val_iou=0.2019 | val_f1=0.3064 | val_acc=0.9980 | lr=0.000349
Epoch 347/500 | train_loss=0.1465 | val_dice=0.3358 | val_iou=0.2271 | val_f1=0.3358 | val_acc=0.9980 | lr=0.000346
Epoch 348/500 | train_loss=0.1422 | val_dice=0.3123 | val_iou=0.2057 | val_f1=0.3123 | val_acc=0.9979 | lr=0.000344
Epoch 349/500 | train_loss=0.1447 | val_dice=0.3110 | val_iou=0.2052 | val_f1=0.3110 | val_acc=0.9978 | lr=0.000342
Epoch 350/500 | train_loss=0.1439 | val_dice=0.2977 | val_iou=0.1950 | val_f1=0.2977 | val_acc=0.9979 | lr=0.000340
Epoch 351/500 | train_loss=0.1484 | val_dice=0.3088 | val_iou=0.2063 | val_f1=0.3088 | val_acc=0.9980 | lr=0.000338
Epoch 352/500 | train_loss=0.1405 | val_dice=0.2990 | val_iou=0.1955 | val_f1=0.2990 | val_acc=0.9978 | lr=0.000336
Epoch 353/500 | train_loss=0.1395 | val_dice=0.2702 | val_iou=0.1743 | val_f1=0.2702 | val_acc=0.9981 | lr=0.000334
Epoch 354/500 | train_loss=0.1568 | val_dice=0.3170 | val_iou=0.2126 | val_f1=0.3170 | val_acc=0.9981 | lr=0.000332
Epoch 355/500 | train_loss=0.1508 | val_dice=0.2868 | val_iou=0.1891 | val_f1=0.2868 | val_acc=0.9977 | lr=0.000330
Epoch 356/500 | train_loss=0.1367 | val_dice=0.3134 | val_iou=0.2096 | val_f1=0.3134 | val_acc=0.9979 | lr=0.000328
Epoch 357/500 | train_loss=0.1500 | val_dice=0.3119 | val_iou=0.2093 | val_f1=0.3119 | val_acc=0.9982 | lr=0.000326
Epoch 358/500 | train_loss=0.1577 | val_dice=0.3021 | val_iou=0.2016 | val_f1=0.3021 | val_acc=0.9981 | lr=0.000324
Epoch 359/500 | train_loss=0.1517 | val_dice=0.3183 | val_iou=0.2134 | val_f1=0.3183 | val_acc=0.9981 | lr=0.000322
Epoch 360/500 | train_loss=0.1510 | val_dice=0.3440 | val_iou=0.2314 | val_f1=0.3440 | val_acc=0.9981 | lr=0.000320
Epoch 361/500 | train_loss=0.1434 | val_dice=0.3450 | val_iou=0.2385 | val_f1=0.3450 | val_acc=0.9980 | lr=0.000318
Epoch 362/500 | train_loss=0.1402 | val_dice=0.2673 | val_iou=0.1757 | val_f1=0.2673 | val_acc=0.9978 | lr=0.000316
Epoch 363/500 | train_loss=0.1513 | val_dice=0.3189 | val_iou=0.2133 | val_f1=0.3189 | val_acc=0.9979 | lr=0.000314
Epoch 364/500 | train_loss=0.1427 | val_dice=0.3076 | val_iou=0.2040 | val_f1=0.3076 | val_acc=0.9982 | lr=0.000312
Epoch 365/500 | train_loss=0.1372 | val_dice=0.2961 | val_iou=0.1945 | val_f1=0.2961 | val_acc=0.9980 | lr=0.000310
Epoch 366/500 | train_loss=0.1567 | val_dice=0.3299 | val_iou=0.2232 | val_f1=0.3299 | val_acc=0.9981 | lr=0.000308
Epoch 367/500 | train_loss=0.1357 | val_dice=0.2981 | val_iou=0.1961 | val_f1=0.2981 | val_acc=0.9980 | lr=0.000306
Epoch 368/500 | train_loss=0.1441 | val_dice=0.2994 | val_iou=0.1972 | val_f1=0.2994 | val_acc=0.9979 | lr=0.000304
Epoch 369/500 | train_loss=0.1382 | val_dice=0.2682 | val_iou=0.1728 | val_f1=0.2682 | val_acc=0.9976 | lr=0.000302
Epoch 370/500 | train_loss=0.1592 | val_dice=0.3151 | val_iou=0.2091 | val_f1=0.3151 | val_acc=0.9978 | lr=0.000300
Epoch 371/500 | train_loss=0.1499 | val_dice=0.2961 | val_iou=0.1941 | val_f1=0.2961 | val_acc=0.9979 | lr=0.000297
Epoch 372/500 | train_loss=0.1576 | val_dice=0.3138 | val_iou=0.2077 | val_f1=0.3138 | val_acc=0.9974 | lr=0.000295
Epoch 373/500 | train_loss=0.1608 | val_dice=0.3434 | val_iou=0.2363 | val_f1=0.3434 | val_acc=0.9979 | lr=0.000293
Epoch 374/500 | train_loss=0.1619 | val_dice=0.3057 | val_iou=0.2043 | val_f1=0.3057 | val_acc=0.9978 | lr=0.000291
Epoch 375/500 | train_loss=0.1601 | val_dice=0.3502 | val_iou=0.2421 | val_f1=0.3502 | val_acc=0.9980 | lr=0.000289
Epoch 376/500 | train_loss=0.1396 | val_dice=0.3623 | val_iou=0.2564 | val_f1=0.3623 | val_acc=0.9980 | lr=0.000287
Epoch 377/500 | train_loss=0.1559 | val_dice=0.3391 | val_iou=0.2302 | val_f1=0.3391 | val_acc=0.9979 | lr=0.000285
Epoch 378/500 | train_loss=0.1375 | val_dice=0.2587 | val_iou=0.1674 | val_f1=0.2587 | val_acc=0.9976 | lr=0.000283
Epoch 379/500 | train_loss=0.1377 | val_dice=0.3118 | val_iou=0.2063 | val_f1=0.3118 | val_acc=0.9980 | lr=0.000281
Epoch 380/500 | train_loss=0.1383 | val_dice=0.3047 | val_iou=0.1998 | val_f1=0.3047 | val_acc=0.9980 | lr=0.000279
Epoch 381/500 | train_loss=0.1213 | val_dice=0.3047 | val_iou=0.2010 | val_f1=0.3047 | val_acc=0.9980 | lr=0.000277
Epoch 382/500 | train_loss=0.1192 | val_dice=0.3104 | val_iou=0.2054 | val_f1=0.3104 | val_acc=0.9980 | lr=0.000275
Epoch 383/500 | train_loss=0.1562 | val_dice=0.3043 | val_iou=0.1999 | val_f1=0.3043 | val_acc=0.9975 | lr=0.000273
Epoch 384/500 | train_loss=0.1494 | val_dice=0.3612 | val_iou=0.2587 | val_f1=0.3612 | val_acc=0.9979 | lr=0.000271
Epoch 385/500 | train_loss=0.1406 | val_dice=0.3321 | val_iou=0.2234 | val_f1=0.3321 | val_acc=0.9978 | lr=0.000268
Epoch 386/500 | train_loss=0.1468 | val_dice=0.3364 | val_iou=0.2300 | val_f1=0.3364 | val_acc=0.9978 | lr=0.000266
Epoch 387/500 | train_loss=0.1481 | val_dice=0.3405 | val_iou=0.2338 | val_f1=0.3405 | val_acc=0.9978 | lr=0.000264
Epoch 388/500 | train_loss=0.1297 | val_dice=0.3475 | val_iou=0.2373 | val_f1=0.3475 | val_acc=0.9980 | lr=0.000262
Epoch 389/500 | train_loss=0.1290 | val_dice=0.3180 | val_iou=0.2110 | val_f1=0.3180 | val_acc=0.9979 | lr=0.000260
Epoch 390/500 | train_loss=0.1361 | val_dice=0.3458 | val_iou=0.2356 | val_f1=0.3458 | val_acc=0.9981 | lr=0.000258
Epoch 391/500 | train_loss=0.1183 | val_dice=0.3253 | val_iou=0.2167 | val_f1=0.3253 | val_acc=0.9979 | lr=0.000256
Epoch 392/500 | train_loss=0.1458 | val_dice=0.3000 | val_iou=0.1983 | val_f1=0.3000 | val_acc=0.9980 | lr=0.000254
Epoch 393/500 | train_loss=0.1367 | val_dice=0.3260 | val_iou=0.2179 | val_f1=0.3260 | val_acc=0.9980 | lr=0.000252
Epoch 394/500 | train_loss=0.1511 | val_dice=0.3137 | val_iou=0.2082 | val_f1=0.3137 | val_acc=0.9978 | lr=0.000250
Epoch 395/500 | train_loss=0.1343 | val_dice=0.3415 | val_iou=0.2334 | val_f1=0.3415 | val_acc=0.9979 | lr=0.000248
Epoch 396/500 | train_loss=0.1279 | val_dice=0.3168 | val_iou=0.2107 | val_f1=0.3168 | val_acc=0.9978 | lr=0.000245
Epoch 397/500 | train_loss=0.1358 | val_dice=0.3382 | val_iou=0.2300 | val_f1=0.3382 | val_acc=0.9980 | lr=0.000243
Epoch 398/500 | train_loss=0.1416 | val_dice=0.3242 | val_iou=0.2161 | val_f1=0.3242 | val_acc=0.9979 | lr=0.000241
Epoch 399/500 | train_loss=0.1455 | val_dice=0.3320 | val_iou=0.2251 | val_f1=0.3320 | val_acc=0.9980 | lr=0.000239
Epoch 400/500 | train_loss=0.1312 | val_dice=0.3081 | val_iou=0.2041 | val_f1=0.3081 | val_acc=0.9981 | lr=0.000237
Epoch 401/500 | train_loss=0.1224 | val_dice=0.3096 | val_iou=0.2053 | val_f1=0.3096 | val_acc=0.9981 | lr=0.000235
Epoch 402/500 | train_loss=0.1288 | val_dice=0.3263 | val_iou=0.2193 | val_f1=0.3263 | val_acc=0.9979 | lr=0.000233
Epoch 403/500 | train_loss=0.1248 | val_dice=0.3595 | val_iou=0.2513 | val_f1=0.3595 | val_acc=0.9982 | lr=0.000231
Epoch 404/500 | train_loss=0.1416 | val_dice=0.3150 | val_iou=0.2088 | val_f1=0.3150 | val_acc=0.9980 | lr=0.000229
Epoch 405/500 | train_loss=0.1306 | val_dice=0.3197 | val_iou=0.2156 | val_f1=0.3197 | val_acc=0.9982 | lr=0.000226
Epoch 406/500 | train_loss=0.1348 | val_dice=0.3347 | val_iou=0.2287 | val_f1=0.3347 | val_acc=0.9981 | lr=0.000224
Epoch 407/500 | train_loss=0.1439 | val_dice=0.3496 | val_iou=0.2430 | val_f1=0.3496 | val_acc=0.9980 | lr=0.000222
Epoch 408/500 | train_loss=0.1317 | val_dice=0.3181 | val_iou=0.2136 | val_f1=0.3181 | val_acc=0.9982 | lr=0.000220
Epoch 409/500 | train_loss=0.1255 | val_dice=0.3318 | val_iou=0.2246 | val_f1=0.3318 | val_acc=0.9981 | lr=0.000218
Epoch 410/500 | train_loss=0.1185 | val_dice=0.3432 | val_iou=0.2353 | val_f1=0.3432 | val_acc=0.9981 | lr=0.000216
Epoch 411/500 | train_loss=0.1411 | val_dice=0.3314 | val_iou=0.2244 | val_f1=0.3314 | val_acc=0.9980 | lr=0.000214
Epoch 412/500 | train_loss=0.1341 | val_dice=0.3199 | val_iou=0.2164 | val_f1=0.3199 | val_acc=0.9981 | lr=0.000212
Epoch 413/500 | train_loss=0.1398 | val_dice=0.3228 | val_iou=0.2162 | val_f1=0.3228 | val_acc=0.9980 | lr=0.000209
Epoch 414/500 | train_loss=0.1431 | val_dice=0.3113 | val_iou=0.2075 | val_f1=0.3113 | val_acc=0.9980 | lr=0.000207
Epoch 415/500 | train_loss=0.1510 | val_dice=0.3155 | val_iou=0.2100 | val_f1=0.3155 | val_acc=0.9979 | lr=0.000205
Epoch 416/500 | train_loss=0.1339 | val_dice=0.3184 | val_iou=0.2122 | val_f1=0.3184 | val_acc=0.9980 | lr=0.000203
Epoch 417/500 | train_loss=0.1363 | val_dice=0.3185 | val_iou=0.2121 | val_f1=0.3185 | val_acc=0.9980 | lr=0.000201
Epoch 418/500 | train_loss=0.1267 | val_dice=0.3171 | val_iou=0.2127 | val_f1=0.3171 | val_acc=0.9980 | lr=0.000199
Epoch 419/500 | train_loss=0.1171 | val_dice=0.3188 | val_iou=0.2142 | val_f1=0.3188 | val_acc=0.9982 | lr=0.000196
Epoch 420/500 | train_loss=0.1385 | val_dice=0.3035 | val_iou=0.1997 | val_f1=0.3035 | val_acc=0.9979 | lr=0.000194
Epoch 421/500 | train_loss=0.1382 | val_dice=0.3233 | val_iou=0.2176 | val_f1=0.3233 | val_acc=0.9978 | lr=0.000192
Epoch 422/500 | train_loss=0.1349 | val_dice=0.3210 | val_iou=0.2161 | val_f1=0.3210 | val_acc=0.9977 | lr=0.000190
Epoch 423/500 | train_loss=0.1279 | val_dice=0.2932 | val_iou=0.1914 | val_f1=0.2932 | val_acc=0.9979 | lr=0.000188
Epoch 424/500 | train_loss=0.1198 | val_dice=0.3159 | val_iou=0.2145 | val_f1=0.3159 | val_acc=0.9978 | lr=0.000186
Epoch 425/500 | train_loss=0.1241 | val_dice=0.3146 | val_iou=0.2138 | val_f1=0.3146 | val_acc=0.9979 | lr=0.000184
Epoch 426/500 | train_loss=0.1244 | val_dice=0.2925 | val_iou=0.1932 | val_f1=0.2925 | val_acc=0.9979 | lr=0.000181
Epoch 427/500 | train_loss=0.1243 | val_dice=0.3227 | val_iou=0.2212 | val_f1=0.3227 | val_acc=0.9979 | lr=0.000179
Epoch 428/500 | train_loss=0.1193 | val_dice=0.3387 | val_iou=0.2364 | val_f1=0.3387 | val_acc=0.9980 | lr=0.000177
Epoch 429/500 | train_loss=0.1255 | val_dice=0.3221 | val_iou=0.2199 | val_f1=0.3221 | val_acc=0.9981 | lr=0.000175
Epoch 430/500 | train_loss=0.1245 | val_dice=0.3062 | val_iou=0.2056 | val_f1=0.3062 | val_acc=0.9980 | lr=0.000173
Epoch 431/500 | train_loss=0.1349 | val_dice=0.3394 | val_iou=0.2362 | val_f1=0.3394 | val_acc=0.9977 | lr=0.000170
Epoch 432/500 | train_loss=0.1268 | val_dice=0.3225 | val_iou=0.2178 | val_f1=0.3225 | val_acc=0.9980 | lr=0.000168
Epoch 433/500 | train_loss=0.1561 | val_dice=0.3076 | val_iou=0.2036 | val_f1=0.3076 | val_acc=0.9980 | lr=0.000166
Epoch 434/500 | train_loss=0.1354 | val_dice=0.3226 | val_iou=0.2172 | val_f1=0.3226 | val_acc=0.9977 | lr=0.000164
Epoch 435/500 | train_loss=0.1570 | val_dice=0.3436 | val_iou=0.2362 | val_f1=0.3436 | val_acc=0.9979 | lr=0.000162
Epoch 436/500 | train_loss=0.1297 | val_dice=0.3407 | val_iou=0.2337 | val_f1=0.3407 | val_acc=0.9980 | lr=0.000159
Epoch 437/500 | train_loss=0.1281 | val_dice=0.3206 | val_iou=0.2139 | val_f1=0.3206 | val_acc=0.9981 | lr=0.000157
Epoch 438/500 | train_loss=0.1379 | val_dice=0.3317 | val_iou=0.2253 | val_f1=0.3317 | val_acc=0.9978 | lr=0.000155
Epoch 439/500 | train_loss=0.1332 | val_dice=0.3386 | val_iou=0.2329 | val_f1=0.3386 | val_acc=0.9979 | lr=0.000153
Epoch 440/500 | train_loss=0.1258 | val_dice=0.3565 | val_iou=0.2500 | val_f1=0.3565 | val_acc=0.9981 | lr=0.000151
Epoch 441/500 | train_loss=0.1184 | val_dice=0.3442 | val_iou=0.2374 | val_f1=0.3442 | val_acc=0.9981 | lr=0.000148
Epoch 442/500 | train_loss=0.1171 | val_dice=0.3413 | val_iou=0.2347 | val_f1=0.3413 | val_acc=0.9982 | lr=0.000146
Epoch 443/500 | train_loss=0.1224 | val_dice=0.3385 | val_iou=0.2320 | val_f1=0.3385 | val_acc=0.9980 | lr=0.000144
Epoch 444/500 | train_loss=0.1133 | val_dice=0.3394 | val_iou=0.2334 | val_f1=0.3394 | val_acc=0.9981 | lr=0.000142
Epoch 445/500 | train_loss=0.1214 | val_dice=0.3356 | val_iou=0.2317 | val_f1=0.3356 | val_acc=0.9980 | lr=0.000139
Epoch 446/500 | train_loss=0.1538 | val_dice=0.3225 | val_iou=0.2189 | val_f1=0.3225 | val_acc=0.9980 | lr=0.000137
Epoch 447/500 | train_loss=0.1343 | val_dice=0.3219 | val_iou=0.2180 | val_f1=0.3219 | val_acc=0.9978 | lr=0.000135
Epoch 448/500 | train_loss=0.1376 | val_dice=0.3049 | val_iou=0.2039 | val_f1=0.3049 | val_acc=0.9978 | lr=0.000133
Epoch 449/500 | train_loss=0.1308 | val_dice=0.3226 | val_iou=0.2195 | val_f1=0.3226 | val_acc=0.9981 | lr=0.000130
Epoch 450/500 | train_loss=0.1397 | val_dice=0.3402 | val_iou=0.2347 | val_f1=0.3402 | val_acc=0.9981 | lr=0.000128
Epoch 451/500 | train_loss=0.1193 | val_dice=0.3262 | val_iou=0.2211 | val_f1=0.3262 | val_acc=0.9980 | lr=0.000126
Epoch 452/500 | train_loss=0.1192 | val_dice=0.3283 | val_iou=0.2227 | val_f1=0.3283 | val_acc=0.9980 | lr=0.000124
Epoch 453/500 | train_loss=0.1194 | val_dice=0.3421 | val_iou=0.2354 | val_f1=0.3421 | val_acc=0.9980 | lr=0.000121
Epoch 454/500 | train_loss=0.1145 | val_dice=0.3342 | val_iou=0.2279 | val_f1=0.3342 | val_acc=0.9980 | lr=0.000119
Epoch 455/500 | train_loss=0.1281 | val_dice=0.3124 | val_iou=0.2083 | val_f1=0.3124 | val_acc=0.9979 | lr=0.000117
Epoch 456/500 | train_loss=0.1318 | val_dice=0.3099 | val_iou=0.2062 | val_f1=0.3099 | val_acc=0.9979 | lr=0.000115
Epoch 457/500 | train_loss=0.1214 | val_dice=0.3307 | val_iou=0.2249 | val_f1=0.3307 | val_acc=0.9981 | lr=0.000112
Epoch 458/500 | train_loss=0.1288 | val_dice=0.3508 | val_iou=0.2439 | val_f1=0.3508 | val_acc=0.9982 | lr=0.000110
Epoch 459/500 | train_loss=0.1266 | val_dice=0.3474 | val_iou=0.2400 | val_f1=0.3474 | val_acc=0.9981 | lr=0.000108
Epoch 460/500 | train_loss=0.1340 | val_dice=0.3395 | val_iou=0.2331 | val_f1=0.3395 | val_acc=0.9982 | lr=0.000105
Epoch 461/500 | train_loss=0.1180 | val_dice=0.3330 | val_iou=0.2283 | val_f1=0.3330 | val_acc=0.9982 | lr=0.000103
Epoch 462/500 | train_loss=0.1176 | val_dice=0.3399 | val_iou=0.2357 | val_f1=0.3399 | val_acc=0.9980 | lr=0.000101
Epoch 463/500 | train_loss=0.1306 | val_dice=0.3361 | val_iou=0.2315 | val_f1=0.3361 | val_acc=0.9981 | lr=0.000098
Epoch 464/500 | train_loss=0.1173 | val_dice=0.3287 | val_iou=0.2252 | val_f1=0.3287 | val_acc=0.9981 | lr=0.000096
Epoch 465/500 | train_loss=0.1153 | val_dice=0.3397 | val_iou=0.2379 | val_f1=0.3397 | val_acc=0.9981 | lr=0.000094
Epoch 466/500 | train_loss=0.1283 | val_dice=0.3331 | val_iou=0.2305 | val_f1=0.3331 | val_acc=0.9980 | lr=0.000091
Epoch 467/500 | train_loss=0.1216 | val_dice=0.3334 | val_iou=0.2295 | val_f1=0.3334 | val_acc=0.9980 | lr=0.000089
Epoch 468/500 | train_loss=0.1183 | val_dice=0.3326 | val_iou=0.2290 | val_f1=0.3326 | val_acc=0.9980 | lr=0.000087
Epoch 469/500 | train_loss=0.1217 | val_dice=0.3300 | val_iou=0.2259 | val_f1=0.3300 | val_acc=0.9980 | lr=0.000084
Epoch 470/500 | train_loss=0.1286 | val_dice=0.3294 | val_iou=0.2255 | val_f1=0.3294 | val_acc=0.9980 | lr=0.000082
Epoch 471/500 | train_loss=0.1308 | val_dice=0.3399 | val_iou=0.2371 | val_f1=0.3399 | val_acc=0.9979 | lr=0.000079
Epoch 472/500 | train_loss=0.1139 | val_dice=0.3346 | val_iou=0.2317 | val_f1=0.3346 | val_acc=0.9979 | lr=0.000077
Epoch 473/500 | train_loss=0.1214 | val_dice=0.3410 | val_iou=0.2382 | val_f1=0.3410 | val_acc=0.9980 | lr=0.000075
Epoch 474/500 | train_loss=0.1086 | val_dice=0.3308 | val_iou=0.2281 | val_f1=0.3308 | val_acc=0.9980 | lr=0.000072
Epoch 475/500 | train_loss=0.1233 | val_dice=0.3223 | val_iou=0.2192 | val_f1=0.3223 | val_acc=0.9980 | lr=0.000070
Epoch 476/500 | train_loss=0.1235 | val_dice=0.3070 | val_iou=0.2046 | val_f1=0.3070 | val_acc=0.9980 | lr=0.000067
Epoch 477/500 | train_loss=0.1244 | val_dice=0.3178 | val_iou=0.2144 | val_f1=0.3178 | val_acc=0.9980 | lr=0.000065
Epoch 478/500 | train_loss=0.1303 | val_dice=0.3307 | val_iou=0.2267 | val_f1=0.3307 | val_acc=0.9980 | lr=0.000063
Epoch 479/500 | train_loss=0.1110 | val_dice=0.3268 | val_iou=0.2230 | val_f1=0.3268 | val_acc=0.9980 | lr=0.000060
Epoch 480/500 | train_loss=0.1162 | val_dice=0.3265 | val_iou=0.2228 | val_f1=0.3265 | val_acc=0.9980 | lr=0.000058
Epoch 481/500 | train_loss=0.1141 | val_dice=0.3245 | val_iou=0.2211 | val_f1=0.3245 | val_acc=0.9980 | lr=0.000055
Epoch 482/500 | train_loss=0.1202 | val_dice=0.3328 | val_iou=0.2293 | val_f1=0.3328 | val_acc=0.9980 | lr=0.000053
Epoch 483/500 | train_loss=0.1141 | val_dice=0.3373 | val_iou=0.2341 | val_f1=0.3373 | val_acc=0.9980 | lr=0.000050
Epoch 484/500 | train_loss=0.1124 | val_dice=0.3340 | val_iou=0.2308 | val_f1=0.3340 | val_acc=0.9980 | lr=0.000048
Epoch 485/500 | train_loss=0.1230 | val_dice=0.3351 | val_iou=0.2323 | val_f1=0.3351 | val_acc=0.9980 | lr=0.000045
Epoch 486/500 | train_loss=0.1147 | val_dice=0.3314 | val_iou=0.2287 | val_f1=0.3314 | val_acc=0.9980 | lr=0.000043
Epoch 487/500 | train_loss=0.1128 | val_dice=0.3310 | val_iou=0.2282 | val_f1=0.3310 | val_acc=0.9980 | lr=0.000040
Epoch 488/500 | train_loss=0.1245 | val_dice=0.3305 | val_iou=0.2277 | val_f1=0.3305 | val_acc=0.9979 | lr=0.000037
Epoch 489/500 | train_loss=0.1168 | val_dice=0.3309 | val_iou=0.2277 | val_f1=0.3309 | val_acc=0.9979 | lr=0.000035
Epoch 490/500 | train_loss=0.1138 | val_dice=0.3177 | val_iou=0.2147 | val_f1=0.3177 | val_acc=0.9978 | lr=0.000032
Epoch 491/500 | train_loss=0.1183 | val_dice=0.3087 | val_iou=0.2067 | val_f1=0.3087 | val_acc=0.9978 | lr=0.000030
Epoch 492/500 | train_loss=0.1202 | val_dice=0.3182 | val_iou=0.2155 | val_f1=0.3182 | val_acc=0.9978 | lr=0.000027
Epoch 493/500 | train_loss=0.1225 | val_dice=0.3286 | val_iou=0.2253 | val_f1=0.3286 | val_acc=0.9979 | lr=0.000024
Epoch 494/500 | train_loss=0.1167 | val_dice=0.3323 | val_iou=0.2286 | val_f1=0.3323 | val_acc=0.9979 | lr=0.000021
Epoch 495/500 | train_loss=0.1082 | val_dice=0.3343 | val_iou=0.2303 | val_f1=0.3343 | val_acc=0.9979 | lr=0.000019
Epoch 496/500 | train_loss=0.1332 | val_dice=0.3315 | val_iou=0.2274 | val_f1=0.3315 | val_acc=0.9979 | lr=0.000016
Epoch 497/500 | train_loss=0.1194 | val_dice=0.3338 | val_iou=0.2297 | val_f1=0.3338 | val_acc=0.9979 | lr=0.000013
Epoch 498/500 | train_loss=0.1329 | val_dice=0.3335 | val_iou=0.2294 | val_f1=0.3335 | val_acc=0.9978 | lr=0.000010
Epoch 499/500 | train_loss=0.1202 | val_dice=0.3340 | val_iou=0.2299 | val_f1=0.3340 | val_acc=0.9979 | lr=0.000007
Epoch 500/500 | train_loss=0.1366 | val_dice=0.3336 | val_iou=0.2295 | val_f1=0.3336 | val_acc=0.9978 | lr=0.000004
[INFO] Best checkpoint at epoch 286 | val_dice=0.3924
[INFO] Training complete | best_val_dice=0.3924 | last_val_dice=0.3336 | test_dice=0.3670 | total_time=4992s (avg 10.0s/epoch)
