# ==========================================================================
# RECONSTRUCTED training log  --  Attention_UNet  --  Dataset_Hybrid
# Source: logs/metrics.csv (+ run_config.json, run_summary.json)
# The original console log was not persisted for this architecture.
# Per-epoch values below are EXACT (from metrics.csv).
# Per-epoch wall-clock timestamps were not recorded and are omitted.
# Line format matches UNet_BCE train.log for cross-model comparison.
# ==========================================================================
[INFO] Model: AttentionUNet3D | params=35.575M
[INFO] System: NVIDIA GeForce RTX 4070 Ti SUPER | torch=2.5.1+cu124 | cuda=12.4
[INFO] Config: epochs=500, batch_size=1, lr=0.001, loss=dice_ce, scheduler=poly, seed=42, amp=True
[INFO] Loaded 104 train / 26 val studies
Epoch 001/500 | train_loss=0.8169 | val_dice=0.0000 | val_iou=0.0000 | val_f1=0.0000 | val_acc=0.9895 | lr=0.000200
Epoch 002/500 | train_loss=0.7927 | val_dice=0.0000 | val_iou=0.0000 | val_f1=0.0000 | val_acc=0.9924 | lr=0.000400
Epoch 003/500 | train_loss=0.7554 | val_dice=0.0000 | val_iou=0.0000 | val_f1=0.0000 | val_acc=0.9933 | lr=0.000600
Epoch 004/500 | train_loss=0.6647 | val_dice=0.0000 | val_iou=0.0000 | val_f1=0.0000 | val_acc=0.9942 | lr=0.000800
Epoch 005/500 | train_loss=0.5532 | val_dice=0.2088 | val_iou=0.1301 | val_f1=0.2088 | val_acc=0.9752 | lr=0.001000
Epoch 006/500 | train_loss=0.4762 | val_dice=0.2295 | val_iou=0.1433 | val_f1=0.2295 | val_acc=0.9794 | lr=0.000991
Epoch 007/500 | train_loss=0.4361 | val_dice=0.3012 | val_iou=0.1948 | val_f1=0.3012 | val_acc=0.9894 | lr=0.000989
Epoch 008/500 | train_loss=0.4080 | val_dice=0.3038 | val_iou=0.1984 | val_f1=0.3038 | val_acc=0.9871 | lr=0.000987
Epoch 009/500 | train_loss=0.3934 | val_dice=0.3151 | val_iou=0.2071 | val_f1=0.3151 | val_acc=0.9881 | lr=0.000986
Epoch 010/500 | train_loss=0.3815 | val_dice=0.3428 | val_iou=0.2281 | val_f1=0.3428 | val_acc=0.9930 | lr=0.000984
Epoch 011/500 | train_loss=0.3779 | val_dice=0.3607 | val_iou=0.2408 | val_f1=0.3607 | val_acc=0.9920 | lr=0.000982
Epoch 012/500 | train_loss=0.3692 | val_dice=0.3042 | val_iou=0.1986 | val_f1=0.3042 | val_acc=0.9862 | lr=0.000980
Epoch 013/500 | train_loss=0.3728 | val_dice=0.3559 | val_iou=0.2389 | val_f1=0.3559 | val_acc=0.9912 | lr=0.000978
Epoch 014/500 | train_loss=0.3635 | val_dice=0.3685 | val_iou=0.2489 | val_f1=0.3685 | val_acc=0.9918 | lr=0.000977
Epoch 015/500 | train_loss=0.3609 | val_dice=0.3378 | val_iou=0.2245 | val_f1=0.3378 | val_acc=0.9904 | lr=0.000975
Epoch 016/500 | train_loss=0.3588 | val_dice=0.3553 | val_iou=0.2394 | val_f1=0.3553 | val_acc=0.9898 | lr=0.000973
Epoch 017/500 | train_loss=0.3579 | val_dice=0.3592 | val_iou=0.2413 | val_f1=0.3592 | val_acc=0.9908 | lr=0.000971
Epoch 018/500 | train_loss=0.3528 | val_dice=0.3685 | val_iou=0.2483 | val_f1=0.3685 | val_acc=0.9913 | lr=0.000969
Epoch 019/500 | train_loss=0.3586 | val_dice=0.3357 | val_iou=0.2231 | val_f1=0.3357 | val_acc=0.9881 | lr=0.000968
Epoch 020/500 | train_loss=0.3438 | val_dice=0.3778 | val_iou=0.2560 | val_f1=0.3778 | val_acc=0.9913 | lr=0.000966
Epoch 021/500 | train_loss=0.3519 | val_dice=0.3650 | val_iou=0.2462 | val_f1=0.3650 | val_acc=0.9905 | lr=0.000964
Epoch 022/500 | train_loss=0.3413 | val_dice=0.3803 | val_iou=0.2582 | val_f1=0.3803 | val_acc=0.9906 | lr=0.000962
Epoch 023/500 | train_loss=0.3492 | val_dice=0.3676 | val_iou=0.2476 | val_f1=0.3676 | val_acc=0.9908 | lr=0.000960
Epoch 024/500 | train_loss=0.3361 | val_dice=0.3625 | val_iou=0.2463 | val_f1=0.3625 | val_acc=0.9895 | lr=0.000959
Epoch 025/500 | train_loss=0.3376 | val_dice=0.3956 | val_iou=0.2741 | val_f1=0.3956 | val_acc=0.9916 | lr=0.000957
Epoch 026/500 | train_loss=0.3394 | val_dice=0.3820 | val_iou=0.2620 | val_f1=0.3820 | val_acc=0.9909 | lr=0.000955
Epoch 027/500 | train_loss=0.3428 | val_dice=0.4071 | val_iou=0.2797 | val_f1=0.4071 | val_acc=0.9933 | lr=0.000953
Epoch 028/500 | train_loss=0.3353 | val_dice=0.3903 | val_iou=0.2666 | val_f1=0.3903 | val_acc=0.9910 | lr=0.000951
Epoch 029/500 | train_loss=0.3311 | val_dice=0.4133 | val_iou=0.2865 | val_f1=0.4133 | val_acc=0.9925 | lr=0.000949
Epoch 030/500 | train_loss=0.3375 | val_dice=0.4014 | val_iou=0.2793 | val_f1=0.4014 | val_acc=0.9922 | lr=0.000948
Epoch 031/500 | train_loss=0.3399 | val_dice=0.4128 | val_iou=0.2892 | val_f1=0.4128 | val_acc=0.9922 | lr=0.000946
Epoch 032/500 | train_loss=0.3318 | val_dice=0.3780 | val_iou=0.2584 | val_f1=0.3780 | val_acc=0.9896 | lr=0.000944
Epoch 033/500 | train_loss=0.3286 | val_dice=0.3992 | val_iou=0.2786 | val_f1=0.3992 | val_acc=0.9913 | lr=0.000942
Epoch 034/500 | train_loss=0.3288 | val_dice=0.4323 | val_iou=0.3033 | val_f1=0.4323 | val_acc=0.9927 | lr=0.000940
Epoch 035/500 | train_loss=0.3191 | val_dice=0.4329 | val_iou=0.3073 | val_f1=0.4329 | val_acc=0.9932 | lr=0.000939
Epoch 036/500 | train_loss=0.3233 | val_dice=0.4237 | val_iou=0.2945 | val_f1=0.4237 | val_acc=0.9927 | lr=0.000937
Epoch 037/500 | train_loss=0.3327 | val_dice=0.4075 | val_iou=0.2855 | val_f1=0.4075 | val_acc=0.9921 | lr=0.000935
Epoch 038/500 | train_loss=0.3199 | val_dice=0.4204 | val_iou=0.2949 | val_f1=0.4204 | val_acc=0.9920 | lr=0.000933
Epoch 039/500 | train_loss=0.3181 | val_dice=0.4125 | val_iou=0.2896 | val_f1=0.4125 | val_acc=0.9925 | lr=0.000931
Epoch 040/500 | train_loss=0.3140 | val_dice=0.4408 | val_iou=0.3137 | val_f1=0.4408 | val_acc=0.9928 | lr=0.000930
Epoch 041/500 | train_loss=0.3122 | val_dice=0.4198 | val_iou=0.2939 | val_f1=0.4198 | val_acc=0.9913 | lr=0.000928
Epoch 042/500 | train_loss=0.3076 | val_dice=0.4177 | val_iou=0.2928 | val_f1=0.4177 | val_acc=0.9918 | lr=0.000926
Epoch 043/500 | train_loss=0.3202 | val_dice=0.4269 | val_iou=0.2956 | val_f1=0.4269 | val_acc=0.9916 | lr=0.000924
Epoch 044/500 | train_loss=0.3067 | val_dice=0.4476 | val_iou=0.3185 | val_f1=0.4476 | val_acc=0.9925 | lr=0.000922
Epoch 045/500 | train_loss=0.3119 | val_dice=0.4157 | val_iou=0.2923 | val_f1=0.4157 | val_acc=0.9906 | lr=0.000920
Epoch 046/500 | train_loss=0.3011 | val_dice=0.4199 | val_iou=0.2936 | val_f1=0.4199 | val_acc=0.9915 | lr=0.000919
Epoch 047/500 | train_loss=0.3056 | val_dice=0.4462 | val_iou=0.3166 | val_f1=0.4462 | val_acc=0.9928 | lr=0.000917
Epoch 048/500 | train_loss=0.3016 | val_dice=0.4258 | val_iou=0.2990 | val_f1=0.4258 | val_acc=0.9922 | lr=0.000915
Epoch 049/500 | train_loss=0.2977 | val_dice=0.4384 | val_iou=0.3073 | val_f1=0.4384 | val_acc=0.9923 | lr=0.000913
Epoch 050/500 | train_loss=0.2922 | val_dice=0.4671 | val_iou=0.3329 | val_f1=0.4671 | val_acc=0.9938 | lr=0.000911
Epoch 051/500 | train_loss=0.2933 | val_dice=0.4323 | val_iou=0.3080 | val_f1=0.4323 | val_acc=0.9915 | lr=0.000910
Epoch 052/500 | train_loss=0.3016 | val_dice=0.4362 | val_iou=0.3089 | val_f1=0.4362 | val_acc=0.9919 | lr=0.000908
Epoch 053/500 | train_loss=0.3035 | val_dice=0.4575 | val_iou=0.3285 | val_f1=0.4575 | val_acc=0.9934 | lr=0.000906
Epoch 054/500 | train_loss=0.2952 | val_dice=0.4298 | val_iou=0.3048 | val_f1=0.4298 | val_acc=0.9909 | lr=0.000904
Epoch 055/500 | train_loss=0.2968 | val_dice=0.4366 | val_iou=0.3095 | val_f1=0.4366 | val_acc=0.9922 | lr=0.000902
Epoch 056/500 | train_loss=0.2949 | val_dice=0.4731 | val_iou=0.3406 | val_f1=0.4731 | val_acc=0.9936 | lr=0.000900
Epoch 057/500 | train_loss=0.2972 | val_dice=0.4456 | val_iou=0.3162 | val_f1=0.4456 | val_acc=0.9925 | lr=0.000899
Epoch 058/500 | train_loss=0.2997 | val_dice=0.4657 | val_iou=0.3311 | val_f1=0.4657 | val_acc=0.9938 | lr=0.000897
Epoch 059/500 | train_loss=0.2827 | val_dice=0.4532 | val_iou=0.3225 | val_f1=0.4532 | val_acc=0.9929 | lr=0.000895
Epoch 060/500 | train_loss=0.2884 | val_dice=0.4614 | val_iou=0.3327 | val_f1=0.4614 | val_acc=0.9936 | lr=0.000893
Epoch 061/500 | train_loss=0.2922 | val_dice=0.4555 | val_iou=0.3227 | val_f1=0.4555 | val_acc=0.9924 | lr=0.000891
Epoch 062/500 | train_loss=0.2877 | val_dice=0.4467 | val_iou=0.3161 | val_f1=0.4467 | val_acc=0.9930 | lr=0.000889
Epoch 063/500 | train_loss=0.2902 | val_dice=0.4686 | val_iou=0.3373 | val_f1=0.4686 | val_acc=0.9927 | lr=0.000888
Epoch 064/500 | train_loss=0.2921 | val_dice=0.5008 | val_iou=0.3630 | val_f1=0.5008 | val_acc=0.9942 | lr=0.000886
Epoch 065/500 | train_loss=0.2870 | val_dice=0.4757 | val_iou=0.3426 | val_f1=0.4757 | val_acc=0.9926 | lr=0.000884
Epoch 066/500 | train_loss=0.2768 | val_dice=0.4688 | val_iou=0.3355 | val_f1=0.4688 | val_acc=0.9933 | lr=0.000882
Epoch 067/500 | train_loss=0.2849 | val_dice=0.4663 | val_iou=0.3340 | val_f1=0.4663 | val_acc=0.9935 | lr=0.000880
Epoch 068/500 | train_loss=0.2823 | val_dice=0.4456 | val_iou=0.3187 | val_f1=0.4456 | val_acc=0.9923 | lr=0.000879
Epoch 069/500 | train_loss=0.2796 | val_dice=0.4343 | val_iou=0.3092 | val_f1=0.4343 | val_acc=0.9905 | lr=0.000877
Epoch 070/500 | train_loss=0.2816 | val_dice=0.4790 | val_iou=0.3444 | val_f1=0.4790 | val_acc=0.9932 | lr=0.000875
Epoch 071/500 | train_loss=0.2799 | val_dice=0.4538 | val_iou=0.3227 | val_f1=0.4538 | val_acc=0.9922 | lr=0.000873
Epoch 072/500 | train_loss=0.2889 | val_dice=0.4679 | val_iou=0.3366 | val_f1=0.4679 | val_acc=0.9932 | lr=0.000871
Epoch 073/500 | train_loss=0.2933 | val_dice=0.4490 | val_iou=0.3203 | val_f1=0.4490 | val_acc=0.9922 | lr=0.000869
Epoch 074/500 | train_loss=0.2722 | val_dice=0.4707 | val_iou=0.3370 | val_f1=0.4707 | val_acc=0.9929 | lr=0.000868
Epoch 075/500 | train_loss=0.2806 | val_dice=0.4569 | val_iou=0.3279 | val_f1=0.4569 | val_acc=0.9921 | lr=0.000866
Epoch 076/500 | train_loss=0.2762 | val_dice=0.4541 | val_iou=0.3248 | val_f1=0.4541 | val_acc=0.9914 | lr=0.000864
Epoch 077/500 | train_loss=0.2758 | val_dice=0.4658 | val_iou=0.3334 | val_f1=0.4658 | val_acc=0.9920 | lr=0.000862
Epoch 078/500 | train_loss=0.2675 | val_dice=0.4795 | val_iou=0.3451 | val_f1=0.4795 | val_acc=0.9925 | lr=0.000860
Epoch 079/500 | train_loss=0.2841 | val_dice=0.4930 | val_iou=0.3586 | val_f1=0.4930 | val_acc=0.9940 | lr=0.000858
Epoch 080/500 | train_loss=0.2715 | val_dice=0.4902 | val_iou=0.3551 | val_f1=0.4902 | val_acc=0.9936 | lr=0.000857
Epoch 081/500 | train_loss=0.2720 | val_dice=0.4532 | val_iou=0.3244 | val_f1=0.4532 | val_acc=0.9918 | lr=0.000855
Epoch 082/500 | train_loss=0.2668 | val_dice=0.4804 | val_iou=0.3462 | val_f1=0.4804 | val_acc=0.9920 | lr=0.000853
Epoch 083/500 | train_loss=0.2632 | val_dice=0.4585 | val_iou=0.3332 | val_f1=0.4585 | val_acc=0.9925 | lr=0.000851
Epoch 084/500 | train_loss=0.2750 | val_dice=0.4882 | val_iou=0.3545 | val_f1=0.4882 | val_acc=0.9937 | lr=0.000849
Epoch 085/500 | train_loss=0.2649 | val_dice=0.4428 | val_iou=0.3135 | val_f1=0.4428 | val_acc=0.9906 | lr=0.000847
Epoch 086/500 | train_loss=0.2550 | val_dice=0.4962 | val_iou=0.3613 | val_f1=0.4962 | val_acc=0.9938 | lr=0.000846
Epoch 087/500 | train_loss=0.2589 | val_dice=0.4879 | val_iou=0.3547 | val_f1=0.4879 | val_acc=0.9936 | lr=0.000844
Epoch 088/500 | train_loss=0.2656 | val_dice=0.4562 | val_iou=0.3342 | val_f1=0.4562 | val_acc=0.9925 | lr=0.000842
Epoch 089/500 | train_loss=0.2468 | val_dice=0.4951 | val_iou=0.3597 | val_f1=0.4951 | val_acc=0.9940 | lr=0.000840
Epoch 090/500 | train_loss=0.2704 | val_dice=0.4870 | val_iou=0.3537 | val_f1=0.4870 | val_acc=0.9934 | lr=0.000838
Epoch 091/500 | train_loss=0.2582 | val_dice=0.4959 | val_iou=0.3600 | val_f1=0.4959 | val_acc=0.9935 | lr=0.000836
Epoch 092/500 | train_loss=0.2589 | val_dice=0.4700 | val_iou=0.3368 | val_f1=0.4700 | val_acc=0.9918 | lr=0.000835
Epoch 093/500 | train_loss=0.2612 | val_dice=0.4506 | val_iou=0.3218 | val_f1=0.4506 | val_acc=0.9913 | lr=0.000833
Epoch 094/500 | train_loss=0.2608 | val_dice=0.4685 | val_iou=0.3359 | val_f1=0.4685 | val_acc=0.9919 | lr=0.000831
Epoch 095/500 | train_loss=0.2543 | val_dice=0.4896 | val_iou=0.3578 | val_f1=0.4896 | val_acc=0.9932 | lr=0.000829
Epoch 096/500 | train_loss=0.2541 | val_dice=0.4816 | val_iou=0.3506 | val_f1=0.4816 | val_acc=0.9934 | lr=0.000827
Epoch 097/500 | train_loss=0.2575 | val_dice=0.4753 | val_iou=0.3413 | val_f1=0.4753 | val_acc=0.9925 | lr=0.000825
Epoch 098/500 | train_loss=0.2519 | val_dice=0.5024 | val_iou=0.3712 | val_f1=0.5024 | val_acc=0.9942 | lr=0.000824
Epoch 099/500 | train_loss=0.2523 | val_dice=0.4853 | val_iou=0.3527 | val_f1=0.4853 | val_acc=0.9931 | lr=0.000822
Epoch 100/500 | train_loss=0.2598 | val_dice=0.4673 | val_iou=0.3329 | val_f1=0.4673 | val_acc=0.9914 | lr=0.000820
Epoch 101/500 | train_loss=0.2552 | val_dice=0.4689 | val_iou=0.3364 | val_f1=0.4689 | val_acc=0.9921 | lr=0.000818
Epoch 102/500 | train_loss=0.2534 | val_dice=0.4850 | val_iou=0.3517 | val_f1=0.4850 | val_acc=0.9931 | lr=0.000816
Epoch 103/500 | train_loss=0.2444 | val_dice=0.4865 | val_iou=0.3543 | val_f1=0.4865 | val_acc=0.9925 | lr=0.000814
Epoch 104/500 | train_loss=0.2542 | val_dice=0.4739 | val_iou=0.3428 | val_f1=0.4739 | val_acc=0.9921 | lr=0.000813
Epoch 105/500 | train_loss=0.2508 | val_dice=0.4934 | val_iou=0.3616 | val_f1=0.4934 | val_acc=0.9943 | lr=0.000811
Epoch 106/500 | train_loss=0.2496 | val_dice=0.4638 | val_iou=0.3356 | val_f1=0.4638 | val_acc=0.9927 | lr=0.000809
Epoch 107/500 | train_loss=0.2458 | val_dice=0.4994 | val_iou=0.3648 | val_f1=0.4994 | val_acc=0.9932 | lr=0.000807
Epoch 108/500 | train_loss=0.2461 | val_dice=0.4954 | val_iou=0.3611 | val_f1=0.4954 | val_acc=0.9930 | lr=0.000805
Epoch 109/500 | train_loss=0.2486 | val_dice=0.4731 | val_iou=0.3390 | val_f1=0.4731 | val_acc=0.9922 | lr=0.000803
Epoch 110/500 | train_loss=0.2496 | val_dice=0.4646 | val_iou=0.3337 | val_f1=0.4646 | val_acc=0.9921 | lr=0.000801
Epoch 111/500 | train_loss=0.2350 | val_dice=0.4869 | val_iou=0.3528 | val_f1=0.4869 | val_acc=0.9926 | lr=0.000800
Epoch 112/500 | train_loss=0.2348 | val_dice=0.4436 | val_iou=0.3160 | val_f1=0.4436 | val_acc=0.9919 | lr=0.000798
Epoch 113/500 | train_loss=0.2410 | val_dice=0.4743 | val_iou=0.3426 | val_f1=0.4743 | val_acc=0.9923 | lr=0.000796
Epoch 114/500 | train_loss=0.2439 | val_dice=0.4661 | val_iou=0.3353 | val_f1=0.4661 | val_acc=0.9925 | lr=0.000794
Epoch 115/500 | train_loss=0.2405 | val_dice=0.4982 | val_iou=0.3671 | val_f1=0.4982 | val_acc=0.9934 | lr=0.000792
Epoch 116/500 | train_loss=0.2353 | val_dice=0.4903 | val_iou=0.3608 | val_f1=0.4903 | val_acc=0.9935 | lr=0.000790
Epoch 117/500 | train_loss=0.2426 | val_dice=0.5082 | val_iou=0.3775 | val_f1=0.5082 | val_acc=0.9944 | lr=0.000789
Epoch 118/500 | train_loss=0.2470 | val_dice=0.4893 | val_iou=0.3575 | val_f1=0.4893 | val_acc=0.9935 | lr=0.000787
Epoch 119/500 | train_loss=0.2330 | val_dice=0.4844 | val_iou=0.3499 | val_f1=0.4844 | val_acc=0.9925 | lr=0.000785
Epoch 120/500 | train_loss=0.2488 | val_dice=0.5227 | val_iou=0.3893 | val_f1=0.5227 | val_acc=0.9942 | lr=0.000783
Epoch 121/500 | train_loss=0.2339 | val_dice=0.5091 | val_iou=0.3743 | val_f1=0.5091 | val_acc=0.9939 | lr=0.000781
Epoch 122/500 | train_loss=0.2355 | val_dice=0.5108 | val_iou=0.3755 | val_f1=0.5108 | val_acc=0.9940 | lr=0.000779
Epoch 123/500 | train_loss=0.2343 | val_dice=0.4898 | val_iou=0.3562 | val_f1=0.4898 | val_acc=0.9923 | lr=0.000777
Epoch 124/500 | train_loss=0.2340 | val_dice=0.5001 | val_iou=0.3698 | val_f1=0.5001 | val_acc=0.9936 | lr=0.000776
Epoch 125/500 | train_loss=0.2405 | val_dice=0.5064 | val_iou=0.3732 | val_f1=0.5064 | val_acc=0.9935 | lr=0.000774
Epoch 126/500 | train_loss=0.2342 | val_dice=0.5151 | val_iou=0.3806 | val_f1=0.5151 | val_acc=0.9941 | lr=0.000772
Epoch 127/500 | train_loss=0.2226 | val_dice=0.4976 | val_iou=0.3641 | val_f1=0.4976 | val_acc=0.9929 | lr=0.000770
Epoch 128/500 | train_loss=0.2383 | val_dice=0.5028 | val_iou=0.3696 | val_f1=0.5028 | val_acc=0.9932 | lr=0.000768
Epoch 129/500 | train_loss=0.2414 | val_dice=0.5088 | val_iou=0.3743 | val_f1=0.5088 | val_acc=0.9935 | lr=0.000766
Epoch 130/500 | train_loss=0.2392 | val_dice=0.4833 | val_iou=0.3513 | val_f1=0.4833 | val_acc=0.9919 | lr=0.000764
Epoch 131/500 | train_loss=0.2315 | val_dice=0.5158 | val_iou=0.3824 | val_f1=0.5158 | val_acc=0.9934 | lr=0.000763
Epoch 132/500 | train_loss=0.2206 | val_dice=0.5063 | val_iou=0.3729 | val_f1=0.5063 | val_acc=0.9934 | lr=0.000761
Epoch 133/500 | train_loss=0.2331 | val_dice=0.5113 | val_iou=0.3764 | val_f1=0.5113 | val_acc=0.9939 | lr=0.000759
Epoch 134/500 | train_loss=0.2305 | val_dice=0.5144 | val_iou=0.3800 | val_f1=0.5144 | val_acc=0.9940 | lr=0.000757
Epoch 135/500 | train_loss=0.2248 | val_dice=0.4941 | val_iou=0.3629 | val_f1=0.4941 | val_acc=0.9931 | lr=0.000755
Epoch 136/500 | train_loss=0.2263 | val_dice=0.5164 | val_iou=0.3824 | val_f1=0.5164 | val_acc=0.9937 | lr=0.000753
Epoch 137/500 | train_loss=0.2262 | val_dice=0.4929 | val_iou=0.3623 | val_f1=0.4929 | val_acc=0.9927 | lr=0.000751
Epoch 138/500 | train_loss=0.2227 | val_dice=0.5036 | val_iou=0.3745 | val_f1=0.5036 | val_acc=0.9939 | lr=0.000750
Epoch 139/500 | train_loss=0.2282 | val_dice=0.4997 | val_iou=0.3665 | val_f1=0.4997 | val_acc=0.9931 | lr=0.000748
Epoch 140/500 | train_loss=0.2333 | val_dice=0.5146 | val_iou=0.3797 | val_f1=0.5146 | val_acc=0.9937 | lr=0.000746
Epoch 141/500 | train_loss=0.2148 | val_dice=0.5187 | val_iou=0.3869 | val_f1=0.5187 | val_acc=0.9936 | lr=0.000744
Epoch 142/500 | train_loss=0.2241 | val_dice=0.5030 | val_iou=0.3723 | val_f1=0.5030 | val_acc=0.9933 | lr=0.000742
Epoch 143/500 | train_loss=0.2204 | val_dice=0.5237 | val_iou=0.3912 | val_f1=0.5237 | val_acc=0.9934 | lr=0.000740
Epoch 144/500 | train_loss=0.2153 | val_dice=0.5180 | val_iou=0.3882 | val_f1=0.5180 | val_acc=0.9933 | lr=0.000738
Epoch 145/500 | train_loss=0.2265 | val_dice=0.5224 | val_iou=0.3888 | val_f1=0.5224 | val_acc=0.9936 | lr=0.000737
Epoch 146/500 | train_loss=0.2258 | val_dice=0.5275 | val_iou=0.3952 | val_f1=0.5275 | val_acc=0.9936 | lr=0.000735
Epoch 147/500 | train_loss=0.2266 | val_dice=0.4938 | val_iou=0.3622 | val_f1=0.4938 | val_acc=0.9925 | lr=0.000733
Epoch 148/500 | train_loss=0.2178 | val_dice=0.5108 | val_iou=0.3807 | val_f1=0.5108 | val_acc=0.9934 | lr=0.000731
Epoch 149/500 | train_loss=0.2221 | val_dice=0.5315 | val_iou=0.3981 | val_f1=0.5315 | val_acc=0.9943 | lr=0.000729
Epoch 150/500 | train_loss=0.2171 | val_dice=0.5204 | val_iou=0.3875 | val_f1=0.5204 | val_acc=0.9933 | lr=0.000727
Epoch 151/500 | train_loss=0.2173 | val_dice=0.5281 | val_iou=0.3952 | val_f1=0.5281 | val_acc=0.9937 | lr=0.000725
Epoch 152/500 | train_loss=0.2241 | val_dice=0.5124 | val_iou=0.3808 | val_f1=0.5124 | val_acc=0.9929 | lr=0.000724
Epoch 153/500 | train_loss=0.2113 | val_dice=0.4969 | val_iou=0.3705 | val_f1=0.4969 | val_acc=0.9934 | lr=0.000722
Epoch 154/500 | train_loss=0.2260 | val_dice=0.5231 | val_iou=0.3916 | val_f1=0.5231 | val_acc=0.9943 | lr=0.000720
Epoch 155/500 | train_loss=0.2235 | val_dice=0.5339 | val_iou=0.4028 | val_f1=0.5339 | val_acc=0.9944 | lr=0.000718
Epoch 156/500 | train_loss=0.2168 | val_dice=0.5163 | val_iou=0.3858 | val_f1=0.5163 | val_acc=0.9936 | lr=0.000716
Epoch 157/500 | train_loss=0.2144 | val_dice=0.4854 | val_iou=0.3563 | val_f1=0.4854 | val_acc=0.9925 | lr=0.000714
Epoch 158/500 | train_loss=0.2182 | val_dice=0.5310 | val_iou=0.3988 | val_f1=0.5310 | val_acc=0.9938 | lr=0.000712
Epoch 159/500 | train_loss=0.2141 | val_dice=0.5316 | val_iou=0.3986 | val_f1=0.5316 | val_acc=0.9943 | lr=0.000710
Epoch 160/500 | train_loss=0.2153 | val_dice=0.5185 | val_iou=0.3895 | val_f1=0.5185 | val_acc=0.9946 | lr=0.000709
Epoch 161/500 | train_loss=0.2082 | val_dice=0.5092 | val_iou=0.3781 | val_f1=0.5092 | val_acc=0.9935 | lr=0.000707
Epoch 162/500 | train_loss=0.2241 | val_dice=0.5073 | val_iou=0.3758 | val_f1=0.5073 | val_acc=0.9931 | lr=0.000705
Epoch 163/500 | train_loss=0.2119 | val_dice=0.5231 | val_iou=0.3927 | val_f1=0.5231 | val_acc=0.9947 | lr=0.000703
Epoch 164/500 | train_loss=0.2125 | val_dice=0.5069 | val_iou=0.3750 | val_f1=0.5069 | val_acc=0.9932 | lr=0.000701
Epoch 165/500 | train_loss=0.2150 | val_dice=0.5165 | val_iou=0.3875 | val_f1=0.5165 | val_acc=0.9933 | lr=0.000699
Epoch 166/500 | train_loss=0.2129 | val_dice=0.4913 | val_iou=0.3606 | val_f1=0.4913 | val_acc=0.9927 | lr=0.000697
Epoch 167/500 | train_loss=0.2127 | val_dice=0.5178 | val_iou=0.3835 | val_f1=0.5178 | val_acc=0.9934 | lr=0.000696
Epoch 168/500 | train_loss=0.2108 | val_dice=0.5151 | val_iou=0.3845 | val_f1=0.5151 | val_acc=0.9941 | lr=0.000694
Epoch 169/500 | train_loss=0.2069 | val_dice=0.5001 | val_iou=0.3716 | val_f1=0.5001 | val_acc=0.9934 | lr=0.000692
Epoch 170/500 | train_loss=0.2030 | val_dice=0.5241 | val_iou=0.3921 | val_f1=0.5241 | val_acc=0.9935 | lr=0.000690
Epoch 171/500 | train_loss=0.2002 | val_dice=0.5226 | val_iou=0.3916 | val_f1=0.5226 | val_acc=0.9945 | lr=0.000688
Epoch 172/500 | train_loss=0.2034 | val_dice=0.5099 | val_iou=0.3813 | val_f1=0.5099 | val_acc=0.9938 | lr=0.000686
Epoch 173/500 | train_loss=0.2064 | val_dice=0.5097 | val_iou=0.3765 | val_f1=0.5097 | val_acc=0.9938 | lr=0.000684
Epoch 174/500 | train_loss=0.2066 | val_dice=0.5119 | val_iou=0.3805 | val_f1=0.5119 | val_acc=0.9946 | lr=0.000682
Epoch 175/500 | train_loss=0.2066 | val_dice=0.5115 | val_iou=0.3829 | val_f1=0.5115 | val_acc=0.9938 | lr=0.000680
Epoch 176/500 | train_loss=0.2025 | val_dice=0.5449 | val_iou=0.4139 | val_f1=0.5449 | val_acc=0.9947 | lr=0.000679
Epoch 177/500 | train_loss=0.2142 | val_dice=0.5239 | val_iou=0.3964 | val_f1=0.5239 | val_acc=0.9944 | lr=0.000677
Epoch 178/500 | train_loss=0.2072 | val_dice=0.5309 | val_iou=0.3993 | val_f1=0.5309 | val_acc=0.9944 | lr=0.000675
Epoch 179/500 | train_loss=0.2079 | val_dice=0.5236 | val_iou=0.3933 | val_f1=0.5236 | val_acc=0.9938 | lr=0.000673
Epoch 180/500 | train_loss=0.1977 | val_dice=0.5307 | val_iou=0.3994 | val_f1=0.5307 | val_acc=0.9948 | lr=0.000671
Epoch 181/500 | train_loss=0.2049 | val_dice=0.5211 | val_iou=0.3874 | val_f1=0.5211 | val_acc=0.9944 | lr=0.000669
Epoch 182/500 | train_loss=0.2094 | val_dice=0.5206 | val_iou=0.3901 | val_f1=0.5206 | val_acc=0.9939 | lr=0.000667
Epoch 183/500 | train_loss=0.1949 | val_dice=0.5406 | val_iou=0.4082 | val_f1=0.5406 | val_acc=0.9943 | lr=0.000665
Epoch 184/500 | train_loss=0.1951 | val_dice=0.5364 | val_iou=0.4059 | val_f1=0.5364 | val_acc=0.9939 | lr=0.000664
Epoch 185/500 | train_loss=0.1934 | val_dice=0.5375 | val_iou=0.4062 | val_f1=0.5375 | val_acc=0.9946 | lr=0.000662
Epoch 186/500 | train_loss=0.2057 | val_dice=0.5354 | val_iou=0.4041 | val_f1=0.5354 | val_acc=0.9943 | lr=0.000660
Epoch 187/500 | train_loss=0.2032 | val_dice=0.5348 | val_iou=0.4006 | val_f1=0.5348 | val_acc=0.9941 | lr=0.000658
Epoch 188/500 | train_loss=0.1957 | val_dice=0.5295 | val_iou=0.3975 | val_f1=0.5295 | val_acc=0.9944 | lr=0.000656
Epoch 189/500 | train_loss=0.1965 | val_dice=0.5341 | val_iou=0.4012 | val_f1=0.5341 | val_acc=0.9946 | lr=0.000654
Epoch 190/500 | train_loss=0.1951 | val_dice=0.5313 | val_iou=0.3990 | val_f1=0.5313 | val_acc=0.9944 | lr=0.000652
Epoch 191/500 | train_loss=0.1839 | val_dice=0.5334 | val_iou=0.4012 | val_f1=0.5334 | val_acc=0.9942 | lr=0.000650
Epoch 192/500 | train_loss=0.1973 | val_dice=0.5168 | val_iou=0.3860 | val_f1=0.5168 | val_acc=0.9934 | lr=0.000648
Epoch 193/500 | train_loss=0.1837 | val_dice=0.5261 | val_iou=0.3942 | val_f1=0.5261 | val_acc=0.9940 | lr=0.000647
Epoch 194/500 | train_loss=0.2038 | val_dice=0.5349 | val_iou=0.4037 | val_f1=0.5349 | val_acc=0.9943 | lr=0.000645
Epoch 195/500 | train_loss=0.1986 | val_dice=0.5246 | val_iou=0.3965 | val_f1=0.5246 | val_acc=0.9944 | lr=0.000643
Epoch 196/500 | train_loss=0.1965 | val_dice=0.5434 | val_iou=0.4114 | val_f1=0.5434 | val_acc=0.9940 | lr=0.000641
Epoch 197/500 | train_loss=0.1943 | val_dice=0.5283 | val_iou=0.4006 | val_f1=0.5283 | val_acc=0.9946 | lr=0.000639
Epoch 198/500 | train_loss=0.1883 | val_dice=0.5261 | val_iou=0.3951 | val_f1=0.5261 | val_acc=0.9945 | lr=0.000637
Epoch 199/500 | train_loss=0.2009 | val_dice=0.5302 | val_iou=0.3957 | val_f1=0.5302 | val_acc=0.9946 | lr=0.000635
Epoch 200/500 | train_loss=0.1892 | val_dice=0.5423 | val_iou=0.4100 | val_f1=0.5423 | val_acc=0.9942 | lr=0.000633
Epoch 201/500 | train_loss=0.1953 | val_dice=0.5506 | val_iou=0.4164 | val_f1=0.5506 | val_acc=0.9943 | lr=0.000631
Epoch 202/500 | train_loss=0.1936 | val_dice=0.5530 | val_iou=0.4190 | val_f1=0.5530 | val_acc=0.9944 | lr=0.000630
Epoch 203/500 | train_loss=0.1959 | val_dice=0.5350 | val_iou=0.4034 | val_f1=0.5350 | val_acc=0.9936 | lr=0.000628
Epoch 204/500 | train_loss=0.1922 | val_dice=0.5304 | val_iou=0.3989 | val_f1=0.5304 | val_acc=0.9942 | lr=0.000626
Epoch 205/500 | train_loss=0.1902 | val_dice=0.5409 | val_iou=0.4106 | val_f1=0.5409 | val_acc=0.9941 | lr=0.000624
Epoch 206/500 | train_loss=0.2013 | val_dice=0.5270 | val_iou=0.3967 | val_f1=0.5270 | val_acc=0.9941 | lr=0.000622
Epoch 207/500 | train_loss=0.1883 | val_dice=0.5296 | val_iou=0.4019 | val_f1=0.5296 | val_acc=0.9944 | lr=0.000620
Epoch 208/500 | train_loss=0.1931 | val_dice=0.5291 | val_iou=0.3983 | val_f1=0.5291 | val_acc=0.9942 | lr=0.000618
Epoch 209/500 | train_loss=0.1880 | val_dice=0.5289 | val_iou=0.4003 | val_f1=0.5289 | val_acc=0.9944 | lr=0.000616
Epoch 210/500 | train_loss=0.1887 | val_dice=0.5273 | val_iou=0.3965 | val_f1=0.5273 | val_acc=0.9935 | lr=0.000614
Epoch 211/500 | train_loss=0.1880 | val_dice=0.5295 | val_iou=0.4011 | val_f1=0.5295 | val_acc=0.9945 | lr=0.000612
Epoch 212/500 | train_loss=0.1906 | val_dice=0.5231 | val_iou=0.3970 | val_f1=0.5231 | val_acc=0.9942 | lr=0.000611
Epoch 213/500 | train_loss=0.1908 | val_dice=0.5254 | val_iou=0.3964 | val_f1=0.5254 | val_acc=0.9940 | lr=0.000609
Epoch 214/500 | train_loss=0.1825 | val_dice=0.5255 | val_iou=0.3946 | val_f1=0.5255 | val_acc=0.9939 | lr=0.000607
Epoch 215/500 | train_loss=0.1912 | val_dice=0.5258 | val_iou=0.3995 | val_f1=0.5258 | val_acc=0.9946 | lr=0.000605
Epoch 216/500 | train_loss=0.1925 | val_dice=0.5271 | val_iou=0.3974 | val_f1=0.5271 | val_acc=0.9941 | lr=0.000603
Epoch 217/500 | train_loss=0.1810 | val_dice=0.5371 | val_iou=0.4079 | val_f1=0.5371 | val_acc=0.9944 | lr=0.000601
Epoch 218/500 | train_loss=0.1821 | val_dice=0.5505 | val_iou=0.4198 | val_f1=0.5505 | val_acc=0.9945 | lr=0.000599
Epoch 219/500 | train_loss=0.1804 | val_dice=0.5469 | val_iou=0.4173 | val_f1=0.5469 | val_acc=0.9943 | lr=0.000597
Epoch 220/500 | train_loss=0.1881 | val_dice=0.5532 | val_iou=0.4232 | val_f1=0.5532 | val_acc=0.9943 | lr=0.000595
Epoch 221/500 | train_loss=0.1846 | val_dice=0.5438 | val_iou=0.4122 | val_f1=0.5438 | val_acc=0.9942 | lr=0.000593
Epoch 222/500 | train_loss=0.1817 | val_dice=0.5366 | val_iou=0.4100 | val_f1=0.5366 | val_acc=0.9947 | lr=0.000592
Epoch 223/500 | train_loss=0.1822 | val_dice=0.5414 | val_iou=0.4139 | val_f1=0.5414 | val_acc=0.9947 | lr=0.000590
Epoch 224/500 | train_loss=0.1862 | val_dice=0.5370 | val_iou=0.4062 | val_f1=0.5370 | val_acc=0.9941 | lr=0.000588
Epoch 225/500 | train_loss=0.1858 | val_dice=0.5239 | val_iou=0.3950 | val_f1=0.5239 | val_acc=0.9946 | lr=0.000586
Epoch 226/500 | train_loss=0.1869 | val_dice=0.5512 | val_iou=0.4217 | val_f1=0.5512 | val_acc=0.9945 | lr=0.000584
Epoch 227/500 | train_loss=0.1794 | val_dice=0.5349 | val_iou=0.4047 | val_f1=0.5349 | val_acc=0.9946 | lr=0.000582
Epoch 228/500 | train_loss=0.1789 | val_dice=0.5523 | val_iou=0.4217 | val_f1=0.5523 | val_acc=0.9940 | lr=0.000580
Epoch 229/500 | train_loss=0.1757 | val_dice=0.5367 | val_iou=0.4075 | val_f1=0.5367 | val_acc=0.9942 | lr=0.000578
Epoch 230/500 | train_loss=0.1812 | val_dice=0.5397 | val_iou=0.4090 | val_f1=0.5397 | val_acc=0.9941 | lr=0.000576
Epoch 231/500 | train_loss=0.1762 | val_dice=0.5336 | val_iou=0.4063 | val_f1=0.5336 | val_acc=0.9943 | lr=0.000574
Epoch 232/500 | train_loss=0.1733 | val_dice=0.5366 | val_iou=0.4082 | val_f1=0.5366 | val_acc=0.9942 | lr=0.000572
Epoch 233/500 | train_loss=0.1717 | val_dice=0.5317 | val_iou=0.4040 | val_f1=0.5317 | val_acc=0.9939 | lr=0.000570
Epoch 234/500 | train_loss=0.1831 | val_dice=0.5355 | val_iou=0.4055 | val_f1=0.5355 | val_acc=0.9938 | lr=0.000569
Epoch 235/500 | train_loss=0.1801 | val_dice=0.5360 | val_iou=0.4086 | val_f1=0.5360 | val_acc=0.9943 | lr=0.000567
Epoch 236/500 | train_loss=0.1774 | val_dice=0.5403 | val_iou=0.4107 | val_f1=0.5403 | val_acc=0.9944 | lr=0.000565
Epoch 237/500 | train_loss=0.1685 | val_dice=0.5408 | val_iou=0.4116 | val_f1=0.5408 | val_acc=0.9945 | lr=0.000563
Epoch 238/500 | train_loss=0.1783 | val_dice=0.5283 | val_iou=0.4010 | val_f1=0.5283 | val_acc=0.9936 | lr=0.000561
Epoch 239/500 | train_loss=0.1793 | val_dice=0.5449 | val_iou=0.4140 | val_f1=0.5449 | val_acc=0.9943 | lr=0.000559
Epoch 240/500 | train_loss=0.1771 | val_dice=0.5460 | val_iou=0.4165 | val_f1=0.5460 | val_acc=0.9941 | lr=0.000557
Epoch 241/500 | train_loss=0.1746 | val_dice=0.5385 | val_iou=0.4100 | val_f1=0.5385 | val_acc=0.9946 | lr=0.000555
Epoch 242/500 | train_loss=0.1853 | val_dice=0.5624 | val_iou=0.4325 | val_f1=0.5624 | val_acc=0.9952 | lr=0.000553
Epoch 243/500 | train_loss=0.1697 | val_dice=0.5477 | val_iou=0.4184 | val_f1=0.5477 | val_acc=0.9946 | lr=0.000551
Epoch 244/500 | train_loss=0.1720 | val_dice=0.5599 | val_iou=0.4303 | val_f1=0.5599 | val_acc=0.9948 | lr=0.000549
Epoch 245/500 | train_loss=0.1794 | val_dice=0.5581 | val_iou=0.4295 | val_f1=0.5581 | val_acc=0.9943 | lr=0.000547
Epoch 246/500 | train_loss=0.1768 | val_dice=0.5473 | val_iou=0.4186 | val_f1=0.5473 | val_acc=0.9940 | lr=0.000546
Epoch 247/500 | train_loss=0.1751 | val_dice=0.5546 | val_iou=0.4263 | val_f1=0.5546 | val_acc=0.9944 | lr=0.000544
Epoch 248/500 | train_loss=0.1800 | val_dice=0.5497 | val_iou=0.4210 | val_f1=0.5497 | val_acc=0.9943 | lr=0.000542
Epoch 249/500 | train_loss=0.1704 | val_dice=0.5567 | val_iou=0.4270 | val_f1=0.5567 | val_acc=0.9939 | lr=0.000540
Epoch 250/500 | train_loss=0.1720 | val_dice=0.5557 | val_iou=0.4259 | val_f1=0.5557 | val_acc=0.9943 | lr=0.000538
Epoch 251/500 | train_loss=0.1740 | val_dice=0.5410 | val_iou=0.4138 | val_f1=0.5410 | val_acc=0.9944 | lr=0.000536
Epoch 252/500 | train_loss=0.1720 | val_dice=0.5402 | val_iou=0.4147 | val_f1=0.5402 | val_acc=0.9943 | lr=0.000534
Epoch 253/500 | train_loss=0.1710 | val_dice=0.5368 | val_iou=0.4100 | val_f1=0.5368 | val_acc=0.9940 | lr=0.000532
Epoch 254/500 | train_loss=0.1694 | val_dice=0.5447 | val_iou=0.4143 | val_f1=0.5447 | val_acc=0.9943 | lr=0.000530
Epoch 255/500 | train_loss=0.1725 | val_dice=0.5467 | val_iou=0.4196 | val_f1=0.5467 | val_acc=0.9942 | lr=0.000528
Epoch 256/500 | train_loss=0.1718 | val_dice=0.5615 | val_iou=0.4319 | val_f1=0.5615 | val_acc=0.9947 | lr=0.000526
Epoch 257/500 | train_loss=0.1642 | val_dice=0.5398 | val_iou=0.4125 | val_f1=0.5398 | val_acc=0.9948 | lr=0.000524
Epoch 258/500 | train_loss=0.1717 | val_dice=0.5382 | val_iou=0.4114 | val_f1=0.5382 | val_acc=0.9941 | lr=0.000522
Epoch 259/500 | train_loss=0.1652 | val_dice=0.5474 | val_iou=0.4204 | val_f1=0.5474 | val_acc=0.9942 | lr=0.000520
Epoch 260/500 | train_loss=0.1793 | val_dice=0.5422 | val_iou=0.4127 | val_f1=0.5422 | val_acc=0.9937 | lr=0.000518
Epoch 261/500 | train_loss=0.1705 | val_dice=0.5503 | val_iou=0.4222 | val_f1=0.5503 | val_acc=0.9940 | lr=0.000517
Epoch 262/500 | train_loss=0.1661 | val_dice=0.5487 | val_iou=0.4215 | val_f1=0.5487 | val_acc=0.9944 | lr=0.000515
Epoch 263/500 | train_loss=0.1745 | val_dice=0.5469 | val_iou=0.4193 | val_f1=0.5469 | val_acc=0.9945 | lr=0.000513
Epoch 264/500 | train_loss=0.1753 | val_dice=0.5471 | val_iou=0.4197 | val_f1=0.5471 | val_acc=0.9951 | lr=0.000511
Epoch 265/500 | train_loss=0.1766 | val_dice=0.5367 | val_iou=0.4060 | val_f1=0.5367 | val_acc=0.9938 | lr=0.000509
Epoch 266/500 | train_loss=0.1746 | val_dice=0.5456 | val_iou=0.4168 | val_f1=0.5456 | val_acc=0.9944 | lr=0.000507
Epoch 267/500 | train_loss=0.1739 | val_dice=0.5493 | val_iou=0.4212 | val_f1=0.5493 | val_acc=0.9945 | lr=0.000505
Epoch 268/500 | train_loss=0.1687 | val_dice=0.5513 | val_iou=0.4234 | val_f1=0.5513 | val_acc=0.9940 | lr=0.000503
Epoch 269/500 | train_loss=0.1760 | val_dice=0.5318 | val_iou=0.4038 | val_f1=0.5318 | val_acc=0.9939 | lr=0.000501
Epoch 270/500 | train_loss=0.1704 | val_dice=0.5448 | val_iou=0.4181 | val_f1=0.5448 | val_acc=0.9951 | lr=0.000499
Epoch 271/500 | train_loss=0.1715 | val_dice=0.5485 | val_iou=0.4222 | val_f1=0.5485 | val_acc=0.9948 | lr=0.000497
Epoch 272/500 | train_loss=0.1725 | val_dice=0.5391 | val_iou=0.4131 | val_f1=0.5391 | val_acc=0.9947 | lr=0.000495
Epoch 273/500 | train_loss=0.1601 | val_dice=0.5484 | val_iou=0.4211 | val_f1=0.5484 | val_acc=0.9947 | lr=0.000493
Epoch 274/500 | train_loss=0.1592 | val_dice=0.5518 | val_iou=0.4235 | val_f1=0.5518 | val_acc=0.9944 | lr=0.000491
Epoch 275/500 | train_loss=0.1612 | val_dice=0.5420 | val_iou=0.4180 | val_f1=0.5420 | val_acc=0.9942 | lr=0.000489
Epoch 276/500 | train_loss=0.1637 | val_dice=0.5461 | val_iou=0.4192 | val_f1=0.5461 | val_acc=0.9946 | lr=0.000487
Epoch 277/500 | train_loss=0.1710 | val_dice=0.5469 | val_iou=0.4185 | val_f1=0.5469 | val_acc=0.9946 | lr=0.000485
Epoch 278/500 | train_loss=0.1580 | val_dice=0.5568 | val_iou=0.4282 | val_f1=0.5568 | val_acc=0.9947 | lr=0.000484
Epoch 279/500 | train_loss=0.1585 | val_dice=0.5580 | val_iou=0.4289 | val_f1=0.5580 | val_acc=0.9948 | lr=0.000482
Epoch 280/500 | train_loss=0.1580 | val_dice=0.5462 | val_iou=0.4171 | val_f1=0.5462 | val_acc=0.9947 | lr=0.000480
Epoch 281/500 | train_loss=0.1717 | val_dice=0.5653 | val_iou=0.4378 | val_f1=0.5653 | val_acc=0.9951 | lr=0.000478
Epoch 282/500 | train_loss=0.1575 | val_dice=0.5608 | val_iou=0.4321 | val_f1=0.5608 | val_acc=0.9947 | lr=0.000476
Epoch 283/500 | train_loss=0.1567 | val_dice=0.5573 | val_iou=0.4290 | val_f1=0.5573 | val_acc=0.9946 | lr=0.000474
Epoch 284/500 | train_loss=0.1579 | val_dice=0.5517 | val_iou=0.4264 | val_f1=0.5517 | val_acc=0.9951 | lr=0.000472
Epoch 285/500 | train_loss=0.1632 | val_dice=0.5630 | val_iou=0.4380 | val_f1=0.5630 | val_acc=0.9951 | lr=0.000470
Epoch 286/500 | train_loss=0.1643 | val_dice=0.5625 | val_iou=0.4371 | val_f1=0.5625 | val_acc=0.9944 | lr=0.000468
Epoch 287/500 | train_loss=0.1594 | val_dice=0.5483 | val_iou=0.4198 | val_f1=0.5483 | val_acc=0.9943 | lr=0.000466
Epoch 288/500 | train_loss=0.1567 | val_dice=0.5497 | val_iou=0.4224 | val_f1=0.5497 | val_acc=0.9944 | lr=0.000464
Epoch 289/500 | train_loss=0.1700 | val_dice=0.5604 | val_iou=0.4336 | val_f1=0.5604 | val_acc=0.9948 | lr=0.000462
Epoch 290/500 | train_loss=0.1595 | val_dice=0.5532 | val_iou=0.4229 | val_f1=0.5532 | val_acc=0.9939 | lr=0.000460
Epoch 291/500 | train_loss=0.1524 | val_dice=0.5602 | val_iou=0.4323 | val_f1=0.5602 | val_acc=0.9945 | lr=0.000458
Epoch 292/500 | train_loss=0.1552 | val_dice=0.5643 | val_iou=0.4346 | val_f1=0.5643 | val_acc=0.9945 | lr=0.000456
Epoch 293/500 | train_loss=0.1549 | val_dice=0.5507 | val_iou=0.4228 | val_f1=0.5507 | val_acc=0.9941 | lr=0.000454
Epoch 294/500 | train_loss=0.1620 | val_dice=0.5594 | val_iou=0.4329 | val_f1=0.5594 | val_acc=0.9950 | lr=0.000452
Epoch 295/500 | train_loss=0.1634 | val_dice=0.5663 | val_iou=0.4391 | val_f1=0.5663 | val_acc=0.9942 | lr=0.000450
Epoch 296/500 | train_loss=0.1574 | val_dice=0.5609 | val_iou=0.4328 | val_f1=0.5609 | val_acc=0.9947 | lr=0.000448
Epoch 297/500 | train_loss=0.1558 | val_dice=0.5572 | val_iou=0.4313 | val_f1=0.5572 | val_acc=0.9947 | lr=0.000446
Epoch 298/500 | train_loss=0.1608 | val_dice=0.5559 | val_iou=0.4314 | val_f1=0.5559 | val_acc=0.9946 | lr=0.000444
Epoch 299/500 | train_loss=0.1603 | val_dice=0.5613 | val_iou=0.4328 | val_f1=0.5613 | val_acc=0.9946 | lr=0.000442
Epoch 300/500 | train_loss=0.1510 | val_dice=0.5620 | val_iou=0.4365 | val_f1=0.5620 | val_acc=0.9946 | lr=0.000440
Epoch 301/500 | train_loss=0.1571 | val_dice=0.5661 | val_iou=0.4382 | val_f1=0.5661 | val_acc=0.9943 | lr=0.000438
Epoch 302/500 | train_loss=0.1616 | val_dice=0.5616 | val_iou=0.4339 | val_f1=0.5616 | val_acc=0.9949 | lr=0.000436
Epoch 303/500 | train_loss=0.1579 | val_dice=0.5635 | val_iou=0.4349 | val_f1=0.5635 | val_acc=0.9946 | lr=0.000434
Epoch 304/500 | train_loss=0.1583 | val_dice=0.5642 | val_iou=0.4344 | val_f1=0.5642 | val_acc=0.9946 | lr=0.000432
Epoch 305/500 | train_loss=0.1514 | val_dice=0.5612 | val_iou=0.4331 | val_f1=0.5612 | val_acc=0.9946 | lr=0.000430
Epoch 306/500 | train_loss=0.1530 | val_dice=0.5630 | val_iou=0.4358 | val_f1=0.5630 | val_acc=0.9950 | lr=0.000429
Epoch 307/500 | train_loss=0.1570 | val_dice=0.5606 | val_iou=0.4305 | val_f1=0.5606 | val_acc=0.9947 | lr=0.000427
Epoch 308/500 | train_loss=0.1575 | val_dice=0.5435 | val_iou=0.4133 | val_f1=0.5435 | val_acc=0.9944 | lr=0.000425
Epoch 309/500 | train_loss=0.1592 | val_dice=0.5639 | val_iou=0.4352 | val_f1=0.5639 | val_acc=0.9948 | lr=0.000423
Epoch 310/500 | train_loss=0.1556 | val_dice=0.5668 | val_iou=0.4372 | val_f1=0.5668 | val_acc=0.9946 | lr=0.000421
Epoch 311/500 | train_loss=0.1465 | val_dice=0.5735 | val_iou=0.4446 | val_f1=0.5735 | val_acc=0.9947 | lr=0.000419
Epoch 312/500 | train_loss=0.1512 | val_dice=0.5591 | val_iou=0.4311 | val_f1=0.5591 | val_acc=0.9951 | lr=0.000417
Epoch 313/500 | train_loss=0.1563 | val_dice=0.5683 | val_iou=0.4407 | val_f1=0.5683 | val_acc=0.9946 | lr=0.000415
Epoch 314/500 | train_loss=0.1496 | val_dice=0.5671 | val_iou=0.4387 | val_f1=0.5671 | val_acc=0.9951 | lr=0.000413
Epoch 315/500 | train_loss=0.1494 | val_dice=0.5730 | val_iou=0.4454 | val_f1=0.5730 | val_acc=0.9947 | lr=0.000411
Epoch 316/500 | train_loss=0.1610 | val_dice=0.5633 | val_iou=0.4343 | val_f1=0.5633 | val_acc=0.9945 | lr=0.000409
Epoch 317/500 | train_loss=0.1546 | val_dice=0.5687 | val_iou=0.4396 | val_f1=0.5687 | val_acc=0.9948 | lr=0.000407
Epoch 318/500 | train_loss=0.1530 | val_dice=0.5583 | val_iou=0.4308 | val_f1=0.5583 | val_acc=0.9947 | lr=0.000405
Epoch 319/500 | train_loss=0.1561 | val_dice=0.5570 | val_iou=0.4284 | val_f1=0.5570 | val_acc=0.9944 | lr=0.000403
Epoch 320/500 | train_loss=0.1458 | val_dice=0.5563 | val_iou=0.4276 | val_f1=0.5563 | val_acc=0.9945 | lr=0.000401
Epoch 321/500 | train_loss=0.1507 | val_dice=0.5646 | val_iou=0.4384 | val_f1=0.5646 | val_acc=0.9946 | lr=0.000399
Epoch 322/500 | train_loss=0.1499 | val_dice=0.5607 | val_iou=0.4342 | val_f1=0.5607 | val_acc=0.9946 | lr=0.000397
Epoch 323/500 | train_loss=0.1589 | val_dice=0.5666 | val_iou=0.4372 | val_f1=0.5666 | val_acc=0.9947 | lr=0.000395
Epoch 324/500 | train_loss=0.1492 | val_dice=0.5545 | val_iou=0.4283 | val_f1=0.5545 | val_acc=0.9948 | lr=0.000393
Epoch 325/500 | train_loss=0.1539 | val_dice=0.5632 | val_iou=0.4363 | val_f1=0.5632 | val_acc=0.9949 | lr=0.000391
Epoch 326/500 | train_loss=0.1500 | val_dice=0.5654 | val_iou=0.4389 | val_f1=0.5654 | val_acc=0.9947 | lr=0.000389
Epoch 327/500 | train_loss=0.1529 | val_dice=0.5670 | val_iou=0.4406 | val_f1=0.5670 | val_acc=0.9950 | lr=0.000387
Epoch 328/500 | train_loss=0.1582 | val_dice=0.5598 | val_iou=0.4315 | val_f1=0.5598 | val_acc=0.9946 | lr=0.000385
Epoch 329/500 | train_loss=0.1403 | val_dice=0.5676 | val_iou=0.4404 | val_f1=0.5676 | val_acc=0.9952 | lr=0.000383
Epoch 330/500 | train_loss=0.1585 | val_dice=0.5517 | val_iou=0.4256 | val_f1=0.5517 | val_acc=0.9940 | lr=0.000381
Epoch 331/500 | train_loss=0.1500 | val_dice=0.5675 | val_iou=0.4419 | val_f1=0.5675 | val_acc=0.9947 | lr=0.000379
Epoch 332/500 | train_loss=0.1405 | val_dice=0.5637 | val_iou=0.4379 | val_f1=0.5637 | val_acc=0.9948 | lr=0.000377
Epoch 333/500 | train_loss=0.1425 | val_dice=0.5641 | val_iou=0.4386 | val_f1=0.5641 | val_acc=0.9952 | lr=0.000375
Epoch 334/500 | train_loss=0.1509 | val_dice=0.5678 | val_iou=0.4414 | val_f1=0.5678 | val_acc=0.9948 | lr=0.000373
Epoch 335/500 | train_loss=0.1465 | val_dice=0.5671 | val_iou=0.4402 | val_f1=0.5671 | val_acc=0.9949 | lr=0.000371
Epoch 336/500 | train_loss=0.1468 | val_dice=0.5745 | val_iou=0.4478 | val_f1=0.5745 | val_acc=0.9948 | lr=0.000369
Epoch 337/500 | train_loss=0.1447 | val_dice=0.5639 | val_iou=0.4374 | val_f1=0.5639 | val_acc=0.9942 | lr=0.000367
Epoch 338/500 | train_loss=0.1422 | val_dice=0.5721 | val_iou=0.4463 | val_f1=0.5721 | val_acc=0.9949 | lr=0.000365
Epoch 339/500 | train_loss=0.1459 | val_dice=0.5619 | val_iou=0.4357 | val_f1=0.5619 | val_acc=0.9947 | lr=0.000363
Epoch 340/500 | train_loss=0.1433 | val_dice=0.5698 | val_iou=0.4431 | val_f1=0.5698 | val_acc=0.9944 | lr=0.000361
Epoch 341/500 | train_loss=0.1377 | val_dice=0.5685 | val_iou=0.4417 | val_f1=0.5685 | val_acc=0.9946 | lr=0.000359
Epoch 342/500 | train_loss=0.1512 | val_dice=0.5630 | val_iou=0.4375 | val_f1=0.5630 | val_acc=0.9948 | lr=0.000357
Epoch 343/500 | train_loss=0.1429 | val_dice=0.5692 | val_iou=0.4434 | val_f1=0.5692 | val_acc=0.9953 | lr=0.000355
Epoch 344/500 | train_loss=0.1468 | val_dice=0.5838 | val_iou=0.4579 | val_f1=0.5838 | val_acc=0.9947 | lr=0.000353
Epoch 345/500 | train_loss=0.1449 | val_dice=0.5686 | val_iou=0.4432 | val_f1=0.5686 | val_acc=0.9948 | lr=0.000351
Epoch 346/500 | train_loss=0.1378 | val_dice=0.5728 | val_iou=0.4461 | val_f1=0.5728 | val_acc=0.9948 | lr=0.000349
Epoch 347/500 | train_loss=0.1438 | val_dice=0.5704 | val_iou=0.4444 | val_f1=0.5704 | val_acc=0.9948 | lr=0.000346
Epoch 348/500 | train_loss=0.1447 | val_dice=0.5595 | val_iou=0.4329 | val_f1=0.5595 | val_acc=0.9946 | lr=0.000344
Epoch 349/500 | train_loss=0.1399 | val_dice=0.5603 | val_iou=0.4336 | val_f1=0.5603 | val_acc=0.9950 | lr=0.000342
Epoch 350/500 | train_loss=0.1395 | val_dice=0.5623 | val_iou=0.4367 | val_f1=0.5623 | val_acc=0.9950 | lr=0.000340
Epoch 351/500 | train_loss=0.1469 | val_dice=0.5612 | val_iou=0.4360 | val_f1=0.5612 | val_acc=0.9948 | lr=0.000338
Epoch 352/500 | train_loss=0.1423 | val_dice=0.5580 | val_iou=0.4311 | val_f1=0.5580 | val_acc=0.9949 | lr=0.000336
Epoch 353/500 | train_loss=0.1462 | val_dice=0.5607 | val_iou=0.4324 | val_f1=0.5607 | val_acc=0.9945 | lr=0.000334
Epoch 354/500 | train_loss=0.1437 | val_dice=0.5703 | val_iou=0.4453 | val_f1=0.5703 | val_acc=0.9953 | lr=0.000332
Epoch 355/500 | train_loss=0.1459 | val_dice=0.5655 | val_iou=0.4406 | val_f1=0.5655 | val_acc=0.9946 | lr=0.000330
Epoch 356/500 | train_loss=0.1448 | val_dice=0.5641 | val_iou=0.4382 | val_f1=0.5641 | val_acc=0.9948 | lr=0.000328
Epoch 357/500 | train_loss=0.1519 | val_dice=0.5698 | val_iou=0.4450 | val_f1=0.5698 | val_acc=0.9946 | lr=0.000326
Epoch 358/500 | train_loss=0.1428 | val_dice=0.5606 | val_iou=0.4346 | val_f1=0.5606 | val_acc=0.9946 | lr=0.000324
Epoch 359/500 | train_loss=0.1385 | val_dice=0.5702 | val_iou=0.4454 | val_f1=0.5702 | val_acc=0.9951 | lr=0.000322
Epoch 360/500 | train_loss=0.1372 | val_dice=0.5622 | val_iou=0.4360 | val_f1=0.5622 | val_acc=0.9943 | lr=0.000320
Epoch 361/500 | train_loss=0.1360 | val_dice=0.5668 | val_iou=0.4408 | val_f1=0.5668 | val_acc=0.9949 | lr=0.000318
Epoch 362/500 | train_loss=0.1408 | val_dice=0.5751 | val_iou=0.4492 | val_f1=0.5751 | val_acc=0.9951 | lr=0.000316
Epoch 363/500 | train_loss=0.1398 | val_dice=0.5731 | val_iou=0.4474 | val_f1=0.5731 | val_acc=0.9950 | lr=0.000314
Epoch 364/500 | train_loss=0.1403 | val_dice=0.5664 | val_iou=0.4397 | val_f1=0.5664 | val_acc=0.9948 | lr=0.000312
Epoch 365/500 | train_loss=0.1403 | val_dice=0.5723 | val_iou=0.4473 | val_f1=0.5723 | val_acc=0.9954 | lr=0.000310
Epoch 366/500 | train_loss=0.1448 | val_dice=0.5616 | val_iou=0.4340 | val_f1=0.5616 | val_acc=0.9949 | lr=0.000308
Epoch 367/500 | train_loss=0.1403 | val_dice=0.5641 | val_iou=0.4362 | val_f1=0.5641 | val_acc=0.9950 | lr=0.000306
Epoch 368/500 | train_loss=0.1343 | val_dice=0.5714 | val_iou=0.4441 | val_f1=0.5714 | val_acc=0.9949 | lr=0.000304
Epoch 369/500 | train_loss=0.1361 | val_dice=0.5644 | val_iou=0.4373 | val_f1=0.5644 | val_acc=0.9948 | lr=0.000302
Epoch 370/500 | train_loss=0.1424 | val_dice=0.5686 | val_iou=0.4424 | val_f1=0.5686 | val_acc=0.9947 | lr=0.000300
Epoch 371/500 | train_loss=0.1332 | val_dice=0.5535 | val_iou=0.4258 | val_f1=0.5535 | val_acc=0.9944 | lr=0.000297
Epoch 372/500 | train_loss=0.1315 | val_dice=0.5722 | val_iou=0.4463 | val_f1=0.5722 | val_acc=0.9949 | lr=0.000295
Epoch 373/500 | train_loss=0.1366 | val_dice=0.5518 | val_iou=0.4262 | val_f1=0.5518 | val_acc=0.9946 | lr=0.000293
Epoch 374/500 | train_loss=0.1370 | val_dice=0.5670 | val_iou=0.4411 | val_f1=0.5670 | val_acc=0.9948 | lr=0.000291
Epoch 375/500 | train_loss=0.1351 | val_dice=0.5635 | val_iou=0.4387 | val_f1=0.5635 | val_acc=0.9946 | lr=0.000289
Epoch 376/500 | train_loss=0.1357 | val_dice=0.5589 | val_iou=0.4314 | val_f1=0.5589 | val_acc=0.9946 | lr=0.000287
Epoch 377/500 | train_loss=0.1388 | val_dice=0.5624 | val_iou=0.4361 | val_f1=0.5624 | val_acc=0.9950 | lr=0.000285
Epoch 378/500 | train_loss=0.1405 | val_dice=0.5637 | val_iou=0.4377 | val_f1=0.5637 | val_acc=0.9948 | lr=0.000283
Epoch 379/500 | train_loss=0.1389 | val_dice=0.5707 | val_iou=0.4456 | val_f1=0.5707 | val_acc=0.9951 | lr=0.000281
Epoch 380/500 | train_loss=0.1329 | val_dice=0.5677 | val_iou=0.4426 | val_f1=0.5677 | val_acc=0.9950 | lr=0.000279
Epoch 381/500 | train_loss=0.1294 | val_dice=0.5688 | val_iou=0.4439 | val_f1=0.5688 | val_acc=0.9948 | lr=0.000277
Epoch 382/500 | train_loss=0.1380 | val_dice=0.5631 | val_iou=0.4395 | val_f1=0.5631 | val_acc=0.9950 | lr=0.000275
Epoch 383/500 | train_loss=0.1353 | val_dice=0.5687 | val_iou=0.4432 | val_f1=0.5687 | val_acc=0.9948 | lr=0.000273
Epoch 384/500 | train_loss=0.1296 | val_dice=0.5663 | val_iou=0.4403 | val_f1=0.5663 | val_acc=0.9947 | lr=0.000271
Epoch 385/500 | train_loss=0.1357 | val_dice=0.5616 | val_iou=0.4363 | val_f1=0.5616 | val_acc=0.9951 | lr=0.000268
Epoch 386/500 | train_loss=0.1355 | val_dice=0.5614 | val_iou=0.4363 | val_f1=0.5614 | val_acc=0.9947 | lr=0.000266
Epoch 387/500 | train_loss=0.1412 | val_dice=0.5776 | val_iou=0.4525 | val_f1=0.5776 | val_acc=0.9952 | lr=0.000264
Epoch 388/500 | train_loss=0.1283 | val_dice=0.5635 | val_iou=0.4397 | val_f1=0.5635 | val_acc=0.9947 | lr=0.000262
Epoch 389/500 | train_loss=0.1327 | val_dice=0.5726 | val_iou=0.4505 | val_f1=0.5726 | val_acc=0.9952 | lr=0.000260
Epoch 390/500 | train_loss=0.1364 | val_dice=0.5548 | val_iou=0.4285 | val_f1=0.5548 | val_acc=0.9943 | lr=0.000258
Epoch 391/500 | train_loss=0.1394 | val_dice=0.5695 | val_iou=0.4435 | val_f1=0.5695 | val_acc=0.9949 | lr=0.000256
Epoch 392/500 | train_loss=0.1348 | val_dice=0.5672 | val_iou=0.4413 | val_f1=0.5672 | val_acc=0.9950 | lr=0.000254
Epoch 393/500 | train_loss=0.1354 | val_dice=0.5621 | val_iou=0.4362 | val_f1=0.5621 | val_acc=0.9946 | lr=0.000252
Epoch 394/500 | train_loss=0.1328 | val_dice=0.5687 | val_iou=0.4443 | val_f1=0.5687 | val_acc=0.9952 | lr=0.000250
Epoch 395/500 | train_loss=0.1253 | val_dice=0.5618 | val_iou=0.4367 | val_f1=0.5618 | val_acc=0.9946 | lr=0.000248
Epoch 396/500 | train_loss=0.1406 | val_dice=0.5602 | val_iou=0.4359 | val_f1=0.5602 | val_acc=0.9948 | lr=0.000245
Epoch 397/500 | train_loss=0.1384 | val_dice=0.5664 | val_iou=0.4422 | val_f1=0.5664 | val_acc=0.9948 | lr=0.000243
Epoch 398/500 | train_loss=0.1242 | val_dice=0.5660 | val_iou=0.4408 | val_f1=0.5660 | val_acc=0.9951 | lr=0.000241
Epoch 399/500 | train_loss=0.1300 | val_dice=0.5628 | val_iou=0.4378 | val_f1=0.5628 | val_acc=0.9946 | lr=0.000239
Epoch 400/500 | train_loss=0.1313 | val_dice=0.5720 | val_iou=0.4463 | val_f1=0.5720 | val_acc=0.9949 | lr=0.000237
Epoch 401/500 | train_loss=0.1314 | val_dice=0.5702 | val_iou=0.4459 | val_f1=0.5702 | val_acc=0.9949 | lr=0.000235
Epoch 402/500 | train_loss=0.1356 | val_dice=0.5748 | val_iou=0.4484 | val_f1=0.5748 | val_acc=0.9949 | lr=0.000233
Epoch 403/500 | train_loss=0.1419 | val_dice=0.5652 | val_iou=0.4399 | val_f1=0.5652 | val_acc=0.9950 | lr=0.000231
Epoch 404/500 | train_loss=0.1346 | val_dice=0.5589 | val_iou=0.4352 | val_f1=0.5589 | val_acc=0.9948 | lr=0.000229
Epoch 405/500 | train_loss=0.1412 | val_dice=0.5684 | val_iou=0.4426 | val_f1=0.5684 | val_acc=0.9949 | lr=0.000226
Epoch 406/500 | train_loss=0.1336 | val_dice=0.5737 | val_iou=0.4476 | val_f1=0.5737 | val_acc=0.9952 | lr=0.000224
Epoch 407/500 | train_loss=0.1294 | val_dice=0.5740 | val_iou=0.4483 | val_f1=0.5740 | val_acc=0.9951 | lr=0.000222
Epoch 408/500 | train_loss=0.1282 | val_dice=0.5727 | val_iou=0.4473 | val_f1=0.5727 | val_acc=0.9951 | lr=0.000220
Epoch 409/500 | train_loss=0.1353 | val_dice=0.5751 | val_iou=0.4496 | val_f1=0.5751 | val_acc=0.9950 | lr=0.000218
Epoch 410/500 | train_loss=0.1303 | val_dice=0.5667 | val_iou=0.4425 | val_f1=0.5667 | val_acc=0.9949 | lr=0.000216
Epoch 411/500 | train_loss=0.1401 | val_dice=0.5657 | val_iou=0.4412 | val_f1=0.5657 | val_acc=0.9949 | lr=0.000214
Epoch 412/500 | train_loss=0.1292 | val_dice=0.5615 | val_iou=0.4363 | val_f1=0.5615 | val_acc=0.9949 | lr=0.000212
Epoch 413/500 | train_loss=0.1249 | val_dice=0.5649 | val_iou=0.4400 | val_f1=0.5649 | val_acc=0.9950 | lr=0.000209
Epoch 414/500 | train_loss=0.1306 | val_dice=0.5679 | val_iou=0.4428 | val_f1=0.5679 | val_acc=0.9950 | lr=0.000207
Epoch 415/500 | train_loss=0.1321 | val_dice=0.5672 | val_iou=0.4429 | val_f1=0.5672 | val_acc=0.9946 | lr=0.000205
Epoch 416/500 | train_loss=0.1276 | val_dice=0.5689 | val_iou=0.4447 | val_f1=0.5689 | val_acc=0.9948 | lr=0.000203
Epoch 417/500 | train_loss=0.1309 | val_dice=0.5659 | val_iou=0.4434 | val_f1=0.5659 | val_acc=0.9951 | lr=0.000201
Epoch 418/500 | train_loss=0.1288 | val_dice=0.5632 | val_iou=0.4395 | val_f1=0.5632 | val_acc=0.9949 | lr=0.000199
Epoch 419/500 | train_loss=0.1419 | val_dice=0.5647 | val_iou=0.4407 | val_f1=0.5647 | val_acc=0.9949 | lr=0.000196
Epoch 420/500 | train_loss=0.1257 | val_dice=0.5652 | val_iou=0.4420 | val_f1=0.5652 | val_acc=0.9953 | lr=0.000194
Epoch 421/500 | train_loss=0.1304 | val_dice=0.5760 | val_iou=0.4514 | val_f1=0.5760 | val_acc=0.9948 | lr=0.000192
Epoch 422/500 | train_loss=0.1288 | val_dice=0.5741 | val_iou=0.4482 | val_f1=0.5741 | val_acc=0.9950 | lr=0.000190
Epoch 423/500 | train_loss=0.1312 | val_dice=0.5805 | val_iou=0.4549 | val_f1=0.5805 | val_acc=0.9951 | lr=0.000188
Epoch 424/500 | train_loss=0.1262 | val_dice=0.5775 | val_iou=0.4523 | val_f1=0.5775 | val_acc=0.9951 | lr=0.000186
Epoch 425/500 | train_loss=0.1386 | val_dice=0.5766 | val_iou=0.4514 | val_f1=0.5766 | val_acc=0.9949 | lr=0.000184
Epoch 426/500 | train_loss=0.1357 | val_dice=0.5770 | val_iou=0.4530 | val_f1=0.5770 | val_acc=0.9949 | lr=0.000181
Epoch 427/500 | train_loss=0.1270 | val_dice=0.5743 | val_iou=0.4498 | val_f1=0.5743 | val_acc=0.9950 | lr=0.000179
Epoch 428/500 | train_loss=0.1351 | val_dice=0.5772 | val_iou=0.4516 | val_f1=0.5772 | val_acc=0.9950 | lr=0.000177
Epoch 429/500 | train_loss=0.1356 | val_dice=0.5732 | val_iou=0.4476 | val_f1=0.5732 | val_acc=0.9950 | lr=0.000175
Epoch 430/500 | train_loss=0.1257 | val_dice=0.5713 | val_iou=0.4464 | val_f1=0.5713 | val_acc=0.9951 | lr=0.000173
Epoch 431/500 | train_loss=0.1301 | val_dice=0.5713 | val_iou=0.4473 | val_f1=0.5713 | val_acc=0.9950 | lr=0.000170
Epoch 432/500 | train_loss=0.1332 | val_dice=0.5796 | val_iou=0.4546 | val_f1=0.5796 | val_acc=0.9950 | lr=0.000168
Epoch 433/500 | train_loss=0.1275 | val_dice=0.5634 | val_iou=0.4385 | val_f1=0.5634 | val_acc=0.9951 | lr=0.000166
Epoch 434/500 | train_loss=0.1240 | val_dice=0.5744 | val_iou=0.4481 | val_f1=0.5744 | val_acc=0.9952 | lr=0.000164
Epoch 435/500 | train_loss=0.1258 | val_dice=0.5706 | val_iou=0.4453 | val_f1=0.5706 | val_acc=0.9949 | lr=0.000162
Epoch 436/500 | train_loss=0.1237 | val_dice=0.5692 | val_iou=0.4441 | val_f1=0.5692 | val_acc=0.9950 | lr=0.000159
Epoch 437/500 | train_loss=0.1289 | val_dice=0.5687 | val_iou=0.4432 | val_f1=0.5687 | val_acc=0.9951 | lr=0.000157
Epoch 438/500 | train_loss=0.1247 | val_dice=0.5728 | val_iou=0.4476 | val_f1=0.5728 | val_acc=0.9951 | lr=0.000155
Epoch 439/500 | train_loss=0.1210 | val_dice=0.5697 | val_iou=0.4452 | val_f1=0.5697 | val_acc=0.9951 | lr=0.000153
Epoch 440/500 | train_loss=0.1220 | val_dice=0.5749 | val_iou=0.4501 | val_f1=0.5749 | val_acc=0.9950 | lr=0.000151
Epoch 441/500 | train_loss=0.1265 | val_dice=0.5688 | val_iou=0.4442 | val_f1=0.5688 | val_acc=0.9952 | lr=0.000148
Epoch 442/500 | train_loss=0.1259 | val_dice=0.5676 | val_iou=0.4436 | val_f1=0.5676 | val_acc=0.9951 | lr=0.000146
Epoch 443/500 | train_loss=0.1227 | val_dice=0.5709 | val_iou=0.4468 | val_f1=0.5709 | val_acc=0.9950 | lr=0.000144
Epoch 444/500 | train_loss=0.1232 | val_dice=0.5719 | val_iou=0.4469 | val_f1=0.5719 | val_acc=0.9951 | lr=0.000142
Epoch 445/500 | train_loss=0.1277 | val_dice=0.5676 | val_iou=0.4432 | val_f1=0.5676 | val_acc=0.9949 | lr=0.000139
Epoch 446/500 | train_loss=0.1277 | val_dice=0.5727 | val_iou=0.4479 | val_f1=0.5727 | val_acc=0.9949 | lr=0.000137
Epoch 447/500 | train_loss=0.1285 | val_dice=0.5712 | val_iou=0.4467 | val_f1=0.5712 | val_acc=0.9951 | lr=0.000135
Epoch 448/500 | train_loss=0.1229 | val_dice=0.5737 | val_iou=0.4489 | val_f1=0.5737 | val_acc=0.9950 | lr=0.000133
Epoch 449/500 | train_loss=0.1331 | val_dice=0.5753 | val_iou=0.4515 | val_f1=0.5753 | val_acc=0.9952 | lr=0.000130
Epoch 450/500 | train_loss=0.1209 | val_dice=0.5719 | val_iou=0.4480 | val_f1=0.5719 | val_acc=0.9952 | lr=0.000128
Epoch 451/500 | train_loss=0.1204 | val_dice=0.5734 | val_iou=0.4497 | val_f1=0.5734 | val_acc=0.9950 | lr=0.000126
Epoch 452/500 | train_loss=0.1226 | val_dice=0.5762 | val_iou=0.4526 | val_f1=0.5762 | val_acc=0.9951 | lr=0.000124
Epoch 453/500 | train_loss=0.1236 | val_dice=0.5767 | val_iou=0.4527 | val_f1=0.5767 | val_acc=0.9950 | lr=0.000121
Epoch 454/500 | train_loss=0.1226 | val_dice=0.5759 | val_iou=0.4523 | val_f1=0.5759 | val_acc=0.9952 | lr=0.000119
Epoch 455/500 | train_loss=0.1205 | val_dice=0.5774 | val_iou=0.4541 | val_f1=0.5774 | val_acc=0.9951 | lr=0.000117
Epoch 456/500 | train_loss=0.1228 | val_dice=0.5720 | val_iou=0.4477 | val_f1=0.5720 | val_acc=0.9951 | lr=0.000115
Epoch 457/500 | train_loss=0.1277 | val_dice=0.5770 | val_iou=0.4532 | val_f1=0.5770 | val_acc=0.9950 | lr=0.000112
Epoch 458/500 | train_loss=0.1249 | val_dice=0.5786 | val_iou=0.4551 | val_f1=0.5786 | val_acc=0.9953 | lr=0.000110
Epoch 459/500 | train_loss=0.1272 | val_dice=0.5776 | val_iou=0.4546 | val_f1=0.5776 | val_acc=0.9950 | lr=0.000108
Epoch 460/500 | train_loss=0.1162 | val_dice=0.5787 | val_iou=0.4551 | val_f1=0.5787 | val_acc=0.9950 | lr=0.000105
Epoch 461/500 | train_loss=0.1231 | val_dice=0.5750 | val_iou=0.4510 | val_f1=0.5750 | val_acc=0.9950 | lr=0.000103
Epoch 462/500 | train_loss=0.1237 | val_dice=0.5771 | val_iou=0.4536 | val_f1=0.5771 | val_acc=0.9950 | lr=0.000101
Epoch 463/500 | train_loss=0.1249 | val_dice=0.5729 | val_iou=0.4490 | val_f1=0.5729 | val_acc=0.9950 | lr=0.000098
Epoch 464/500 | train_loss=0.1289 | val_dice=0.5718 | val_iou=0.4476 | val_f1=0.5718 | val_acc=0.9949 | lr=0.000096
Epoch 465/500 | train_loss=0.1306 | val_dice=0.5767 | val_iou=0.4522 | val_f1=0.5767 | val_acc=0.9951 | lr=0.000094
Epoch 466/500 | train_loss=0.1248 | val_dice=0.5748 | val_iou=0.4512 | val_f1=0.5748 | val_acc=0.9952 | lr=0.000091
Epoch 467/500 | train_loss=0.1245 | val_dice=0.5736 | val_iou=0.4496 | val_f1=0.5736 | val_acc=0.9951 | lr=0.000089
Epoch 468/500 | train_loss=0.1255 | val_dice=0.5724 | val_iou=0.4485 | val_f1=0.5724 | val_acc=0.9952 | lr=0.000087
Epoch 469/500 | train_loss=0.1293 | val_dice=0.5710 | val_iou=0.4475 | val_f1=0.5710 | val_acc=0.9951 | lr=0.000084
Epoch 470/500 | train_loss=0.1199 | val_dice=0.5746 | val_iou=0.4512 | val_f1=0.5746 | val_acc=0.9952 | lr=0.000082
Epoch 471/500 | train_loss=0.1235 | val_dice=0.5736 | val_iou=0.4501 | val_f1=0.5736 | val_acc=0.9952 | lr=0.000079
Epoch 472/500 | train_loss=0.1224 | val_dice=0.5692 | val_iou=0.4457 | val_f1=0.5692 | val_acc=0.9949 | lr=0.000077
Epoch 473/500 | train_loss=0.1234 | val_dice=0.5655 | val_iou=0.4413 | val_f1=0.5655 | val_acc=0.9949 | lr=0.000075
Epoch 474/500 | train_loss=0.1206 | val_dice=0.5677 | val_iou=0.4439 | val_f1=0.5677 | val_acc=0.9950 | lr=0.000072
Epoch 475/500 | train_loss=0.1173 | val_dice=0.5717 | val_iou=0.4475 | val_f1=0.5717 | val_acc=0.9951 | lr=0.000070
Epoch 476/500 | train_loss=0.1225 | val_dice=0.5730 | val_iou=0.4489 | val_f1=0.5730 | val_acc=0.9951 | lr=0.000067
Epoch 477/500 | train_loss=0.1221 | val_dice=0.5709 | val_iou=0.4467 | val_f1=0.5709 | val_acc=0.9952 | lr=0.000065
Epoch 478/500 | train_loss=0.1250 | val_dice=0.5706 | val_iou=0.4467 | val_f1=0.5706 | val_acc=0.9950 | lr=0.000063
Epoch 479/500 | train_loss=0.1250 | val_dice=0.5755 | val_iou=0.4519 | val_f1=0.5755 | val_acc=0.9952 | lr=0.000060
Epoch 480/500 | train_loss=0.1175 | val_dice=0.5761 | val_iou=0.4521 | val_f1=0.5761 | val_acc=0.9951 | lr=0.000058
Epoch 481/500 | train_loss=0.1228 | val_dice=0.5773 | val_iou=0.4539 | val_f1=0.5773 | val_acc=0.9952 | lr=0.000055
Epoch 482/500 | train_loss=0.1194 | val_dice=0.5740 | val_iou=0.4500 | val_f1=0.5740 | val_acc=0.9951 | lr=0.000053
Epoch 483/500 | train_loss=0.1160 | val_dice=0.5732 | val_iou=0.4487 | val_f1=0.5732 | val_acc=0.9953 | lr=0.000050
Epoch 484/500 | train_loss=0.1142 | val_dice=0.5729 | val_iou=0.4487 | val_f1=0.5729 | val_acc=0.9952 | lr=0.000048
Epoch 485/500 | train_loss=0.1236 | val_dice=0.5692 | val_iou=0.4451 | val_f1=0.5692 | val_acc=0.9952 | lr=0.000045
Epoch 486/500 | train_loss=0.1223 | val_dice=0.5707 | val_iou=0.4461 | val_f1=0.5707 | val_acc=0.9951 | lr=0.000043
Epoch 487/500 | train_loss=0.1173 | val_dice=0.5723 | val_iou=0.4481 | val_f1=0.5723 | val_acc=0.9952 | lr=0.000040
Epoch 488/500 | train_loss=0.1216 | val_dice=0.5725 | val_iou=0.4484 | val_f1=0.5725 | val_acc=0.9952 | lr=0.000037
Epoch 489/500 | train_loss=0.1213 | val_dice=0.5748 | val_iou=0.4507 | val_f1=0.5748 | val_acc=0.9952 | lr=0.000035
Epoch 490/500 | train_loss=0.1206 | val_dice=0.5747 | val_iou=0.4506 | val_f1=0.5747 | val_acc=0.9952 | lr=0.000032
Epoch 491/500 | train_loss=0.1186 | val_dice=0.5748 | val_iou=0.4503 | val_f1=0.5748 | val_acc=0.9952 | lr=0.000030
Epoch 492/500 | train_loss=0.1221 | val_dice=0.5732 | val_iou=0.4488 | val_f1=0.5732 | val_acc=0.9952 | lr=0.000027
Epoch 493/500 | train_loss=0.1209 | val_dice=0.5732 | val_iou=0.4489 | val_f1=0.5732 | val_acc=0.9952 | lr=0.000024
Epoch 494/500 | train_loss=0.1236 | val_dice=0.5740 | val_iou=0.4497 | val_f1=0.5740 | val_acc=0.9952 | lr=0.000021
Epoch 495/500 | train_loss=0.1200 | val_dice=0.5733 | val_iou=0.4489 | val_f1=0.5733 | val_acc=0.9952 | lr=0.000019
Epoch 496/500 | train_loss=0.1184 | val_dice=0.5737 | val_iou=0.4493 | val_f1=0.5737 | val_acc=0.9952 | lr=0.000016
Epoch 497/500 | train_loss=0.1183 | val_dice=0.5744 | val_iou=0.4499 | val_f1=0.5744 | val_acc=0.9952 | lr=0.000013
Epoch 498/500 | train_loss=0.1180 | val_dice=0.5749 | val_iou=0.4505 | val_f1=0.5749 | val_acc=0.9952 | lr=0.000010
Epoch 499/500 | train_loss=0.1230 | val_dice=0.5751 | val_iou=0.4507 | val_f1=0.5751 | val_acc=0.9952 | lr=0.000007
Epoch 500/500 | train_loss=0.1204 | val_dice=0.5750 | val_iou=0.4507 | val_f1=0.5750 | val_acc=0.9952 | lr=0.000004
[INFO] Best checkpoint at epoch 344 | val_dice=0.5838
[INFO] Training complete | best_val_dice=0.5838 | last_val_dice=0.5750 | test_dice=0.4207 | total_time=24836s (avg 49.7s/epoch)
